Microchip MPLAB XC8 Compiler V2.10 ()

Linker command line:

-W-3 --edf=C:\Programs\Microchip\xc8\v2.10\pic\dat\en_msgs.txt -cs \
  -h+dist/default/production\clock_big_7seg_red_v2.production.sym \
  --cmf=dist/default/production\clock_big_7seg_red_v2.production.cmf -z \
  -Q18F252 -oC:\Users\Pierre\AppData\Local\Temp\s6o4.2 \
  --defsym=__MPLAB_BUILD=1 \
  -Mdist/default/production/clock_big_7seg_red_v2.production.map -E1 \
  -ver=XC8 --acfsm=1493 -ASTACK=0EFh-05FFh -pstack=STACK \
  -ACODE=00h-03FFFhx2 -ACONST=00h-07FFFh -ASMALLCONST=0600h-06FFhx122 \
  -AMEDIUMCONST=0600h-07FFFh -ACOMRAM=01h-07Fh -AABS1=00h-05FFh \
  -ABIGRAM=01h-05FFh -ARAM=080h-0FFh,0100h-01FFhx5 -ABANK0=080h-0FFh \
  -ABANK1=0100h-01FFh -ABANK2=0200h-02FFh -ABANK3=0300h-03FFh \
  -ABANK4=0400h-04FFh -ABANK5=0500h-05FFh -ASFR=0F80h-0FFFh \
  -preset_vec=00h,intcode=08h,intcodelo,powerup,init -pramtop=0600h \
  -psmallconst=SMALLCONST -pmediumconst=MEDIUMCONST -pconst=CONST \
  -AFARRAM=00h-00h -ACONFIG=0300000h-030000Dh -pconfig=CONFIG \
  -AIDLOC=0200000h-0200007h -pidloc=IDLOC -AEEDATA=0F00000h-0F000FFh \
  -peeprom_data=EEDATA \
  -prdata=COMRAM,nvrram=COMRAM,nvbit=COMRAM,rbss=COMRAM,rbit=COMRAM \
  -pfarbss=FARRAM,fardata=FARRAM,nvFARRAM=FARRAM \
  -pintsave_regs=BIGRAM,bigbss=BIGRAM,bigdata=BIGRAM -pbss=RAM \
  -pidata=CODE,irdata=CODE,ibigdata=CODE,ifardata=CODE -prparam=COMRAM \
  C:\Users\Pierre\AppData\Local\Temp\s6o4.o \
  dist/default/production\clock_big_7seg_red_v2.production.o 

Object code version is 3.11

Machine type is 18F252

Call graph: (short form)




                Name                               Link     Load   Length Selector   Space Scale
C:\Users\Pierre\AppData\Local\Temp\s6o4.o
                text                               2836     2836        2     1403       0
                init                                332      332        4        4       0
                reset_vec                             0        0        6        0       0
                idloc                            200000   200000        8   200000       0
                config                           300000   300000        E   300000       0
dist/default/production\clock_big_7seg_red_v2.production.o
                intcode                               8        8      32A        4       0
                temp                                 61       61        1        1       1
                smallconst                          600      600       8C      300       0
                text35                             2666     2666       4C      346       0
                text34                             261A     261A       4C      346       0
                text33                             2492     2492       58      346       0
                text32                             243A     243A       58      346       0
                text31                             1EA2     1EA2       F0      346       0
                text30                             2078     2078       DC      346       0
                text29                             26F8     26F8       46      346       0
                text28                             27CE     27CE       1E      346       0
                text27                             27B0     27B0       1E      346       0
                text26                             2330     2330       5A      346       0
                text25                             281E     281E       18     1403       0
                text24                             195A     195A      1DA      346       0
                text22                             25CE     25CE       4C      346       0
                text21                             2582     2582       4C      346       0
                text20                             23E2     23E2       58      346       0
                text19                             2536     2536       4C      346       0
                text18                             24EA     24EA       4C      346       0
                text17                             238A     238A       58      346       0
                text16                             1B34     1B34      13E      346       0
                text15                             2792     2792       1E      346       0
                text14                             2774     2774       1E      346       0
                text13                             22D6     22D6       5A      346       0
                text12                             2806     2806       18     1403       0
                text11                             21FC     21FC       7C      346       0
                text10                             1F92     1F92       E6      346       0
                text9                               68C      68C      5AA      346       0
                text8                              10DA     10DA      434      346       0
                text7                               C36      C36      4A4      346       0
                text6                              1C72     1C72      136      346       0
                text5                              1762     1762      1F8      346       0
                text4                              150E     150E      254      346       0
                text3                              2278     2278       5E      346       0
                text2                              1DA8     1DA8       FA      346       0
                text1                              273E     273E       36      346       0
                text0                              2154     2154       A8      346       0
                cstackCOMRAM                          1        1       4D        1       1
                cstackBANK0                          80       80       51       80       1
                dataBANK0                            D1       D1       19       80       1
                bssBANK0                             EA       EA        5       80       1
                bssCOMRAM                            4E       4E       13        1       1
                cinit                              26B2     26B2       46      346       0
                idataBANK0                         27EC     27EC       19      346       0

TOTAL           Name                               Link     Load   Length     Space
        CLASS   STACK          

        CLASS   CODE           
                intcode                               8        8      32A         0
                text                               2836     2836        2         0
                init                                332      332        4         0
                reset_vec                             0        0        6         0
                text35                             2666     2666       4C         0
                text34                             261A     261A       4C         0
                text33                             2492     2492       58         0
                text32                             243A     243A       58         0
                text31                             1EA2     1EA2       F0         0
                text30                             2078     2078       DC         0
                text29                             26F8     26F8       46         0
                text28                             27CE     27CE       1E         0
                text27                             27B0     27B0       1E         0
                text26                             2330     2330       5A         0
                text25                             281E     281E       18         0
                text24                             195A     195A      1DA         0
                text22                             25CE     25CE       4C         0
                text21                             2582     2582       4C         0
                text20                             23E2     23E2       58         0
                text19                             2536     2536       4C         0
                text18                             24EA     24EA       4C         0
                text17                             238A     238A       58         0
                text16                             1B34     1B34      13E         0
                text15                             2792     2792       1E         0
                text14                             2774     2774       1E         0
                text13                             22D6     22D6       5A         0
                text12                             2806     2806       18         0
                text11                             21FC     21FC       7C         0
                text10                             1F92     1F92       E6         0
                text9                               68C      68C      5AA         0
                text8                              10DA     10DA      434         0
                text7                               C36      C36      4A4         0
                text6                              1C72     1C72      136         0
                text5                              1762     1762      1F8         0
                text4                              150E     150E      254         0
                text3                              2278     2278       5E         0
                text2                              1DA8     1DA8       FA         0
                text1                              273E     273E       36         0
                text0                              2154     2154       A8         0
                cinit                              26B2     26B2       46         0
                idataBANK0                         27EC     27EC       19         0

        CLASS   CONST          

        CLASS   SMALLCONST     
                smallconst                          600      600       8C         0

        CLASS   MEDIUMCONST    

        CLASS   COMRAM         
                temp                                 61       61        1         1
                cstackCOMRAM                          1        1       4D         1
                bssCOMRAM                            4E       4E       13         1

        CLASS   ABS1           

        CLASS   BIGRAM         

        CLASS   RAM            

        CLASS   BANK0          
                cstackBANK0                          80       80       51         1
                dataBANK0                            D1       D1       19         1
                bssBANK0                             EA       EA        5         1

        CLASS   BANK1          

        CLASS   BANK2          

        CLASS   BANK3          

        CLASS   BANK4          

        CLASS   BANK5          

        CLASS   SFR            

        CLASS   FARRAM         

        CLASS   CONFIG         
                config                           300000   300000        E         0

        CLASS   IDLOC          
                idloc                            200000   200000        8         0

        CLASS   EEDATA         



SEGMENTS        Name                           Load    Length   Top    Selector   Space  Class

                reset_vec                      000000  000006  000006         0       0  CODE    
                cstackCOMRAM                   000001  000061  000062         1       1  COMRAM  
                intcode                        000008  00032E  000336         4       0  CODE    
                cstackBANK0                    000080  00006F  0000EF        80       1  BANK0   
                smallconst                     000600  00008C  00068C       300       0  SMALLCON
                text9                          00068C  002179  002805       346       0  CODE    
                text12                         002806  000032  002838      1403       0  CODE    
                idloc                          200000  000008  200008    200000       0  IDLOC   
                config                         300000  00000E  30000E    300000       0  CONFIG  


UNUSED ADDRESS RANGES

        Name                Unused          Largest block    Delta
        BANK0            0000EF-0000FF               11
        BANK1            000100-0001FF              100
        BANK2            000200-0002FF              100
        BANK3            000300-0003FF              100
        BANK4            000400-0004FF              100
        BANK5            000500-0005FF              100
        BIGRAM           000062-00007F               1E
                         0000EF-0005FF              511
        CODE             000006-000007                2
                         000336-0005FF              2CA
                         002805-002805                1
                         002838-007FFF             17C8
        COMRAM           000062-00007F               1E
        CONST            000006-000007                2
                         000336-0005FF              2CA
                         002805-002805                1
                         002838-007FFF             57C8
        EEDATA           F00000-F000FF              100
        MEDIUMCONST      002805-002805                1
                         002838-007FFF             57C8
        RAM              0000EF-0005FF              100
        SFR              000F80-000FFF               80
        SMALLCONST       002805-002805                1
                         002838-007FFF              100
        STACK            0000EF-0005FF              511

                                  Symbol Table

?___awdiv                                                                 cstackCOMRAM 000001
?___awmod                                                                 cstackCOMRAM 000001
?___fladd                                                                 cstackBANK0  000091
?___fldiv                                                                 cstackCOMRAM 000046
?___flmul                                                                 cstackCOMRAM 00002D
?___fltol                                                                 cstackCOMRAM 00001F
?___xxtofl                                                                cstackCOMRAM 00001F
?_ceilf                                                                   cstackBANK0  0000A1
_ADCON1                                                                   (abs)        000FC1
_CCP1CONbits                                                              (abs)        000FBD
_CCP2CONbits                                                              (abs)        000FBA
_CCPR1L                                                                   (abs)        000FBE
_CCPR2L                                                                   (abs)        000FBB
_INTCON                                                                   (abs)        000FF2
_INTCONbits                                                               (abs)        000FF2
_LATCbits                                                                 (abs)        000F8B
_PIE1                                                                     (abs)        000F9D
_PIE1bits                                                                 (abs)        000F9D
_PIR1bits                                                                 (abs)        000F9E
_PORTBbits                                                                (abs)        000F81
_PORTCbits                                                                (abs)        000F82
_PR2                                                                      (abs)        000FCB
_RCONbits                                                                 (abs)        000FD0
_RCREG                                                                    (abs)        000FAE
_RCSTAbits                                                                (abs)        000FAB
_SPBRG                                                                    (abs)        000FAF
_SSPADD                                                                   (abs)        000FC8
_SSPBUF                                                                   (abs)        000FC9
_SSPCON1bits                                                              (abs)        000FC6
_SSPCON2                                                                  (abs)        000FC5
_SSPCON2bits                                                              (abs)        000FC5
_SSPSTATbits                                                              (abs)        000FC7
_T0CONbits                                                                (abs)        000FD5
_T2CONbits                                                                (abs)        000FCA
_TRISA                                                                    (abs)        000F92
_TRISB                                                                    (abs)        000F93
_TRISC                                                                    (abs)        000F94
_TRISCbits                                                                (abs)        000F94
_TXREG                                                                    (abs)        000FAD
_TXSTAbits                                                                (abs)        000FAC
__CFG_BOR$OFF                                                             (abs)        000000
__CFG_LVP$OFF                                                             (abs)        000000
__CFG_OSC$HS                                                              (abs)        000000
__CFG_WDT$OFF                                                             (abs)        000000
__HRAM                                                                    (abs)        000000
__Habs1                                                                   abs1         000000
__Hbank0                                                                  bank0        000000
__Hbank1                                                                  bank1        000000
__Hbank2                                                                  bank2        000000
__Hbank3                                                                  bank3        000000
__Hbank4                                                                  bank4        000000
__Hbank5                                                                  bank5        000000
__Hbigbss                                                                 bigbss       000000
__Hbigdata                                                                bigdata      000000
__Hbigram                                                                 bigram       000000
__Hbss                                                                    bss          000000
__HbssBANK0                                                               bssBANK0     000000
__HbssCOMRAM                                                              bssCOMRAM    000000
__Hcinit                                                                  cinit        000000
__Hclrtext                                                                clrtext      000000
__Hcomram                                                                 comram       000000
__Hconfig                                                                 config       30000E
__Hconst                                                                  const        000000
__HcstackBANK0                                                            cstackBANK0  000000
__HcstackCOMRAM                                                           cstackCOMRAM 000000
__Hdata                                                                   data         000000
__HdataBANK0                                                              dataBANK0    000000
__Heeprom_data                                                            eeprom_data  000000
__Hfarbss                                                                 farbss       000000
__Hfardata                                                                fardata      000000
__Hibigdata                                                               ibigdata     000000
__Hidata                                                                  idata        000000
__HidataBANK0                                                             idataBANK0   000000
__Hidloc                                                                  idloc        200008
__Hifardata                                                               ifardata     000000
__Hinit                                                                   init         000336
__Hintcode                                                                intcode      000332
__Hintcode_body                                                           intcode_body 000000
__Hintcodelo                                                              intcodelo    000332
__Hintentry                                                               intentry     000000
__Hintret                                                                 intret       000000
__Hintsave_regs                                                           intsave_regs 000000
__Hirdata                                                                 irdata       000000
__Hmediumconst                                                            mediumconst  000000
__HnvFARRAM                                                               nvFARRAM     000000
__Hnvbit                                                                  nvbit        000000
__Hnvrram                                                                 nvrram       000000
__Hparam                                                                  rparam       000000
__Hpowerup                                                                powerup      000332
__Hram                                                                    ram          000000
__Hramtop                                                                 ramtop       000600
__Hrbit                                                                   rbit         000000
__Hrbss                                                                   rbss         000000
__Hrdata                                                                  rdata        000000
__Hreset_vec                                                              reset_vec    000006
__Hrparam                                                                 rparam       000000
__Hsfr                                                                    sfr          000000
__Hsmallconst                                                             smallconst   00068C
__Hspace_0                                                                (abs)        30000E
__Hspace_1                                                                (abs)        0000EF
__Hspace_2                                                                (abs)        000000
__Hstack                                                                  stack        000000
__Hstruct                                                                 struct       000000
__Htemp                                                                   temp         000062
__Htext                                                                   text         000000
__Htext0                                                                  text0        000000
__Htext1                                                                  text1        000000
__Htext10                                                                 text10       000000
__Htext11                                                                 text11       000000
__Htext12                                                                 text12       000000
__Htext13                                                                 text13       000000
__Htext14                                                                 text14       000000
__Htext15                                                                 text15       000000
__Htext16                                                                 text16       000000
__Htext17                                                                 text17       000000
__Htext18                                                                 text18       000000
__Htext19                                                                 text19       000000
__Htext2                                                                  text2        000000
__Htext20                                                                 text20       000000
__Htext21                                                                 text21       000000
__Htext22                                                                 text22       000000
__Htext24                                                                 text24       000000
__Htext25                                                                 text25       000000
__Htext26                                                                 text26       000000
__Htext27                                                                 text27       000000
__Htext28                                                                 text28       000000
__Htext29                                                                 text29       000000
__Htext3                                                                  text3        000000
__Htext30                                                                 text30       000000
__Htext31                                                                 text31       000000
__Htext32                                                                 text32       000000
__Htext33                                                                 text33       000000
__Htext34                                                                 text34       000000
__Htext35                                                                 text35       000000
__Htext4                                                                  text4        000000
__Htext5                                                                  text5        000000
__Htext6                                                                  text6        000000
__Htext7                                                                  text7        000000
__Htext8                                                                  text8        000000
__Htext9                                                                  text9        000000
__LRAM                                                                    (abs)        000001
__Labs1                                                                   abs1         000000
__Lbank0                                                                  bank0        000000
__Lbank1                                                                  bank1        000000
__Lbank2                                                                  bank2        000000
__Lbank3                                                                  bank3        000000
__Lbank4                                                                  bank4        000000
__Lbank5                                                                  bank5        000000
__Lbigbss                                                                 bigbss       000000
__Lbigdata                                                                bigdata      000000
__Lbigram                                                                 bigram       000000
__Lbss                                                                    bss          000000
__LbssBANK0                                                               bssBANK0     000000
__LbssCOMRAM                                                              bssCOMRAM    000000
__Lcinit                                                                  cinit        000000
__Lclrtext                                                                clrtext      000000
__Lcomram                                                                 comram       000000
__Lconfig                                                                 config       300000
__Lconst                                                                  const        000000
__LcstackBANK0                                                            cstackBANK0  000000
__LcstackCOMRAM                                                           cstackCOMRAM 000000
__Ldata                                                                   data         000000
__LdataBANK0                                                              dataBANK0    000000
__Leeprom_data                                                            eeprom_data  000000
__Lfarbss                                                                 farbss       000000
__Lfardata                                                                fardata      000000
__Libigdata                                                               ibigdata     000000
__Lidata                                                                  idata        000000
__LidataBANK0                                                             idataBANK0   000000
__Lidloc                                                                  idloc        200000
__Lifardata                                                               ifardata     000000
__Linit                                                                   init         000332
__Lintcode                                                                intcode      000008
__Lintcode_body                                                           intcode_body 000000
__Lintcodelo                                                              intcodelo    000332
__Lintentry                                                               intentry     000000
__Lintret                                                                 intret       000000
__Lintsave_regs                                                           intsave_regs 000000
__Lirdata                                                                 irdata       000000
__Lmediumconst                                                            mediumconst  000000
__LnvFARRAM                                                               nvFARRAM     000000
__Lnvbit                                                                  nvbit        000000
__Lnvrram                                                                 nvrram       000000
__Lparam                                                                  rparam       000000
__Lpowerup                                                                powerup      000332
__Lram                                                                    ram          000000
__Lramtop                                                                 ramtop       000600
__Lrbit                                                                   rbit         000000
__Lrbss                                                                   rbss         000000
__Lrdata                                                                  rdata        000000
__Lreset_vec                                                              reset_vec    000000
__Lrparam                                                                 rparam       000000
__Lsfr                                                                    sfr          000000
__Lsmallconst                                                             smallconst   000600
__Lspace_0                                                                (abs)        000000
__Lspace_1                                                                (abs)        000000
__Lspace_2                                                                (abs)        000000
__Lstack                                                                  stack        000000
__Lstruct                                                                 struct       000000
__Ltemp                                                                   temp         000061
__Ltext                                                                   text         000000
__Ltext0                                                                  text0        000000
__Ltext1                                                                  text1        000000
__Ltext10                                                                 text10       000000
__Ltext11                                                                 text11       000000
__Ltext12                                                                 text12       000000
__Ltext13                                                                 text13       000000
__Ltext14                                                                 text14       000000
__Ltext15                                                                 text15       000000
__Ltext16                                                                 text16       000000
__Ltext17                                                                 text17       000000
__Ltext18                                                                 text18       000000
__Ltext19                                                                 text19       000000
__Ltext2                                                                  text2        000000
__Ltext20                                                                 text20       000000
__Ltext21                                                                 text21       000000
__Ltext22                                                                 text22       000000
__Ltext24                                                                 text24       000000
__Ltext25                                                                 text25       000000
__Ltext26                                                                 text26       000000
__Ltext27                                                                 text27       000000
__Ltext28                                                                 text28       000000
__Ltext29                                                                 text29       000000
__Ltext3                                                                  text3        000000
__Ltext30                                                                 text30       000000
__Ltext31                                                                 text31       000000
__Ltext32                                                                 text32       000000
__Ltext33                                                                 text33       000000
__Ltext34                                                                 text34       000000
__Ltext35                                                                 text35       000000
__Ltext4                                                                  text4        000000
__Ltext5                                                                  text5        000000
__Ltext6                                                                  text6        000000
__Ltext7                                                                  text7        000000
__Ltext8                                                                  text8        000000
__Ltext9                                                                  text9        000000
__S0                                                                      (abs)        30000E
__S1                                                                      (abs)        0000EF
__S2                                                                      (abs)        000000
___awdiv                                                                  text31       001EA2
___awdiv@counter                                                          cstackCOMRAM 000005
___awdiv@dividend                                                         cstackCOMRAM 000001
___awdiv@divisor                                                          cstackCOMRAM 000003
___awdiv@quotient                                                         cstackCOMRAM 000007
___awdiv@sign                                                             cstackCOMRAM 000006
___awmod                                                                  text30       002078
___awmod@counter                                                          cstackCOMRAM 000005
___awmod@dividend                                                         cstackCOMRAM 000001
___awmod@divisor                                                          cstackCOMRAM 000003
___awmod@sign                                                             cstackCOMRAM 000006
___fladd                                                                  text9        00068C
___fladd@a                                                                cstackBANK0  000095
___fladd@aexp                                                             cstackBANK0  00009E
___fladd@b                                                                cstackBANK0  000091
___fladd@bexp                                                             cstackBANK0  00009F
___fladd@grs                                                              cstackBANK0  0000A0
___fladd@signs                                                            cstackBANK0  00009D
___fldiv                                                                  text8        0010DA
___fldiv@a                                                                cstackCOMRAM 00004A
___fldiv@aexp                                                             cstackBANK0  000090
___fldiv@b                                                                cstackCOMRAM 000046
___fldiv@bexp                                                             cstackBANK0  00008F
___fldiv@grs                                                              cstackBANK0  00008B
___fldiv@new_exp                                                          cstackBANK0  000089
___fldiv@rem                                                              cstackBANK0  000084
___fldiv@sign                                                             cstackBANK0  000088
___flmul                                                                  text7        000C36
___flmul@a                                                                cstackCOMRAM 000031
___flmul@aexp                                                             cstackCOMRAM 00003E
___flmul@b                                                                cstackCOMRAM 00002D
___flmul@bexp                                                             cstackCOMRAM 00003F
___flmul@grs                                                              cstackCOMRAM 00003A
___flmul@prod                                                             cstackCOMRAM 000040
___flmul@sign                                                             cstackCOMRAM 000039
___flmul@temp                                                             cstackCOMRAM 000044
___fltol                                                                  text6        001C72
___fltol@exp1                                                             cstackCOMRAM 000028
___fltol@f1                                                               cstackCOMRAM 00001F
___fltol@sign1                                                            cstackCOMRAM 000027
___inthi_sp                                                               stack        000000
___intlo_sp                                                               stack        000000
___param_bank                                                             (abs)        000000
___rparam_used                                                            (abs)        000001
___sp                                                                     stack        000000
___xxtofl                                                                 text5        001762
___xxtofl@arg                                                             cstackCOMRAM 000029
___xxtofl@exp                                                             cstackCOMRAM 000028
___xxtofl@sign                                                            cstackCOMRAM 000027
___xxtofl@val                                                             cstackCOMRAM 00001F
__accesstop                                                               (abs)        000080
__activetblptr                                                            (abs)        000002
__cntErrataNOP_C:\Users\Pierre\AppData\Local\Temp\s6o4.o                  (abs)        000001
__cntErrataNOP_dist/default/production\clock_big_7seg_red_v2.production.o (abs)        00023B
__end_of___awdiv                                                          text31       001F92
__end_of___awmod                                                          text30       002154
__end_of___fladd                                                          text9        000C36
__end_of___fldiv                                                          text8        00150E
__end_of___flmul                                                          text7        0010DA
__end_of___fltol                                                          text6        001DA8
__end_of___xxtofl                                                         text5        00195A
__end_of__initialization                                                  cinit        0026EA
__end_of_bin_2_bcd                                                        text29       00273E
__end_of_ceilf                                                            text4        001762
__end_of_datetime_decrease_days                                           text22       00261A
__end_of_datetime_decrease_hours                                          text21       0025CE
__end_of_datetime_decrease_minutes                                        text20       00243A
__end_of_datetime_increase_days                                           text19       002582
__end_of_datetime_increase_hours                                          text18       002536
__end_of_datetime_increase_minutes                                        text17       0023E2
__end_of_datetime_increase_seconds                                        text32       002492
__end_of_dec_2_bcd                                                        text16       001C72
__end_of_delay_ms                                                         text3        0022D6
__end_of_ds1307_set_time                                                  text24       001B34
__end_of_i2c_start                                                        text15       0027B0
__end_of_i2c_stop                                                         text14       002792
__end_of_i2c_wait_ack                                                     text13       002330
__end_of_i2c_write                                                        text12       00281E
__end_of_main                                                             text0        0021FC
__end_of_pcf8574_write_port                                               text11       002278
__end_of_pwm_set_duty                                                     text10       002078
__end_of_timer2_irq                                                       intcode      000332
__end_of_uart_init                                                        text2        001EA2
__end_of_uart_write                                                       text1        002774
__end_ofi2_datetime_increase_days                                         text35       0026B2
__end_ofi2_datetime_increase_hours                                        text34       002666
__end_ofi2_datetime_increase_minutes                                      text33       0024EA
__end_ofi2_i2c_start                                                      text28       0027EC
__end_ofi2_i2c_stop                                                       text27       0027CE
__end_ofi2_i2c_wait_ack                                                   text26       00238A
__end_ofi2_i2c_write                                                      text25       002836
__initialization                                                          cinit        0026B2
__mediumconst                                                             mediumconst  000000
__pbssBANK0                                                               bssBANK0     0000EA
__pbssCOMRAM                                                              bssCOMRAM    00004E
__pcinit                                                                  cinit        0026B2
__pcstackBANK0                                                            cstackBANK0  000080
__pcstackCOMRAM                                                           cstackCOMRAM 000001
__pdataBANK0                                                              dataBANK0    0000D1
__pidataBANK0                                                             idataBANK0   0027EC
__pintcode                                                                intcode      000008
__psmallconst                                                             smallconst   000600
__ptext0                                                                  text0        002154
__ptext1                                                                  text1        00273E
__ptext10                                                                 text10       001F92
__ptext11                                                                 text11       0021FC
__ptext12                                                                 text12       002806
__ptext13                                                                 text13       0022D6
__ptext14                                                                 text14       002774
__ptext15                                                                 text15       002792
__ptext16                                                                 text16       001B34
__ptext17                                                                 text17       00238A
__ptext18                                                                 text18       0024EA
__ptext19                                                                 text19       002536
__ptext2                                                                  text2        001DA8
__ptext20                                                                 text20       0023E2
__ptext21                                                                 text21       002582
__ptext22                                                                 text22       0025CE
__ptext24                                                                 text24       00195A
__ptext25                                                                 text25       00281E
__ptext26                                                                 text26       002330
__ptext27                                                                 text27       0027B0
__ptext28                                                                 text28       0027CE
__ptext29                                                                 text29       0026F8
__ptext3                                                                  text3        002278
__ptext30                                                                 text30       002078
__ptext31                                                                 text31       001EA2
__ptext32                                                                 text32       00243A
__ptext33                                                                 text33       002492
__ptext34                                                                 text34       00261A
__ptext35                                                                 text35       002666
__ptext4                                                                  text4        00150E
__ptext5                                                                  text5        001762
__ptext6                                                                  text6        001C72
__ptext7                                                                  text7        000C36
__ptext8                                                                  text8        0010DA
__ptext9                                                                  text9        00068C
__ramtop                                                                  ramtop       000600
__size_of___awdiv                                                         (abs)        000000
__size_of___awmod                                                         (abs)        000000
__size_of___fladd                                                         (abs)        000000
__size_of___fldiv                                                         (abs)        000000
__size_of___flmul                                                         (abs)        000000
__size_of___fltol                                                         (abs)        000000
__size_of___xxtofl                                                        (abs)        000000
__size_of_bin_2_bcd                                                       (abs)        000000
__size_of_ceilf                                                           (abs)        000000
__size_of_datetime_decrease_days                                          (abs)        000000
__size_of_datetime_decrease_hours                                         (abs)        000000
__size_of_datetime_decrease_minutes                                       (abs)        000000
__size_of_datetime_increase_days                                          (abs)        000000
__size_of_datetime_increase_hours                                         (abs)        000000
__size_of_datetime_increase_minutes                                       (abs)        000000
__size_of_datetime_increase_seconds                                       (abs)        000000
__size_of_dec_2_bcd                                                       (abs)        000000
__size_of_delay_ms                                                        (abs)        000000
__size_of_ds1307_set_time                                                 (abs)        000000
__size_of_i2c_start                                                       (abs)        000000
__size_of_i2c_stop                                                        (abs)        000000
__size_of_i2c_wait_ack                                                    (abs)        000000
__size_of_i2c_write                                                       (abs)        000000
__size_of_main                                                            (abs)        000000
__size_of_pcf8574_write_port                                              (abs)        000000
__size_of_pwm_set_duty                                                    (abs)        000000
__size_of_timer2_irq                                                      (abs)        000000
__size_of_uart_init                                                       (abs)        000000
__size_of_uart_write                                                      (abs)        000000
__size_ofi2_datetime_increase_days                                        (abs)        000000
__size_ofi2_datetime_increase_hours                                       (abs)        000000
__size_ofi2_datetime_increase_minutes                                     (abs)        000000
__size_ofi2_i2c_start                                                     (abs)        000000
__size_ofi2_i2c_stop                                                      (abs)        000000
__size_ofi2_i2c_wait_ack                                                  (abs)        000000
__size_ofi2_i2c_write                                                     (abs)        000000
__smallconst                                                              smallconst   000600
_addr_flag                                                                bssCOMRAM    000058
_addr_ptr                                                                 bssCOMRAM    000056
_bin_2_bcd                                                                text29       0026F8
_ceilf                                                                    text4        00150E
_data_flag                                                                bssCOMRAM    000057
_datetime_decrease_days                                                   text22       0025CE
_datetime_decrease_hours                                                  text21       002582
_datetime_decrease_minutes                                                text20       0023E2
_datetime_increase_days                                                   text19       002536
_datetime_increase_hours                                                  text18       0024EA
_datetime_increase_minutes                                                text17       00238A
_datetime_increase_seconds                                                text32       00243A
_dec_2_bcd                                                                text16       001B34
_delay_ms                                                                 text3        002278
_ds1307_set_time                                                          text24       00195A
_i2c_start                                                                text15       002792
_i2c_stop                                                                 text14       002774
_i2c_wait_ack                                                             text13       0022D6
_i2c_write                                                                text12       002806
_main                                                                     text0        002154
_pcf8574_write_port                                                       text11       0021FC
_pwm_set_duty                                                             text10       001F92
_t                                                                        bssCOMRAM    00005A
_time_has_changed                                                         bssCOMRAM    000059
_timer2_irq                                                               intcode      000008
_uart_init                                                                text2        001DA8
_uart_write                                                               text1        00273E
_update_7seg                                                              bssBANK0     0000EE
bin_2_bcd@bcd                                                             cstackCOMRAM 000009
bin_2_bcd@bin                                                             cstackCOMRAM 00000D
btemp                                                                     temp         000061
ceilf@F524                                                                bssBANK0     0000EA
ceilf@e                                                                   cstackBANK0  0000AF
ceilf@m                                                                   cstackBANK0  0000AB
ceilf@u                                                                   cstackBANK0  0000B1
ceilf@x                                                                   cstackBANK0  0000A1
datetime_decrease_days@t                                                  cstackCOMRAM 00001F
datetime_decrease_hours@t                                                 cstackCOMRAM 000021
datetime_decrease_minutes@t                                               cstackCOMRAM 000023
datetime_increase_days@t                                                  cstackCOMRAM 00001F
datetime_increase_hours@t                                                 cstackCOMRAM 000022
datetime_increase_minutes@t                                               cstackCOMRAM 000025
datetime_increase_seconds@t                                               cstackCOMRAM 00000A
dec_2_bcd@bcd                                                             cstackCOMRAM 000021
dec_2_bcd@dec                                                             cstackCOMRAM 00001F
delay_ms@i                                                                cstackCOMRAM 000021
delay_ms@k                                                                cstackCOMRAM 000023
delay_ms@loop                                                             cstackCOMRAM 00001F
ds1307_set_time@adr_chip                                                  cstackCOMRAM 00000E
ds1307_set_time@i2c_bus_id                                                cstackCOMRAM 000016
ds1307_set_time@t                                                         cstackCOMRAM 00000F
ds1307_set_time@tmp                                                       cstackCOMRAM 000017
end_of_initialization                                                     cinit        0026EA
i2_datetime_increase_days                                                 text35       002666
i2_datetime_increase_hours                                                text34       00261A
i2_datetime_increase_minutes                                              text33       002492
i2_i2c_start                                                              text28       0027CE
i2_i2c_stop                                                               text27       0027B0
i2_i2c_wait_ack                                                           text26       002330
i2_i2c_write                                                              text25       00281E
i2c_wait_ack@i                                                            cstackCOMRAM 00001F
i2c_write@bus_id                                                          cstackCOMRAM 000021
i2c_write@data                                                            cstackCOMRAM 000020
i2c_write@result                                                          cstackCOMRAM 000022
i2datetime_increase_days@t                                                cstackCOMRAM 000001
i2datetime_increase_hours@t                                               cstackCOMRAM 000004
i2datetime_increase_minutes@t                                             cstackCOMRAM 000007
i2i2c_wait_ack@i                                                          cstackCOMRAM 000001
i2i2c_write@bus_id                                                        cstackCOMRAM 000003
i2i2c_write@data                                                          cstackCOMRAM 000002
i2i2c_write@result                                                        cstackCOMRAM 000004
int$flags                                                                 temp         000061
intlevel0                                                                 text         002836
intlevel1                                                                 text         002836
intlevel2                                                                 text         002836
intlevel3                                                                 text         002836
main@F2662                                                                dataBANK0    0000DF
main@bcd                                                                  cstackBANK0  0000CC
main@segments                                                             cstackBANK0  0000C1
pcf8574_write_port@adr_chip                                               cstackCOMRAM 000023
pcf8574_write_port@data                                                   cstackCOMRAM 000024
pcf8574_write_port@i2c_bus_id                                             cstackCOMRAM 000025
pwm_set_duty@duty                                                         cstackCOMRAM 00001F
pwm_set_duty@pwm_id                                                       cstackCOMRAM 000023
stackhi                                                                   (abs)        0005FF
stacklo                                                                   (abs)        0000EF
start                                                                     init         000332
start_initialization                                                      cinit        0026B2
timer2_irq@CntTmrIncSec                                                   bssCOMRAM    00004E
timer2_irq@CntTmrLedSec                                                   bssCOMRAM    000052
ttemp5                                                                    temp         000062
ttemp6                                                                    temp         000065
ttemp7                                                                    temp         000069
uart_init@UART_BRG                                                        cstackBANK0  0000BB
uart_init@baudrate                                                        cstackBANK0  0000B5
uart_init@opt                                                             cstackBANK0  0000B9
uart_init@uart_id                                                         cstackBANK0  0000BF
uart_write@data                                                           cstackCOMRAM 00001F
uart_write@uart_id                                                        cstackCOMRAM 000020
uart_write_date@F3039                                                     dataBANK0    0000D1
wtemp8                                                                    temp         000062


FUNCTION INFORMATION:

 *************** function _main *****************
 Defined at:
		line 103 in file "main.c"
 Parameters:    Size  Location     Type
		None
 Auto vars:     Size  Location     Type
  segments       11   65[BANK0 ] unsigned char [11]
  bcd             5   76[BANK0 ] unsigned char [5]
 Return value:  Size  Location     Type
                  1    wreg      void 
 Registers used:
		wreg, fsr1l, fsr1h, fsr2l, fsr2h, status,2, status,0, prodl, prodh, cstack
 Tracked objects:
		On entry : 
		On exit  : 
		Unchanged: 
 Data sizes:     COMRAM   BANK0   BANK1   BANK2   BANK3   BANK4   BANK5
      Params:         0       0       0       0       0       0       0
      Locals:         0      16       0       0       0       0       0
      Temps:          0       1       0       0       0       0       0
      Totals:         0      17       0       0       0       0       0
Total ram usage:       17 bytes
 Hardware stack levels required when called:    8
 This function calls:
		_datetime_decrease_hours
		_datetime_decrease_minutes
		_datetime_increase_hours
		_datetime_increase_minutes
		_dec_2_bcd
		_delay_ms
		_pcf8574_write_port
		_pwm_set_duty
		_uart_init
		_uart_write
 This function is called by:
		Startup code after reset
 This function uses a non-reentrant model


 *************** function _uart_write *****************
 Defined at:
		line 212 in file "../../lib_pic/uart.c"
 Parameters:    Size  Location     Type
  uart_id         1    wreg     enum E2932
  data            1   30[COMRAM] unsigned char 
 Auto vars:     Size  Location     Type
  uart_id         1   31[COMRAM] enum E2932
 Return value:  Size  Location     Type
                  1    wreg      enum E2383
 Registers used:
		wreg, status,2
 Tracked objects:
		On entry : 
		On exit  : 
		Unchanged: 
 Data sizes:     COMRAM   BANK0   BANK1   BANK2   BANK3   BANK4   BANK5
      Params:         1       0       0       0       0       0       0
      Locals:         1       0       0       0       0       0       0
      Temps:          0       0       0       0       0       0       0
      Totals:         2       0       0       0       0       0       0
Total ram usage:        2 bytes
 Hardware stack levels used:    1
 Hardware stack levels required when called:    5
 This function calls:
		Nothing
 This function is called by:
		_main
		_uart_write_char
		_uart_write_hexa_u8
		_uart_write_u8
		_uart_write_hexa_u16
		_uart_write_u16
		_uart_write_hexa_u32
		_uart_write_u32
		_uart_write_date
		_uart_write_temperature
 This function uses a non-reentrant model


 *************** function _uart_init *****************
 Defined at:
		line 37 in file "../../lib_pic/uart.c"
 Parameters:    Size  Location     Type
  uart_id         1    wreg     enum E2932
  baudrate        4   53[BANK0 ] unsigned long 
  opt             2   57[BANK0 ] unsigned short 
 Auto vars:     Size  Location     Type
  uart_id         1   63[BANK0 ] enum E2932
  UART_BRG        4   59[BANK0 ] float 
 Return value:  Size  Location     Type
                  1    wreg      enum E2383
 Registers used:
		wreg, status,2, status,0, prodl, prodh, cstack
 Tracked objects:
		On entry : 
		On exit  : 
		Unchanged: 
 Data sizes:     COMRAM   BANK0   BANK1   BANK2   BANK3   BANK4   BANK5
      Params:         0       6       0       0       0       0       0
      Locals:         0       5       0       0       0       0       0
      Temps:          0       0       0       0       0       0       0
      Totals:         0      11       0       0       0       0       0
Total ram usage:       11 bytes
 Hardware stack levels used:    1
 Hardware stack levels required when called:    6
 This function calls:
		___fladd
		___fldiv
		___flmul
		___fltol
		___xxtofl
		_ceilf
		_delay_ms
 This function is called by:
		_main
 This function uses a non-reentrant model


 *************** function _delay_ms *****************
 Defined at:
		line 39 in file "../../lib_misc/delays.c"
 Parameters:    Size  Location     Type
  loop            2   30[COMRAM] unsigned short 
 Auto vars:     Size  Location     Type
  k               2   34[COMRAM] unsigned short 
  i               2   32[COMRAM] unsigned short 
 Return value:  Size  Location     Type
                  1    wreg      void 
 Registers used:
		wreg, status,2, status,0
 Tracked objects:
		On entry : 
		On exit  : 
		Unchanged: 
 Data sizes:     COMRAM   BANK0   BANK1   BANK2   BANK3   BANK4   BANK5
      Params:         2       0       0       0       0       0       0
      Locals:         4       0       0       0       0       0       0
      Temps:          0       0       0       0       0       0       0
      Totals:         6       0       0       0       0       0       0
Total ram usage:        6 bytes
 Hardware stack levels used:    1
 Hardware stack levels required when called:    5
 This function calls:
		Nothing
 This function is called by:
		_main
		_uart_init
		_i2c_init
 This function uses a non-reentrant model


 *************** function _ceilf *****************
 Defined at:
		line 3 in file "C:\Programs\Microchip\xc8\v2.10\pic\sources\c99\common\ceilf.c"
 Parameters:    Size  Location     Type
  x               4   33[BANK0 ] float 
 Auto vars:     Size  Location     Type
  u               4   49[BANK0 ] struct .
  m               4   43[BANK0 ] unsigned long 
  e               2   47[BANK0 ] int 
 Return value:  Size  Location     Type
                  4   33[BANK0 ] float 
 Registers used:
		wreg, status,2, status,0
 Tracked objects:
		On entry : 
		On exit  : 
		Unchanged: 
 Data sizes:     COMRAM   BANK0   BANK1   BANK2   BANK3   BANK4   BANK5
      Params:         0       4       0       0       0       0       0
      Locals:         0      10       0       0       0       0       0
      Temps:          0       6       0       0       0       0       0
      Totals:         0      20       0       0       0       0       0
Total ram usage:       20 bytes
 Hardware stack levels used:    1
 Hardware stack levels required when called:    5
 This function calls:
		Nothing
 This function is called by:
		_uart_init
 This function uses a non-reentrant model


 *************** function ___xxtofl *****************
 Defined at:
		line 10 in file "C:\Programs\Microchip\xc8\v2.10\pic\sources\c99\common\xxtofl.c"
 Parameters:    Size  Location     Type
  sign            1    wreg     unsigned char 
  val             4   30[COMRAM] long 
 Auto vars:     Size  Location     Type
  sign            1   38[COMRAM] unsigned char 
  arg             4   40[COMRAM] unsigned long 
  exp             1   39[COMRAM] unsigned char 
 Return value:  Size  Location     Type
                  4   30[COMRAM] unsigned char 
 Registers used:
		wreg, status,2, status,0
 Tracked objects:
		On entry : 
		On exit  : 
		Unchanged: 
 Data sizes:     COMRAM   BANK0   BANK1   BANK2   BANK3   BANK4   BANK5
      Params:         4       0       0       0       0       0       0
      Locals:         6       0       0       0       0       0       0
      Temps:          4       0       0       0       0       0       0
      Totals:        14       0       0       0       0       0       0
Total ram usage:       14 bytes
 Hardware stack levels used:    1
 Hardware stack levels required when called:    5
 This function calls:
		Nothing
 This function is called by:
		_uart_init
 This function uses a non-reentrant model


 *************** function ___fltol *****************
 Defined at:
		line 43 in file "C:\Programs\Microchip\xc8\v2.10\pic\sources\c99\common\fltol.c"
 Parameters:    Size  Location     Type
  f1              4   30[COMRAM] unsigned char 
 Auto vars:     Size  Location     Type
  exp1            1   39[COMRAM] unsigned char 
  sign1           1   38[COMRAM] unsigned char 
 Return value:  Size  Location     Type
                  4   30[COMRAM] long 
 Registers used:
		wreg, status,2, status,0
 Tracked objects:
		On entry : 
		On exit  : 
		Unchanged: 
 Data sizes:     COMRAM   BANK0   BANK1   BANK2   BANK3   BANK4   BANK5
      Params:         4       0       0       0       0       0       0
      Locals:         2       0       0       0       0       0       0
      Temps:          4       0       0       0       0       0       0
      Totals:        10       0       0       0       0       0       0
Total ram usage:       10 bytes
 Hardware stack levels used:    1
 Hardware stack levels required when called:    5
 This function calls:
		Nothing
 This function is called by:
		_uart_init
 This function uses a non-reentrant model


 *************** function ___flmul *****************
 Defined at:
		line 8 in file "C:\Programs\Microchip\xc8\v2.10\pic\sources\c99\common\sprcmul.c"
 Parameters:    Size  Location     Type
  b               4   44[COMRAM] long 
  a               4   48[COMRAM] long 
 Auto vars:     Size  Location     Type
  prod            4   63[COMRAM] struct .
  grs             4   57[COMRAM] unsigned long 
  temp            2   67[COMRAM] struct .
  bexp            1   62[COMRAM] unsigned char 
  aexp            1   61[COMRAM] unsigned char 
  sign            1   56[COMRAM] unsigned char 
 Return value:  Size  Location     Type
                  4   44[COMRAM] unsigned char 
 Registers used:
		wreg, status,2, status,0, prodl, prodh
 Tracked objects:
		On entry : 
		On exit  : 
		Unchanged: 
 Data sizes:     COMRAM   BANK0   BANK1   BANK2   BANK3   BANK4   BANK5
      Params:         8       0       0       0       0       0       0
      Locals:        13       0       0       0       0       0       0
      Temps:          4       0       0       0       0       0       0
      Totals:        25       0       0       0       0       0       0
Total ram usage:       25 bytes
 Hardware stack levels used:    1
 Hardware stack levels required when called:    5
 This function calls:
		Nothing
 This function is called by:
		_uart_init
 This function uses a non-reentrant model


 *************** function ___fldiv *****************
 Defined at:
		line 11 in file "C:\Programs\Microchip\xc8\v2.10\pic\sources\c99\common\sprcdiv.c"
 Parameters:    Size  Location     Type
  b               4   69[COMRAM] unsigned char 
  a               4   73[COMRAM] unsigned char 
 Auto vars:     Size  Location     Type
  grs             4   11[BANK0 ] unsigned long 
  rem             4    4[BANK0 ] unsigned long 
  new_exp         2    9[BANK0 ] short 
  aexp            1   16[BANK0 ] unsigned char 
  bexp            1   15[BANK0 ] unsigned char 
  sign            1    8[BANK0 ] unsigned char 
 Return value:  Size  Location     Type
                  4   69[COMRAM] unsigned char 
 Registers used:
		wreg, status,2, status,0
 Tracked objects:
		On entry : 
		On exit  : 
		Unchanged: 
 Data sizes:     COMRAM   BANK0   BANK1   BANK2   BANK3   BANK4   BANK5
      Params:         8       0       0       0       0       0       0
      Locals:         0      13       0       0       0       0       0
      Temps:          0       4       0       0       0       0       0
      Totals:         8      17       0       0       0       0       0
Total ram usage:       25 bytes
 Hardware stack levels used:    1
 Hardware stack levels required when called:    5
 This function calls:
		Nothing
 This function is called by:
		_uart_init
 This function uses a non-reentrant model


 *************** function ___fladd *****************
 Defined at:
		line 10 in file "C:\Programs\Microchip\xc8\v2.10\pic\sources\c99\common\sprcadd.c"
 Parameters:    Size  Location     Type
  b               4   17[BANK0 ] unsigned char 
  a               4   21[BANK0 ] unsigned char 
 Auto vars:     Size  Location     Type
  grs             1   32[BANK0 ] unsigned char 
  bexp            1   31[BANK0 ] unsigned char 
  aexp            1   30[BANK0 ] unsigned char 
  signs           1   29[BANK0 ] unsigned char 
 Return value:  Size  Location     Type
                  4   17[BANK0 ] unsigned char 
 Registers used:
		wreg, status,2, status,0
 Tracked objects:
		On entry : 
		On exit  : 
		Unchanged: 
 Data sizes:     COMRAM   BANK0   BANK1   BANK2   BANK3   BANK4   BANK5
      Params:         0       8       0       0       0       0       0
      Locals:         0       4       0       0       0       0       0
      Temps:          0       4       0       0       0       0       0
      Totals:         0      16       0       0       0       0       0
Total ram usage:       16 bytes
 Hardware stack levels used:    1
 Hardware stack levels required when called:    5
 This function calls:
		Nothing
 This function is called by:
		_uart_init
 This function uses a non-reentrant model


 *************** function _pwm_set_duty *****************
 Defined at:
		line 51 in file "../../lib_pic/pwm.c"
 Parameters:    Size  Location     Type
  pwm_id          1    wreg     enum E2390
  duty            2   30[COMRAM] unsigned short 
 Auto vars:     Size  Location     Type
  pwm_id          1   34[COMRAM] enum E2390
 Return value:  Size  Location     Type
                  1    wreg      void 
 Registers used:
		wreg, status,2, status,0
 Tracked objects:
		On entry : 
		On exit  : 
		Unchanged: 
 Data sizes:     COMRAM   BANK0   BANK1   BANK2   BANK3   BANK4   BANK5
      Params:         2       0       0       0       0       0       0
      Locals:         1       0       0       0       0       0       0
      Temps:          2       0       0       0       0       0       0
      Totals:         5       0       0       0       0       0       0
Total ram usage:        5 bytes
 Hardware stack levels used:    1
 Hardware stack levels required when called:    5
 This function calls:
		Nothing
 This function is called by:
		_main
 This function uses a non-reentrant model


 *************** function _pcf8574_write_port *****************
 Defined at:
		line 8 in file "../../lib_comp/pcf8574.c"
 Parameters:    Size  Location     Type
  i2c_bus_id      1    wreg     enum E2394
  adr_chip        1   34[COMRAM] unsigned char 
  data            1   35[COMRAM] unsigned char 
 Auto vars:     Size  Location     Type
  i2c_bus_id      1   36[COMRAM] enum E2394
 Return value:  Size  Location     Type
                  1    wreg      enum E2383
 Registers used:
		wreg, status,2, status,0, cstack
 Tracked objects:
		On entry : 
		On exit  : 
		Unchanged: 
 Data sizes:     COMRAM   BANK0   BANK1   BANK2   BANK3   BANK4   BANK5
      Params:         2       0       0       0       0       0       0
      Locals:         1       0       0       0       0       0       0
      Temps:          0       0       0       0       0       0       0
      Totals:         3       0       0       0       0       0       0
Total ram usage:        3 bytes
 Hardware stack levels used:    1
 Hardware stack levels required when called:    7
 This function calls:
		_i2c_start
		_i2c_stop
		_i2c_write
 This function is called by:
		_main
 This function uses a non-reentrant model


 *************** function _i2c_write *****************
 Defined at:
		line 364 in file "../../lib_pic/i2c.c"
 Parameters:    Size  Location     Type
  bus_id          1    wreg     enum E2394
  data            1   31[COMRAM] unsigned char 
 Auto vars:     Size  Location     Type
  bus_id          1   32[COMRAM] enum E2394
  result          1   33[COMRAM] enum E2383
 Return value:  Size  Location     Type
                  1    wreg      enum E2383
 Registers used:
		wreg, status,2, status,0, cstack
 Tracked objects:
		On entry : 
		On exit  : 
		Unchanged: 
 Data sizes:     COMRAM   BANK0   BANK1   BANK2   BANK3   BANK4   BANK5
      Params:         1       0       0       0       0       0       0
      Locals:         2       0       0       0       0       0       0
      Temps:          0       0       0       0       0       0       0
      Totals:         3       0       0       0       0       0       0
Total ram usage:        3 bytes
 Hardware stack levels used:    1
 Hardware stack levels required when called:    6
 This function calls:
		_i2c_wait_ack
 This function is called by:
		_pcf8574_write_port
		_i2c_read_reg
		_i2c_write_reg
		_ds1307_init
		_pcf8574_read_port
 This function uses a non-reentrant model


 *************** function _i2c_wait_ack *****************
 Defined at:
		line 259 in file "../../lib_pic/i2c.c"
 Parameters:    Size  Location     Type
  bus_id          1    wreg     enum E2394
 Auto vars:     Size  Location     Type
  bus_id          1    0[COMRAM] enum E2394
  i               1   30[COMRAM] unsigned char 
 Return value:  Size  Location     Type
                  1    wreg      enum E2383
 Registers used:
		wreg, status,2, status,0
 Tracked objects:
		On entry : 
		On exit  : 
		Unchanged: 
 Data sizes:     COMRAM   BANK0   BANK1   BANK2   BANK3   BANK4   BANK5
      Params:         0       0       0       0       0       0       0
      Locals:         1       0       0       0       0       0       0
      Temps:          0       0       0       0       0       0       0
      Totals:         1       0       0       0       0       0       0
Total ram usage:        1 bytes
 Hardware stack levels used:    1
 Hardware stack levels required when called:    5
 This function calls:
		Nothing
 This function is called by:
		_i2c_write
 This function uses a non-reentrant model


 *************** function _i2c_stop *****************
 Defined at:
		line 412 in file "../../lib_pic/i2c.c"
 Parameters:    Size  Location     Type
  bus_id          1    wreg     enum E2394
 Auto vars:     Size  Location     Type
  bus_id          1    0[COMRAM] enum E2394
 Return value:  Size  Location     Type
                  1    wreg      enum E2383
 Registers used:
		wreg
 Tracked objects:
		On entry : 
		On exit  : 
		Unchanged: 
[...]
		On exit  : 
		Unchanged: 
 Data sizes:     COMRAM   BANK0   BANK1   BANK2   BANK3   BANK4   BANK5
      Params:         2       0       0       0       0       0       0
      Locals:         0       0       0       0       0       0       0
      Temps:          0       0       0       0       0       0       0
      Totals:         2       0       0       0       0       0       0
Total ram usage:        2 bytes
 Hardware stack levels used:    1
 Hardware stack levels required when called:    6
 This function calls:
		_datetime_decrease_days
 This function is called by:
		_main
		_datetime_decrease_minutes
 This function uses a non-reentrant model


 *************** function _datetime_decrease_days *****************
 Defined at:
		line 83 in file "../../lib_misc/date_time.c"
 Parameters:    Size  Location     Type
  t               2   30[COMRAM] PTR struct .
		 -> t(7), 
 Auto vars:     Size  Location     Type
		None
 Return value:  Size  Location     Type
                  1    wreg      void 
 Registers used:
		wreg, fsr2l, fsr2h, status,2, status,0
 Tracked objects:
		On entry : 
		On exit  : 
		Unchanged: 
 Data sizes:     COMRAM   BANK0   BANK1   BANK2   BANK3   BANK4   BANK5
      Params:         2       0       0       0       0       0       0
      Locals:         0       0       0       0       0       0       0
      Temps:          0       0       0       0       0       0       0
      Totals:         2       0       0       0       0       0       0
Total ram usage:        2 bytes
 Hardware stack levels used:    1
 Hardware stack levels required when called:    5
 This function calls:
		Nothing
 This function is called by:
		_datetime_decrease_hours
 This function uses a non-reentrant model


 *************** function _timer2_irq *****************
 Defined at:
		line 58 in file "main.c"
 Parameters:    Size  Location     Type
		None
 Auto vars:     Size  Location     Type
		None
 Return value:  Size  Location     Type
                  1    wreg      void 
 Registers used:
		wreg, fsr0l, fsr0h, fsr2l, fsr2h, status,2, status,0, prodl, prodh, cstack
 Tracked objects:
		On entry : 
		On exit  : 
		Unchanged: 
 Data sizes:     COMRAM   BANK0   BANK1   BANK2   BANK3   BANK4   BANK5
      Params:         0       0       0       0       0       0       0
      Locals:         0       0       0       0       0       0       0
      Temps:          7       0       0       0       0       0       0
      Totals:         7       0       0       0       0       0       0
Total ram usage:        7 bytes
 Hardware stack levels used:    1
 Hardware stack levels required when called:    4
 This function calls:
		_datetime_increase_seconds
		_ds1307_set_time
 This function is called by:
		Interrupt level 2
 This function uses a non-reentrant model


 *************** function _ds1307_set_time *****************
 Defined at:
		line 74 in file "../../lib_comp/ds1307.c"
 Parameters:    Size  Location     Type
  i2c_bus_id      1    wreg     enum E2448
  adr_chip        1   13[COMRAM] unsigned char 
  t               7   14[COMRAM] struct .
 Auto vars:     Size  Location     Type
  i2c_bus_id      1   21[COMRAM] enum E2448
  tmp             1   22[COMRAM] unsigned char 
 Return value:  Size  Location     Type
                  1    wreg      enum E2383
 Registers used:
		wreg, fsr2l, fsr2h, status,2, status,0, prodl, prodh, cstack
 Tracked objects:
		On entry : 
		On exit  : 
		Unchanged: 
 Data sizes:     COMRAM   BANK0   BANK1   BANK2   BANK3   BANK4   BANK5
      Params:         8       0       0       0       0       0       0
      Locals:         2       0       0       0       0       0       0
      Temps:          0       0       0       0       0       0       0
      Totals:        10       0       0       0       0       0       0
Total ram usage:       10 bytes
 Hardware stack levels used:    1
 Hardware stack levels required when called:    2
 This function calls:
		_bin_2_bcd
		i2_i2c_start
		i2_i2c_stop
		i2_i2c_write
 This function is called by:
		_timer2_irq
 This function uses a non-reentrant model


 *************** function i2_i2c_write *****************
 Defined at:
		line 364 in file "../../lib_pic/i2c.c"
 Parameters:    Size  Location     Type
  bus_id          1    wreg     enum E2394
  data            1    1[COMRAM] unsigned char 
 Auto vars:     Size  Location     Type
  bus_id          1    2[COMRAM] enum E2394
  i2c_write       1    3[COMRAM] enum E2383
 Return value:  Size  Location     Type
                  1    wreg      enum E2383
 Registers used:
		wreg, status,2, status,0, cstack
 Tracked objects:
		On entry : 
		On exit  : 
		Unchanged: 
 Data sizes:     COMRAM   BANK0   BANK1   BANK2   BANK3   BANK4   BANK5
      Params:         1       0       0       0       0       0       0
      Locals:         2       0       0       0       0       0       0
      Temps:          0       0       0       0       0       0       0
      Totals:         3       0       0       0       0       0       0
Total ram usage:        3 bytes
 Hardware stack levels used:    1
 Hardware stack levels required when called:    1
 This function calls:
		i2_i2c_wait_ack
 This function is called by:
		_ds1307_set_time
 This function uses a non-reentrant model


 *************** function i2_i2c_wait_ack *****************
 Defined at:
		line 259 in file "../../lib_pic/i2c.c"
 Parameters:    Size  Location     Type
  bus_id          1    wreg     enum E2394
 Auto vars:     Size  Location     Type
  bus_id          1  (no storage) enum E2394
  i2c_wait_ack    1    0[COMRAM] unsigned char 
 Return value:  Size  Location     Type
                  1    wreg      enum E2383
 Registers used:
		wreg, status,2, status,0
 Tracked objects:
		On entry : 
		On exit  : 
		Unchanged: 
 Data sizes:     COMRAM   BANK0   BANK1   BANK2   BANK3   BANK4   BANK5
      Params:         0       0       0       0       0       0       0
      Locals:         1       0       0       0       0       0       0
      Temps:          0       0       0       0       0       0       0
      Totals:         1       0       0       0       0       0       0
Total ram usage:        1 bytes
 Hardware stack levels used:    1
 This function calls:
		Nothing
 This function is called by:
		i2_i2c_write
 This function uses a non-reentrant model


 *************** function i2_i2c_stop *****************
 Defined at:
		line 412 in file "../../lib_pic/i2c.c"
 Parameters:    Size  Location     Type
  bus_id          1    wreg     enum E2394
 Auto vars:     Size  Location     Type
  bus_id          1  (no storage) enum E2394
 Return value:  Size  Location     Type
                  1    wreg      enum E2383
 Registers used:
		wreg
 Tracked objects:
		On entry : 
		On exit  : 
		Unchanged: 
 Data sizes:     COMRAM   BANK0   BANK1   BANK2   BANK3   BANK4   BANK5
      Params:         0       0       0       0       0       0       0
      Locals:         0       0       0       0       0       0       0
      Temps:          0       0       0       0       0       0       0
      Totals:         0       0       0       0       0       0       0
Total ram usage:        0 bytes
 Hardware stack levels used:    1
 This function calls:
		Nothing
 This function is called by:
		_ds1307_set_time
 This function uses a non-reentrant model


 *************** function i2_i2c_start *****************
 Defined at:
		line 137 in file "../../lib_pic/i2c.c"
 Parameters:    Size  Location     Type
  bus_id          1    wreg     enum E2394
 Auto vars:     Size  Location     Type
  bus_id          1  (no storage) enum E2394
  i2c_start       1    0        enum E2383
 Return value:  Size  Location     Type
                  1    wreg      enum E2383
 Registers used:
		wreg, status,2
 Tracked objects:
		On entry : 
		On exit  : 
		Unchanged: 
 Data sizes:     COMRAM   BANK0   BANK1   BANK2   BANK3   BANK4   BANK5
      Params:         0       0       0       0       0       0       0
      Locals:         1       0       0       0       0       0       0
      Temps:          0       0       0       0       0       0       0
      Totals:         1       0       0       0       0       0       0
Total ram usage:        1 bytes
 Hardware stack levels used:    1
 This function calls:
		Nothing
 This function is called by:
		_ds1307_set_time
 This function uses a non-reentrant model


 *************** function _bin_2_bcd *****************
 Defined at:
		line 124 in file "../../lib_misc/bcd.c"
 Parameters:    Size  Location     Type
  bin             1    wreg     unsigned char 
  bcd             2    8[COMRAM] PTR unsigned char 
		 -> ds1307_set_time@tmp(1), 
 Auto vars:     Size  Location     Type
  bin             1   12[COMRAM] unsigned char 
 Return value:  Size  Location     Type
                  1    wreg      void 
 Registers used:
		wreg, fsr2l, fsr2h, status,2, status,0, prodl, prodh, cstack
 Tracked objects:
		On entry : 
		On exit  : 
		Unchanged: 
 Data sizes:     COMRAM   BANK0   BANK1   BANK2   BANK3   BANK4   BANK5
      Params:         2       0       0       0       0       0       0
      Locals:         1       0       0       0       0       0       0
      Temps:          2       0       0       0       0       0       0
      Totals:         5       0       0       0       0       0       0
Total ram usage:        5 bytes
 Hardware stack levels used:    1
 Hardware stack levels required when called:    1
 This function calls:
		___awdiv
		___awmod
 This function is called by:
		_ds1307_set_time
 This function uses a non-reentrant model


 *************** function ___awmod *****************
 Defined at:
		line 7 in file "C:\Programs\Microchip\xc8\v2.10\pic\sources\c99\common\awmod.c"
 Parameters:    Size  Location     Type
  dividend        2    0[COMRAM] int 
  divisor         2    2[COMRAM] int 
 Auto vars:     Size  Location     Type
  sign            1    5[COMRAM] unsigned char 
  counter         1    4[COMRAM] unsigned char 
 Return value:  Size  Location     Type
                  2    0[COMRAM] int 
 Registers used:
		wreg, status,2, status,0
 Tracked objects:
		On entry : 
		On exit  : 
		Unchanged: 
 Data sizes:     COMRAM   BANK0   BANK1   BANK2   BANK3   BANK4   BANK5
      Params:         4       0       0       0       0       0       0
      Locals:         2       0       0       0       0       0       0
      Temps:          0       0       0       0       0       0       0
      Totals:         6       0       0       0       0       0       0
Total ram usage:        6 bytes
 Hardware stack levels used:    1
 This function calls:
		Nothing
 This function is called by:
		_bin_2_bcd
 This function uses a non-reentrant model


 *************** function ___awdiv *****************
 Defined at:
		line 7 in file "C:\Programs\Microchip\xc8\v2.10\pic\sources\c99\common\awdiv.c"
 Parameters:    Size  Location     Type
  dividend        2    0[COMRAM] int 
  divisor         2    2[COMRAM] int 
 Auto vars:     Size  Location     Type
  quotient        2    6[COMRAM] int 
  sign            1    5[COMRAM] unsigned char 
  counter         1    4[COMRAM] unsigned char 
 Return value:  Size  Location     Type
                  2    0[COMRAM] int 
 Registers used:
		wreg, status,2, status,0
 Tracked objects:
		On entry : 
		On exit  : 
		Unchanged: 
 Data sizes:     COMRAM   BANK0   BANK1   BANK2   BANK3   BANK4   BANK5
      Params:         4       0       0       0       0       0       0
      Locals:         4       0       0       0       0       0       0
      Temps:          0       0       0       0       0       0       0
      Totals:         8       0       0       0       0       0       0
Total ram usage:        8 bytes
 Hardware stack levels used:    1
 This function calls:
		Nothing
 This function is called by:
		_bin_2_bcd
 This function uses a non-reentrant model


 *************** function _datetime_increase_seconds *****************
 Defined at:
		line 18 in file "../../lib_misc/date_time.c"
 Parameters:    Size  Location     Type
  t               2    9[COMRAM] PTR struct .
		 -> t(7), 
 Auto vars:     Size  Location     Type
		None
 Return value:  Size  Location     Type
                  1    wreg      void 
 Registers used:
		wreg, fsr2l, fsr2h, status,2, status,0, cstack
 Tracked objects:
		On entry : 
		On exit  : 
		Unchanged: 
 Data sizes:     COMRAM   BANK0   BANK1   BANK2   BANK3   BANK4   BANK5
      Params:         2       0       0       0       0       0       0
      Locals:         0       0       0       0       0       0       0
      Temps:          1       0       0       0       0       0       0
      Totals:         3       0       0       0       0       0       0
Total ram usage:        3 bytes
 Hardware stack levels used:    1
 Hardware stack levels required when called:    3
 This function calls:
		i2_datetime_increase_minutes
 This function is called by:
		_timer2_irq
 This function uses a non-reentrant model


 *************** function i2_datetime_increase_minutes *****************
 Defined at:
		line 44 in file "../../lib_misc/date_time.c"
 Parameters:    Size  Location     Type
  t               2    6[COMRAM] PTR struct .
		 -> t(7), 
 Auto vars:     Size  Location     Type
		None
 Return value:  Size  Location     Type
                  1    wreg      void 
 Registers used:
		wreg, fsr2l, fsr2h, status,2, status,0, cstack
 Tracked objects:
		On entry : 
		On exit  : 
		Unchanged: 
 Data sizes:     COMRAM   BANK0   BANK1   BANK2   BANK3   BANK4   BANK5
      Params:         2       0       0       0       0       0       0
      Locals:         0       0       0       0       0       0       0
      Temps:          1       0       0       0       0       0       0
      Totals:         3       0       0       0       0       0       0
Total ram usage:        3 bytes
 Hardware stack levels used:    1
 Hardware stack levels required when called:    2
 This function calls:
		i2_datetime_increase_hours
 This function is called by:
		_datetime_increase_seconds
 This function uses a non-reentrant model


 *************** function i2_datetime_increase_hours *****************
 Defined at:
		line 70 in file "../../lib_misc/date_time.c"
 Parameters:    Size  Location     Type
  t               2    3[COMRAM] PTR struct .
		 -> t(7), 
 Auto vars:     Size  Location     Type
		None
 Return value:  Size  Location     Type
                  1    wreg      void 
 Registers used:
		wreg, fsr2l, fsr2h, status,2, status,0, cstack
 Tracked objects:
		On entry : 
		On exit  : 
		Unchanged: 
 Data sizes:     COMRAM   BANK0   BANK1   BANK2   BANK3   BANK4   BANK5
      Params:         2       0       0       0       0       0       0
      Locals:         0       0       0       0       0       0       0
      Temps:          1       0       0       0       0       0       0
      Totals:         3       0       0       0       0       0       0
Total ram usage:        3 bytes
 Hardware stack levels used:    1
 Hardware stack levels required when called:    1
 This function calls:
		i2_datetime_increase_days
 This function is called by:
		i2_datetime_increase_minutes
 This function uses a non-reentrant model


 *************** function i2_datetime_increase_days *****************
 Defined at:
		line 95 in file "../../lib_misc/date_time.c"
 Parameters:    Size  Location     Type
  t               2    0[COMRAM] PTR struct .
		 -> t(7), 
 Auto vars:     Size  Location     Type
		None
 Return value:  Size  Location     Type
                  1    wreg      void 
 Registers used:
		wreg, fsr2l, fsr2h, status,2, status,0
 Tracked objects:
		On entry : 
		On exit  : 
		Unchanged: 
 Data sizes:     COMRAM   BANK0   BANK1   BANK2   BANK3   BANK4   BANK5
      Params:         2       0       0       0       0       0       0
      Locals:         0       0       0       0       0       0       0
      Temps:          1       0       0       0       0       0       0
      Totals:         3       0       0       0       0       0       0
Total ram usage:        3 bytes
 Hardware stack levels used:    1
 This function calls:
		Nothing
 This function is called by:
		i2_datetime_increase_hours
 This function uses a non-reentrant model



MODULE INFORMATION

Module		Function		Class		Link	Load	Size
../../lib_pic/uart.c
		_uart_write    		CODE           	273E	0000	55
		_uart_init     		CODE           	1DA8	0000	251

../../lib_pic/uart.c estimated size: 306

../../lib_misc/delays.c
		_delay_ms      		CODE           	2278	0000	95

../../lib_misc/delays.c estimated size: 95

../../lib_comp/ds1307.c
		_ds1307_set_time		CODE           	195A	0000	475

../../lib_comp/ds1307.c estimated size: 475

C:\Programs\Microchip\xc8\v2.10\pic\sources\c99\common\sprcadd.c
		___fladd       		CODE           	068C	0000	1451

C:\Programs\Microchip\xc8\v2.10\pic\sources\c99\common\sprcadd.c estimated size: 1451

C:\Programs\Microchip\xc8\v2.10\pic\sources\c99\common\xxtofl.c
		___xxtofl      		CODE           	1762	0000	505

C:\Programs\Microchip\xc8\v2.10\pic\sources\c99\common\xxtofl.c estimated size: 505

../../lib_comp/pcf8574.c
		_pcf8574_write_port		CODE           	21FC	0000	125

../../lib_comp/pcf8574.c estimated size: 125

../../lib_pic/i2c.c
		_i2c_start     		CODE           	2792	0000	31
		_i2c_write     		CODE           	2806	0000	25
		_i2c_stop      		CODE           	2774	0000	31
		_i2c_wait_ack  		CODE           	22D6	0000	91

../../lib_pic/i2c.c estimated size: 178

C:\Programs\Microchip\xc8\v2.10\pic\sources\c99\common\awmod.c
		___awmod       		CODE           	2078	0000	221

C:\Programs\Microchip\xc8\v2.10\pic\sources\c99\common\awmod.c estimated size: 221

../../lib_misc/bcd.c
		_dec_2_bcd     		CODE           	1B34	0000	319
		_bin_2_bcd     		CODE           	26F8	0000	71

../../lib_misc/bcd.c estimated size: 390

../../lib_pic/pwm.c
		_pwm_set_duty  		CODE           	1F92	0000	231

../../lib_pic/pwm.c estimated size: 231

C:\Programs\Microchip\xc8\v2.10\pic\sources\c99\common\ceilf.c
		_ceilf         		CODE           	150E	0000	597

C:\Programs\Microchip\xc8\v2.10\pic\sources\c99\common\ceilf.c estimated size: 597

../../lib_misc/date_time.c
		_datetime_decrease_days		CODE           	25CE	0000	77
		_datetime_increase_days		CODE           	2536	0000	77
		_datetime_decrease_hours		CODE           	2582	0000	77
		_datetime_increase_hours		CODE           	24EA	0000	77
		_datetime_increase_seconds		CODE           	243A	0000	89
		_datetime_decrease_minutes		CODE           	23E2	0000	89
		_datetime_increase_minutes		CODE           	238A	0000	89

../../lib_misc/date_time.c estimated size: 575

C:\Programs\Microchip\xc8\v2.10\pic\sources\c99\common\fltol.c
		___fltol       		CODE           	1C72	0000	311

C:\Programs\Microchip\xc8\v2.10\pic\sources\c99\common\fltol.c estimated size: 311

shared
		i2_i2c_write   		CODE           	281E	0000	25
		i2_i2c_stop    		CODE           	27B0	0000	31
		i2_i2c_wait_ack		CODE           	2330	0000	91
		i2_i2c_start   		CODE           	27CE	0000	31
		__initialization		CODE           	26B2	0000	57
		i2_datetime_increase_hours		CODE           	261A	0000	77
		i2_datetime_increase_minutes		CODE           	2492	0000	89
		i2_datetime_increase_days		CODE           	2666	0000	77

shared estimated size: 478

C:\Programs\Microchip\xc8\v2.10\pic\sources\c99\common\sprcmul.c
		___flmul       		CODE           	0C36	0000	1189

C:\Programs\Microchip\xc8\v2.10\pic\sources\c99\common\sprcmul.c estimated size: 1189

C:\Programs\Microchip\xc8\v2.10\pic\sources\c99\common\awdiv.c
		___awdiv       		CODE           	1EA2	0000	241

C:\Programs\Microchip\xc8\v2.10\pic\sources\c99\common\awdiv.c estimated size: 241

C:\Programs\Microchip\xc8\v2.10\pic\sources\c99\common\sprcdiv.c
		___fldiv       		CODE           	10DA	0000	1077

C:\Programs\Microchip\xc8\v2.10\pic\sources\c99\common\sprcdiv.c estimated size: 1077

main.c
		_timer2_irq    		CODE           	0008	0000	811
		_main          		CODE           	2154	0000	169

main.c estimated size: 980

