Microchip MPLAB XC8 Compiler V2.10 ()

Linker command line:

-W-3 --edf=C:\Programs\Microchip\xc8\v2.10\pic\dat\en_msgs.txt -cs \
  -h+dist/default/production\pitechoid_pic18_dip28_ref.production.sym \
  --cmf=dist/default/production\pitechoid_pic18_dip28_ref.production.cmf -z \
  -Q18F252 -oC:\Users\Pierre\AppData\Local\Temp\s6s0.2 \
  --defsym=__MPLAB_BUILD=1 \
  -Mdist/default/production/pitechoid_pic18_dip28_ref.production.map -E1 \
  -ver=XC8 --acfsm=1493 -ASTACK=0200h-05FFh -pstack=STACK \
  -ACODE=00h-03FFFhx2 -ACONST=00h-07FFFh -ASMALLCONST=0600h-06FFhx122 \
  -AMEDIUMCONST=0600h-07FFFh -ACOMRAM=01h-07Fh -AABS1=00h-05FFh \
  -ABIGRAM=01h-05FFh -ARAM=080h-0FFh,0100h-01FFhx5 -ABANK0=080h-0FFh \
  -ABANK1=0100h-01FFh -ABANK2=0200h-02FFh -ABANK3=0300h-03FFh \
  -ABANK4=0400h-04FFh -ABANK5=0500h-05FFh -ASFR=0F80h-0FFFh \
  -preset_vec=00h,intcode=08h,intcodelo,powerup,init -pramtop=0600h \
  -psmallconst=SMALLCONST -pmediumconst=MEDIUMCONST -pconst=CONST \
  -AFARRAM=00h-00h -ACONFIG=0300000h-030000Dh -pconfig=CONFIG \
  -AIDLOC=0200000h-0200007h -pidloc=IDLOC -AEEDATA=0F00000h-0F000FFh \
  -peeprom_data=EEDATA \
  -prdata=COMRAM,nvrram=COMRAM,nvbit=COMRAM,rbss=COMRAM,rbit=COMRAM \
  -pfarbss=FARRAM,fardata=FARRAM,nvFARRAM=FARRAM \
  -pintsave_regs=BIGRAM,bigbss=BIGRAM,bigdata=BIGRAM -pbss=RAM \
  -pidata=CODE,irdata=CODE,ibigdata=CODE,ifardata=CODE -prparam=COMRAM \
  C:\Users\Pierre\AppData\Local\Temp\s6s0.o \
  dist/default/production\pitechoid_pic18_dip28_ref.production.o 

Object code version is 3.11

Machine type is 18F252

Call graph: (short form)




                Name                               Link     Load   Length Selector   Space Scale
C:\Users\Pierre\AppData\Local\Temp\s6s0.o
                text                               28EA     28EA        2     13D3       0
                init                                2C2      2C2        4        4       0
                reset_vec                             0        0        6        0       0
                idloc                            200000   200000        8   200000       0
                config                           300000   300000        E   300000       0
dist/default/production\pitechoid_pic18_dip28_ref.production.o
                intcode                               8        8      2BA        4       0
                temp                                 68       68        1        1       1
                mediumconst                        7E4A     7E4A      1B6     3F25       0
                text38                             2692     2692       4C        4       0
                text37                             2646     2646       4C        4       0
                text36                             2550     2550       58        4       0
                text35                             24F8     24F8       58        4       0
                text34                             1F3E     1F3E       BE        4       0
                text33                             23E8     23E8       5E        4       0
                text32                             2370     2370       78        4       0
                text31                             281A     281A       38     13D3       0
                text30                             18D4     18D4      16A        4       0
                text29                             20B0     20B0       A0        4       0
                text28                             1CB2     1CB2       FA        4       0
                text27                             1FFC     1FFC       B4        4       0
                text26                             1A3E     1A3E      13E        4       0
                text25                             2724     2724       42        4       0
                text24                             25F8     25F8       4E        4       0
                text23                             175C     175C      178        4       0
                text22                             27A6     27A6       3C     13D3       0
                text21                             26DE     26DE       46        4       0
                text20                             28B4     28B4       1E     13D3       0
                text19                             2896     2896       1E     13D3       0
                text18                             2446     2446       5A        4       0
                text17                             28D2     28D2       18     13D3       0
                text16                             22F4     22F4       7C        4       0
                text15                             25A8     25A8       50        4       0
                text14                             21E4     21E4       92        4       0
                text13                             1E7E     1E7E       C0        4       0
                text12                             2150     2150       94        4       0
                text11                             2852     2852       26     13D3       0
                text10                             27E2     27E2       38     13D3       0
                text9                              2878     2878       1E     13D3       0
                text8                              15E4     15E4      178        4       0
                text7                               2C6      2C6      5A8        4       0
                text6                               D12      D12      432        4       0
                text5                               86E      86E      4A4        4       0
                text4                              1B7C     1B7C      136        4       0
                text3                              13EC     13EC      1F8        4       0
                text2                              1DAC     1DAC       D2        4       0
                text1                              2276     2276       7E        4       0
                text0                              1144     1144      2A8        4       0
                cstackCOMRAM                          1        1       62        1       1
                cstackBANK0                          BF       BF       17       80       1
                bssBANK1                            100      100      100      100       1
                dataBANK0                            80       80       3F       80       1
                bssBANK0                             D6       D6       13       80       1
                bssCOMRAM                            63       63        5        1       1
                cinit                              24A0     24A0       58        4       0
                idataBANK0                         2766     2766       3F        4       0

TOTAL           Name                               Link     Load   Length     Space
        CLASS   STACK          

        CLASS   CODE           
                intcode                               8        8      2BA         0
                text                               28EA     28EA        2         0
                init                                2C2      2C2        4         0
                reset_vec                             0        0        6         0
                text38                             2692     2692       4C         0
                text37                             2646     2646       4C         0
                text36                             2550     2550       58         0
                text35                             24F8     24F8       58         0
                text34                             1F3E     1F3E       BE         0
                text33                             23E8     23E8       5E         0
                text32                             2370     2370       78         0
                text31                             281A     281A       38         0
                text30                             18D4     18D4      16A         0
                text29                             20B0     20B0       A0         0
                text28                             1CB2     1CB2       FA         0
                text27                             1FFC     1FFC       B4         0
                text26                             1A3E     1A3E      13E         0
                text25                             2724     2724       42         0
                text24                             25F8     25F8       4E         0
                text23                             175C     175C      178         0
                text22                             27A6     27A6       3C         0
                text21                             26DE     26DE       46         0
                text20                             28B4     28B4       1E         0
                text19                             2896     2896       1E         0
                text18                             2446     2446       5A         0
                text17                             28D2     28D2       18         0
                text16                             22F4     22F4       7C         0
                text15                             25A8     25A8       50         0
                text14                             21E4     21E4       92         0
                text13                             1E7E     1E7E       C0         0
                text12                             2150     2150       94         0
                text11                             2852     2852       26         0
                text10                             27E2     27E2       38         0
                text9                              2878     2878       1E         0
                text8                              15E4     15E4      178         0
                text7                               2C6      2C6      5A8         0
                text6                               D12      D12      432         0
                text5                               86E      86E      4A4         0
                text4                              1B7C     1B7C      136         0
                text3                              13EC     13EC      1F8         0
                text2                              1DAC     1DAC       D2         0
                text1                              2276     2276       7E         0
                text0                              1144     1144      2A8         0
                cinit                              24A0     24A0       58         0
                idataBANK0                         2766     2766       3F         0

        CLASS   CONST          

        CLASS   SMALLCONST     

        CLASS   MEDIUMCONST    
                mediumconst                        7E4A     7E4A      1B6         0

        CLASS   COMRAM         
                temp                                 68       68        1         1
                cstackCOMRAM                          1        1       62         1
                bssCOMRAM                            63       63        5         1

        CLASS   ABS1           

        CLASS   BIGRAM         

        CLASS   RAM            

        CLASS   BANK0          
                cstackBANK0                          BF       BF       17         1
                dataBANK0                            80       80       3F         1
                bssBANK0                             D6       D6       13         1

        CLASS   BANK1          
                bssBANK1                            100      100      100         1

        CLASS   BANK2          

        CLASS   BANK3          

        CLASS   BANK4          

        CLASS   BANK5          

        CLASS   SFR            

        CLASS   FARRAM         

        CLASS   CONFIG         
                config                           300000   300000        E         0

        CLASS   IDLOC          
                idloc                            200000   200000        8         0

        CLASS   EEDATA         



SEGMENTS        Name                           Load    Length   Top    Selector   Space  Class

                reset_vec                      000000  000006  000006         0       0  CODE    
                cstackCOMRAM                   000001  000068  000069         1       1  COMRAM  
                intcode                        000008  00279D  0027A5         4       0  CODE    
                dataBANK0                      000080  000069  0000E9        80       1  BANK0   
                bssBANK1                       000100  000100  000200       100       1  BANK1   
                text22                         0027A6  000146  0028EC      13D3       0  CODE    
                mediumconst                    007E4A  0001B6  008000      3F25       0  MEDIUMCO
                idloc                          200000  000008  200008    200000       0  IDLOC   
                config                         300000  00000E  30000E    300000       0  CONFIG  


UNUSED ADDRESS RANGES

        Name                Unused          Largest block    Delta
        BANK0            0000E9-0000FF               17
        BANK2            000200-0002FF              100
        BANK3            000300-0003FF              100
        BANK4            000400-0004FF              100
        BANK5            000500-0005FF              100
        BIGRAM           000069-00007F               17
                         0000E9-0000FF               17
                         000200-0005FF              400
        CODE             000006-000007                2
                         0027A5-0027A5                1
                         0028EC-007E49             1714
        COMRAM           000069-00007F               17
        CONST            000006-000007                2
                         0027A5-0027A5                1
                         0028EC-007E49             555E
        EEDATA           F00000-F000FF              100
        MEDIUMCONST      0027A5-0027A5                1
                         0028EC-007E49             555E
        RAM              0000E9-0000FF               17
                         000200-0005FF              100
        SFR              000F80-000FFF               80
        SMALLCONST       0027A5-0027A5                1
                         0028EC-007E49              100
        STACK            000200-0005FF              400

                                  Symbol Table

?___fladd                                                                     cstackCOMRAM 000042
?___fldiv                                                                     cstackCOMRAM 000029
?___flmul                                                                     cstackCOMRAM 000010
?___fltol                                                                     cstackCOMRAM 000052
?___lldiv                                                                     cstackCOMRAM 000002
?___xxtofl                                                                    cstackCOMRAM 000002
_ADCON1                                                                       (abs)        000FC1
_CCP1CONbits                                                                  (abs)        000FBD
_CCP2CONbits                                                                  (abs)        000FBA
_CCPR1L                                                                       (abs)        000FBE
_CCPR2L                                                                       (abs)        000FBB
_INTCON                                                                       (abs)        000FF2
_INTCONbits                                                                   (abs)        000FF2
_LATAbits                                                                     (abs)        000F89
_LATBbits                                                                     (abs)        000F8A
_PIE1                                                                         (abs)        000F9D
_PIE1bits                                                                     (abs)        000F9D
_PIR1bits                                                                     (abs)        000F9E
_PORTAbits                                                                    (abs)        000F80
_PR2                                                                          (abs)        000FCB
_RCONbits                                                                     (abs)        000FD0
_RCREG                                                                        (abs)        000FAE
_RCSTAbits                                                                    (abs)        000FAB
_SPBRG                                                                        (abs)        000FAF
_SSPADD                                                                       (abs)        000FC8
_SSPBUF                                                                       (abs)        000FC9
_SSPCON1bits                                                                  (abs)        000FC6
_SSPCON2                                                                      (abs)        000FC5
_SSPCON2bits                                                                  (abs)        000FC5
_SSPSTATbits                                                                  (abs)        000FC7
_T0CONbits                                                                    (abs)        000FD5
_T2CONbits                                                                    (abs)        000FCA
_TRISA                                                                        (abs)        000F92
_TRISB                                                                        (abs)        000F93
_TRISBbits                                                                    (abs)        000F93
_TRISC                                                                        (abs)        000F94
_TRISCbits                                                                    (abs)        000F94
_TXREG                                                                        (abs)        000FAD
_TXSTAbits                                                                    (abs)        000FAC
__CFG_BOR$OFF                                                                 (abs)        000000
__CFG_LVP$OFF                                                                 (abs)        000000
__CFG_OSC$HS                                                                  (abs)        000000
__CFG_WDT$OFF                                                                 (abs)        000000
__HRAM                                                                        (abs)        000000
__Habs1                                                                       abs1         000000
__Hbank0                                                                      bank0        000000
__Hbank1                                                                      bank1        000000
__Hbank2                                                                      bank2        000000
__Hbank3                                                                      bank3        000000
__Hbank4                                                                      bank4        000000
__Hbank5                                                                      bank5        000000
__Hbigbss                                                                     bigbss       000000
__Hbigdata                                                                    bigdata      000000
__Hbigram                                                                     bigram       000000
__Hbss                                                                        bss          000000
__HbssBANK0                                                                   bssBANK0     000000
__HbssBANK1                                                                   bssBANK1     000000
__HbssCOMRAM                                                                  bssCOMRAM    000000
__Hcinit                                                                      cinit        000000
__Hclrtext                                                                    clrtext      000000
__Hcomram                                                                     comram       000000
__Hconfig                                                                     config       30000E
__Hconst                                                                      const        000000
__HcstackBANK0                                                                cstackBANK0  000000
__HcstackCOMRAM                                                               cstackCOMRAM 000000
__Hdata                                                                       data         000000
__HdataBANK0                                                                  dataBANK0    000000
__Heeprom_data                                                                eeprom_data  000000
__Hfarbss                                                                     farbss       000000
__Hfardata                                                                    fardata      000000
__Hibigdata                                                                   ibigdata     000000
__Hidata                                                                      idata        000000
__HidataBANK0                                                                 idataBANK0   000000
__Hidloc                                                                      idloc        200008
__Hifardata                                                                   ifardata     000000
__Hinit                                                                       init         0002C6
__Hintcode                                                                    intcode      0002C2
__Hintcode_body                                                               intcode_body 000000
__Hintcodelo                                                                  intcodelo    0002C2
__Hintentry                                                                   intentry     000000
__Hintret                                                                     intret       000000
__Hintsave_regs                                                               intsave_regs 000000
__Hirdata                                                                     irdata       000000
__Hmediumconst                                                                mediumconst  008000
__HnvFARRAM                                                                   nvFARRAM     000000
__Hnvbit                                                                      nvbit        000000
__Hnvrram                                                                     nvrram       000000
__Hparam                                                                      rparam       000000
__Hpowerup                                                                    powerup      0002C2
__Hram                                                                        ram          000000
__Hramtop                                                                     ramtop       000600
__Hrbit                                                                       rbit         000000
__Hrbss                                                                       rbss         000000
__Hrdata                                                                      rdata        000000
__Hreset_vec                                                                  reset_vec    000006
__Hrparam                                                                     rparam       000000
__Hsfr                                                                        sfr          000000
__Hsmallconst                                                                 smallconst   000000
__Hspace_0                                                                    (abs)        30000E
__Hspace_1                                                                    (abs)        000200
__Hspace_2                                                                    (abs)        000000
__Hstack                                                                      stack        000000
__Hstruct                                                                     struct       000000
__Htemp                                                                       temp         000069
__Htext                                                                       text         000000
__Htext0                                                                      text0        000000
__Htext1                                                                      text1        000000
__Htext10                                                                     text10       000000
__Htext11                                                                     text11       000000
__Htext12                                                                     text12       000000
__Htext13                                                                     text13       000000
__Htext14                                                                     text14       000000
__Htext15                                                                     text15       000000
__Htext16                                                                     text16       000000
__Htext17                                                                     text17       000000
__Htext18                                                                     text18       000000
__Htext19                                                                     text19       000000
__Htext2                                                                      text2        000000
__Htext20                                                                     text20       000000
__Htext21                                                                     text21       000000
__Htext22                                                                     text22       000000
__Htext23                                                                     text23       000000
__Htext24                                                                     text24       000000
__Htext25                                                                     text25       000000
__Htext26                                                                     text26       000000
__Htext27                                                                     text27       000000
__Htext28                                                                     text28       000000
__Htext29                                                                     text29       000000
__Htext3                                                                      text3        000000
__Htext30                                                                     text30       000000
__Htext31                                                                     text31       000000
__Htext32                                                                     text32       000000
__Htext33                                                                     text33       000000
__Htext34                                                                     text34       000000
__Htext35                                                                     text35       000000
__Htext36                                                                     text36       000000
__Htext37                                                                     text37       000000
__Htext38                                                                     text38       000000
__Htext4                                                                      text4        000000
__Htext5                                                                      text5        000000
__Htext6                                                                      text6        000000
__Htext7                                                                      text7        000000
__Htext8                                                                      text8        000000
__Htext9                                                                      text9        000000
__LRAM                                                                        (abs)        000001
__Labs1                                                                       abs1         000000
__Lbank0                                                                      bank0        000000
__Lbank1                                                                      bank1        000000
__Lbank2                                                                      bank2        000000
__Lbank3                                                                      bank3        000000
__Lbank4                                                                      bank4        000000
__Lbank5                                                                      bank5        000000
__Lbigbss                                                                     bigbss       000000
__Lbigdata                                                                    bigdata      000000
__Lbigram                                                                     bigram       000000
__Lbss                                                                        bss          000000
__LbssBANK0                                                                   bssBANK0     000000
__LbssBANK1                                                                   bssBANK1     000000
__LbssCOMRAM                                                                  bssCOMRAM    000000
__Lcinit                                                                      cinit        000000
__Lclrtext                                                                    clrtext      000000
__Lcomram                                                                     comram       000000
__Lconfig                                                                     config       300000
__Lconst                                                                      const        000000
__LcstackBANK0                                                                cstackBANK0  000000
__LcstackCOMRAM                                                               cstackCOMRAM 000000
__Ldata                                                                       data         000000
__LdataBANK0                                                                  dataBANK0    000000
__Leeprom_data                                                                eeprom_data  000000
__Lfarbss                                                                     farbss       000000
__Lfardata                                                                    fardata      000000
__Libigdata                                                                   ibigdata     000000
__Lidata                                                                      idata        000000
__LidataBANK0                                                                 idataBANK0   000000
__Lidloc                                                                      idloc        200000
__Lifardata                                                                   ifardata     000000
__Linit                                                                       init         0002C2
__Lintcode                                                                    intcode      000008
__Lintcode_body                                                               intcode_body 000000
__Lintcodelo                                                                  intcodelo    0002C2
__Lintentry                                                                   intentry     000000
__Lintret                                                                     intret       000000
__Lintsave_regs                                                               intsave_regs 000000
__Lirdata                                                                     irdata       000000
__Lmediumconst                                                                mediumconst  007E4A
__LnvFARRAM                                                                   nvFARRAM     000000
__Lnvbit                                                                      nvbit        000000
__Lnvrram                                                                     nvrram       000000
__Lparam                                                                      rparam       000000
__Lpowerup                                                                    powerup      0002C2
__Lram                                                                        ram          000000
__Lramtop                                                                     ramtop       000600
__Lrbit                                                                       rbit         000000
__Lrbss                                                                       rbss         000000
__Lrdata                                                                      rdata        000000
__Lreset_vec                                                                  reset_vec    000000
__Lrparam                                                                     rparam       000000
__Lsfr                                                                        sfr          000000
__Lsmallconst                                                                 smallconst   000000
__Lspace_0                                                                    (abs)        000000
__Lspace_1                                                                    (abs)        000000
__Lspace_2                                                                    (abs)        000000
__Lstack                                                                      stack        000000
__Lstruct                                                                     struct       000000
__Ltemp                                                                       temp         000068
__Ltext                                                                       text         000000
__Ltext0                                                                      text0        000000
__Ltext1                                                                      text1        000000
__Ltext10                                                                     text10       000000
__Ltext11                                                                     text11       000000
__Ltext12                                                                     text12       000000
__Ltext13                                                                     text13       000000
__Ltext14                                                                     text14       000000
__Ltext15                                                                     text15       000000
__Ltext16                                                                     text16       000000
__Ltext17                                                                     text17       000000
__Ltext18                                                                     text18       000000
__Ltext19                                                                     text19       000000
__Ltext2                                                                      text2        000000
__Ltext20                                                                     text20       000000
__Ltext21                                                                     text21       000000
__Ltext22                                                                     text22       000000
__Ltext23                                                                     text23       000000
__Ltext24                                                                     text24       000000
__Ltext25                                                                     text25       000000
__Ltext26                                                                     text26       000000
__Ltext27                                                                     text27       000000
__Ltext28                                                                     text28       000000
__Ltext29                                                                     text29       000000
__Ltext3                                                                      text3        000000
__Ltext30                                                                     text30       000000
__Ltext31                                                                     text31       000000
__Ltext32                                                                     text32       000000
__Ltext33                                                                     text33       000000
__Ltext34                                                                     text34       000000
__Ltext35                                                                     text35       000000
__Ltext36                                                                     text36       000000
__Ltext37                                                                     text37       000000
__Ltext38                                                                     text38       000000
__Ltext4                                                                      text4        000000
__Ltext5                                                                      text5        000000
__Ltext6                                                                      text6        000000
__Ltext7                                                                      text7        000000
__Ltext8                                                                      text8        000000
__Ltext9                                                                      text9        000000
__S0                                                                          (abs)        30000E
__S1                                                                          (abs)        000200
__S2                                                                          (abs)        000000
___fladd                                                                      text7        0002C6
___fladd@a                                                                    cstackCOMRAM 000046
___fladd@aexp                                                                 cstackCOMRAM 00004F
___fladd@b                                                                    cstackCOMRAM 000042
___fladd@bexp                                                                 cstackCOMRAM 000050
___fladd@grs                                                                  cstackCOMRAM 000051
___fladd@signs                                                                cstackCOMRAM 00004E
___fldiv                                                                      text6        000D12
___fldiv@a                                                                    cstackCOMRAM 00002D
___fldiv@aexp                                                                 cstackCOMRAM 000041
___fldiv@b                                                                    cstackCOMRAM 000029
___fldiv@bexp                                                                 cstackCOMRAM 000040
___fldiv@grs                                                                  cstackCOMRAM 00003C
___fldiv@new_exp                                                              cstackCOMRAM 00003A
___fldiv@rem                                                                  cstackCOMRAM 000035
___fldiv@sign                                                                 cstackCOMRAM 000039
___flmul                                                                      text5        00086E
___flmul@a                                                                    cstackCOMRAM 000014
___flmul@aexp                                                                 cstackCOMRAM 00001D
___flmul@b                                                                    cstackCOMRAM 000010
___flmul@bexp                                                                 cstackCOMRAM 000022
___flmul@grs                                                                  cstackCOMRAM 00001E
___flmul@prod                                                                 cstackCOMRAM 000023
___flmul@sign                                                                 cstackCOMRAM 00001C
___flmul@temp                                                                 cstackCOMRAM 000027
___fltol                                                                      text4        001B7C
___fltol@exp1                                                                 cstackCOMRAM 00005B
___fltol@f1                                                                   cstackCOMRAM 000052
___fltol@sign1                                                                cstackCOMRAM 00005A
___inthi_sp                                                                   stack        000000
___intlo_sp                                                                   stack        000000
___lldiv                                                                      text34       001F3E
___lldiv@counter                                                              cstackCOMRAM 00000E
___lldiv@dividend                                                             cstackCOMRAM 000002
___lldiv@divisor                                                              cstackCOMRAM 000006
___lldiv@quotient                                                             cstackCOMRAM 00000A
___param_bank                                                                 (abs)        000000
___rparam_used                                                                (abs)        000001
___sp                                                                         stack        000000
___xxtofl                                                                     text3        0013EC
___xxtofl@arg                                                                 cstackCOMRAM 00000C
___xxtofl@exp                                                                 cstackCOMRAM 00000B
___xxtofl@sign                                                                cstackCOMRAM 00000A
___xxtofl@val                                                                 cstackCOMRAM 000002
__accesstop                                                                   (abs)        000080
__activetblptr                                                                (abs)        000002
__cntErrataNOP_C:\Users\Pierre\AppData\Local\Temp\s6s0.o                      (abs)        000001
__cntErrataNOP_dist/default/production\pitechoid_pic18_dip28_ref.production.o (abs)        00023F
__end_of___fladd                                                              text7        00086E
__end_of___fldiv                                                              text6        001144
__end_of___flmul                                                              text5        000D12
__end_of___fltol                                                              text4        001CB2
__end_of___lldiv                                                              text34       001FFC
__end_of___xxtofl                                                             text3        0015E4
__end_of__initialization                                                      cinit        0024EA
__end_of_datetime_increase_days                                               text38       0026DE
__end_of_datetime_increase_hours                                              text37       002692
__end_of_datetime_increase_minutes                                            text36       0025A8
__end_of_datetime_increase_seconds                                            text35       002550
__end_of_dec_2_bcd                                                            text26       001B7C
__end_of_delay_ms                                                             text33       002446
__end_of_delay_us                                                             text31       002852
__end_of_i2c_init                                                             text32       0023E8
__end_of_i2c_read                                                             text10       00281A
__end_of_i2c_rstart                                                           text9        002896
__end_of_i2c_send_ack                                                         text11       002878
__end_of_i2c_start                                                            text20       0028D2
__end_of_i2c_stop                                                             text19       0028B4
__end_of_i2c_wait_ack                                                         text18       0024A0
__end_of_i2c_write                                                            text17       0028EA
__end_of_i2c_write_reg                                                        text13       001F3E
__end_of_lcd_2x16_init                                                        text28       001DAC
__end_of_lcd_2x16_position                                                    text27       0020B0
__end_of_lcd_2x16_write                                                       text30       001A3E
__end_of_lcd_2x16_write_2bcd                                                  text25       002766
__end_of_lcd_2x16_write_4b                                                    text29       002150
__end_of_lcd_2x16_write_string                                                text24       002646
__end_of_lcd_write_date                                                       text23       0018D4
__end_of_lcd_write_temperature                                                text22       0027E2
__end_of_lcd_write_time                                                       text21       002724
__end_of_main                                                                 text0        0013EC
__end_of_pcf8574_write_port                                                   text16       002370
__end_of_pwm_init                                                             text15       0025F8
__end_of_timer2_irq                                                           intcode      0002C2
__end_of_timer_init                                                           text14       002276
__end_of_tmp75_configure                                                      text12       0021E4
__end_of_tmp75_read_temp                                                      text8        00175C
__end_of_uart_init                                                            text2        001E7E
__end_of_uart_write_string                                                    text1        0022F4
__initialization                                                              cinit        0024A0
__mediumconst                                                                 mediumconst  007E4A
__pbssBANK0                                                                   bssBANK0     0000D6
__pbssBANK1                                                                   bssBANK1     000100
__pbssCOMRAM                                                                  bssCOMRAM    000063
__pcinit                                                                      cinit        0024A0
__pcstackBANK0                                                                cstackBANK0  0000BF
__pcstackCOMRAM                                                               cstackCOMRAM 000001
__pdataBANK0                                                                  dataBANK0    000080
__pidataBANK0                                                                 idataBANK0   002766
__pintcode                                                                    intcode      000008
__pmediumconst                                                                mediumconst  007E4A
__ptext0                                                                      text0        001144
__ptext1                                                                      text1        002276
__ptext10                                                                     text10       0027E2
__ptext11                                                                     text11       002852
__ptext12                                                                     text12       002150
__ptext13                                                                     text13       001E7E
__ptext14                                                                     text14       0021E4
__ptext15                                                                     text15       0025A8
__ptext16                                                                     text16       0022F4
__ptext17                                                                     text17       0028D2
__ptext18                                                                     text18       002446
__ptext19                                                                     text19       002896
__ptext2                                                                      text2        001DAC
__ptext20                                                                     text20       0028B4
__ptext21                                                                     text21       0026DE
__ptext22                                                                     text22       0027A6
__ptext23                                                                     text23       00175C
__ptext24                                                                     text24       0025F8
__ptext25                                                                     text25       002724
__ptext26                                                                     text26       001A3E
__ptext27                                                                     text27       001FFC
__ptext28                                                                     text28       001CB2
__ptext29                                                                     text29       0020B0
__ptext3                                                                      text3        0013EC
__ptext30                                                                     text30       0018D4
__ptext31                                                                     text31       00281A
__ptext32                                                                     text32       002370
__ptext33                                                                     text33       0023E8
__ptext34                                                                     text34       001F3E
__ptext35                                                                     text35       0024F8
__ptext36                                                                     text36       002550
__ptext37                                                                     text37       002646
__ptext38                                                                     text38       002692
__ptext4                                                                      text4        001B7C
__ptext5                                                                      text5        00086E
__ptext6                                                                      text6        000D12
__ptext7                                                                      text7        0002C6
__ptext8                                                                      text8        0015E4
__ptext9                                                                      text9        002878
__ramtop                                                                      ramtop       000600
__size_of___fladd                                                             (abs)        000000
__size_of___fldiv                                                             (abs)        000000
__size_of___flmul                                                             (abs)        000000
__size_of___fltol                                                             (abs)        000000
__size_of___lldiv                                                             (abs)        000000
__size_of___xxtofl                                                            (abs)        000000
__size_of_datetime_increase_days                                              (abs)        000000
__size_of_datetime_increase_hours                                             (abs)        000000
__size_of_datetime_increase_minutes                                           (abs)        000000
__size_of_datetime_increase_seconds                                           (abs)        000000
__size_of_dec_2_bcd                                                           (abs)        000000
__size_of_delay_ms                                                            (abs)        000000
__size_of_delay_us                                                            (abs)        000000
__size_of_i2c_init                                                            (abs)        000000
__size_of_i2c_read                                                            (abs)        000000
__size_of_i2c_rstart                                                          (abs)        000000
__size_of_i2c_send_ack                                                        (abs)        000000
__size_of_i2c_start                                                           (abs)        000000
__size_of_i2c_stop                                                            (abs)        000000
__size_of_i2c_wait_ack                                                        (abs)        000000
__size_of_i2c_write                                                           (abs)        000000
__size_of_i2c_write_reg                                                       (abs)        000000
__size_of_lcd_2x16_init                                                       (abs)        000000
__size_of_lcd_2x16_position                                                   (abs)        000000
__size_of_lcd_2x16_write                                                      (abs)        000000
__size_of_lcd_2x16_write_2bcd                                                 (abs)        000000
__size_of_lcd_2x16_write_4b                                                   (abs)        000000
__size_of_lcd_2x16_write_string                                               (abs)        000000
__size_of_lcd_write_date                                                      (abs)        000000
__size_of_lcd_write_temperature                                               (abs)        000000
__size_of_lcd_write_time                                                      (abs)        000000
__size_of_main                                                                (abs)        000000
__size_of_pcf8574_write_port                                                  (abs)        000000
__size_of_pwm_init                                                            (abs)        000000
__size_of_timer2_irq                                                          (abs)        000000
__size_of_timer_init                                                          (abs)        000000
__size_of_tmp75_configure                                                     (abs)        000000
__size_of_tmp75_read_temp                                                     (abs)        000000
__size_of_uart_init                                                           (abs)        000000
__size_of_uart_write_string                                                   (abs)        000000
__smallconst                                                                  smallconst   000000
_addr_flag                                                                    bssCOMRAM    000067
_addr_ptr                                                                     bssCOMRAM    000065
_data_flag                                                                    bssCOMRAM    000066
_datetime_increase_days                                                       text38       002692
_datetime_increase_hours                                                      text37       002646
_datetime_increase_minutes                                                    text36       002550
_datetime_increase_seconds                                                    text35       0024F8
_dec_2_bcd                                                                    text26       001A3E
_delay_ms                                                                     text33       0023E8
_delay_us                                                                     text31       00281A
_i2c_init                                                                     text32       002370
_i2c_read                                                                     text10       0027E2
_i2c_rstart                                                                   text9        002878
_i2c_send_ack                                                                 text11       002852
_i2c_start                                                                    text20       0028B4
_i2c_stop                                                                     text19       002896
_i2c_wait_ack                                                                 text18       002446
_i2c_write                                                                    text17       0028D2
_i2c_write_reg                                                                text13       001E7E
_lcd_2x16_init                                                                text28       001CB2
_lcd_2x16_position                                                            text27       001FFC
_lcd_2x16_write                                                               text30       0018D4
_lcd_2x16_write_2bcd                                                          text25       002724
_lcd_2x16_write_4b                                                            text29       0020B0
_lcd_2x16_write_string                                                        text24       0025F8
_lcd_write_date                                                               text23       00175C
_lcd_write_temperature                                                        text22       0027A6
_lcd_write_time                                                               text21       0026DE
_main                                                                         text0        001144
_pcf8574_write_port                                                           text16       0022F4
_pwm_init                                                                     text15       0025A8
_time_has_changed_timer                                                       bssBANK0     0000E8
_time_has_changed_user                                                        bssBANK0     0000E7
_timer2_irq                                                                   intcode      000008
_timer_init                                                                   text14       0021E4
_tmp75_configure                                                              text12       002150
_tmp75_read_temp                                                              text8        0015E4
_uart_init                                                                    text2        001DAC
_uart_write_string                                                            text1        002276
btemp                                                                         temp         000068
command_line_interpreter@index_buf                                            bssCOMRAM    000063
command_line_interpreter@uart_buff                                            bssBANK1     000100
datetime_increase_days@t                                                      cstackCOMRAM 000002
datetime_increase_hours@t                                                     cstackCOMRAM 000005
datetime_increase_minutes@t                                                   cstackCOMRAM 000008
datetime_increase_seconds@t                                                   cstackCOMRAM 00000B
dec_2_bcd@bcd                                                                 cstackCOMRAM 000004
dec_2_bcd@dec                                                                 cstackCOMRAM 000002
delay_ms@i                                                                    cstackCOMRAM 000004
delay_ms@k                                                                    cstackCOMRAM 000006
delay_ms@loop                                                                 cstackCOMRAM 000002
delay_us@i                                                                    cstackCOMRAM 000004
delay_us@loop                                                                 cstackCOMRAM 000002
end_of_initialization                                                         cinit        0024EA
i2c_init@I2C_BRG                                                              cstackCOMRAM 000015
i2c_init@bus_id                                                               cstackCOMRAM 000019
i2c_init@freq                                                                 cstackCOMRAM 00000F
i2c_init@opt                                                                  cstackCOMRAM 000013
i2c_read@ack                                                                  cstackCOMRAM 000004
i2c_read@bus_id                                                               cstackCOMRAM 000008
i2c_read@data                                                                 cstackCOMRAM 000005
i2c_send_ack@Ack                                                              cstackCOMRAM 000002
i2c_wait_ack@i                                                                cstackCOMRAM 000002
i2c_write@bus_id                                                              cstackCOMRAM 000004
i2c_write@data                                                                cstackCOMRAM 000003
i2c_write@result                                                              cstackCOMRAM 000005
i2c_write_reg@adr_chip                                                        cstackCOMRAM 000006
i2c_write_reg@adr_reg                                                         cstackCOMRAM 000007
i2c_write_reg@bus_id                                                          cstackCOMRAM 000009
i2c_write_reg@data                                                            cstackCOMRAM 000008
int$flags                                                                     temp         000068
intlevel0                                                                     text         0028EA
intlevel1                                                                     text         0028EA
intlevel2                                                                     text         0028EA
intlevel3                                                                     text         0028EA
lcd_2x16_init@config                                                          cstackCOMRAM 00000E
lcd_2x16_position@ligne                                                       cstackCOMRAM 000011
lcd_2x16_position@pos                                                         cstackCOMRAM 00000E
lcd_2x16_write@data                                                           cstackCOMRAM 000008
lcd_2x16_write@rs                                                             cstackCOMRAM 00000A
lcd_2x16_write_2bcd@bcd                                                       cstackCOMRAM 000010
lcd_2x16_write_2bcd@data                                                      cstackCOMRAM 00000E
lcd_2x16_write_4b@data                                                        cstackCOMRAM 000008
lcd_2x16_write_4b@rs                                                          cstackCOMRAM 00000A
lcd_2x16_write_string@string                                                  cstackCOMRAM 00000E
lcd_write_date@F2589                                                          dataBANK0    000098
lcd_write_date@F2591                                                          dataBANK0    000080
lcd_write_date@bcd                                                            cstackCOMRAM 000049
lcd_write_date@day_of_week                                                    cstackCOMRAM 00003B
lcd_write_date@format                                                         cstackCOMRAM 00001E
lcd_write_date@ligne                                                          cstackCOMRAM 00001C
lcd_write_date@month                                                          cstackCOMRAM 000023
lcd_write_date@pos                                                            cstackCOMRAM 00001D
lcd_write_date@t                                                              cstackCOMRAM 000015
lcd_write_temperature@ligne                                                   cstackCOMRAM 000015
lcd_write_temperature@pos                                                     cstackCOMRAM 000016
lcd_write_temperature@temp                                                    cstackCOMRAM 000017
lcd_write_time@ligne                                                          cstackCOMRAM 00001C
lcd_write_time@pos                                                            cstackCOMRAM 00001D
lcd_write_time@t                                                              cstackCOMRAM 000015
main@F2765                                                                    bssBANK0     0000D6
main@F2767                                                                    bssBANK0     0000E5
main@F2771                                                                    dataBANK0    0000B4
main@cnt                                                                      cstackBANK0  0000CA
main@lcd_config                                                               cstackBANK0  0000CD
main@segments                                                                 cstackBANK0  0000BF
main@t                                                                        cstackBANK0  0000CF
main@tmp75_temp                                                               cstackBANK0  0000CB
pcf8574_write_port@adr_chip                                                   cstackCOMRAM 000006
pcf8574_write_port@data                                                       cstackCOMRAM 000007
pcf8574_write_port@i2c_bus_id                                                 cstackCOMRAM 000008
pwm_init@duty                                                                 cstackCOMRAM 000004
pwm_init@freq                                                                 cstackCOMRAM 000002
pwm_init@pwm_id                                                               cstackCOMRAM 000006
stackhi                                                                       (abs)        0005FF
stacklo                                                                       (abs)        000200
start                                                                         init         0002C2
start_initialization                                                          cinit        0024A0
timer2_irq@CntTmrIncSec                                                       bssBANK0     0000DD
timer2_irq@CntTmrLedSec                                                       bssBANK0     0000E1
timer_init@id                                                                 cstackCOMRAM 000006
timer_init@postscaler                                                         cstackCOMRAM 000003
timer_init@prescaler                                                          cstackCOMRAM 000002
timer_init@timer                                                              cstackCOMRAM 000004
tmp75_configure@bus_id                                                        cstackCOMRAM 00000B
tmp75_configure@dev_addr                                                      cstackCOMRAM 00000A
tmp75_read_temp@bus_id                                                        cstackCOMRAM 000013
tmp75_read_temp@dev_addr                                                      cstackCOMRAM 000009
tmp75_read_temp@i2cbyte1                                                      cstackCOMRAM 000011
tmp75_read_temp@i2cbyte2                                                      cstackCOMRAM 000012
tmp75_read_temp@temp                                                          cstackCOMRAM 00000A
tmp75_read_temp@tmp                                                           cstackCOMRAM 00000F
ttemp5                                                                        temp         000069
ttemp6                                                                        temp         00006C
ttemp7                                                                        temp         000070
uart_init@baudrate                                                            cstackCOMRAM 00005C
uart_init@opt                                                                 cstackCOMRAM 000060
uart_init@uart_id                                                             cstackCOMRAM 000062
uart_write_date@F2553                                                         dataBANK0    0000A6
uart_write_string@data                                                        cstackCOMRAM 000002
wtemp8                                                                        temp         000069


FUNCTION INFORMATION:

 *************** function _main *****************
 Defined at:
		line 100 in file "main.c"
 Parameters:    Size  Location     Type
		None
 Auto vars:     Size  Location     Type
  segments       11    0[BANK0 ] unsigned char [11]
  t               7   16[BANK0 ] struct .
  bcd             5    0        unsigned char [5]
  lcd_config      2   14[BANK0 ] struct .
  tmp75_temp      2   12[BANK0 ] unsigned short 
  cnt             1   11[BANK0 ] unsigned char 
 Return value:  Size  Location     Type
                  1    wreg      void 
 Registers used:
		wreg, fsr0l, fsr0h, fsr1l, fsr1h, fsr2l, fsr2h, status,2, status,0, tblptrl, tblptrh, tblptru, prodl, prodh, cstack
 Tracked objects:
		On entry : 
		On exit  : 
		Unchanged: 
 Data sizes:     COMRAM   BANK0   BANK1   BANK2   BANK3   BANK4   BANK5
      Params:         0       0       0       0       0       0       0
      Locals:         0      23       0       0       0       0       0
      Temps:          0       0       0       0       0       0       0
      Totals:         0      23       0       0       0       0       0
Total ram usage:       23 bytes
 Hardware stack levels required when called:    5
 This function calls:
		_datetime_increase_minutes
		_datetime_increase_seconds
		_delay_ms
		_i2c_init
		_lcd_2x16_init
		_lcd_write_date
		_lcd_write_temperature
		_lcd_write_time
		_pcf8574_write_port
		_pwm_init
		_timer_init
		_tmp75_configure
		_tmp75_read_temp
		_uart_init
		_uart_write_string
 This function is called by:
		Startup code after reset
 This function uses a non-reentrant model


 *************** function _uart_write_string *****************
 Defined at:
		line 260 in file "../../libraries/lib_pic/uart.c"
 Parameters:    Size  Location     Type
  uart_id         1    wreg     enum E2447
  data            2    1[COMRAM] PTR const unsigned char 
		 -> STR_46(7), STR_45(9), STR_44(7), STR_43(9), 
		 -> STR_42(10), STR_41(8), STR_40(7), STR_23(8), 
		 -> STR_22(4), STR_21(2), STR_20(2), STR_19(38), 
		 -> STR_18(3), STR_17(4), STR_16(4), STR_15(3), 
		 -> STR_14(2), STR_13(37), STR_12(13), STR_11(20), 
		 -> STR_9(35), STR_7(35), command_line_interpreter@uart_buff(256), STR_1(13), 
 Auto vars:     Size  Location     Type
  uart_id         1    0[COMRAM] enum E2447
 Return value:  Size  Location     Type
                  1    wreg      enum E39
 Registers used:
		wreg, fsr0l, fsr0h, status,2, status,0, tblptrl, tblptrh, tblptru
 Tracked objects:
		On entry : 
		On exit  : 
		Unchanged: 
 Data sizes:     COMRAM   BANK0   BANK1   BANK2   BANK3   BANK4   BANK5
      Params:         2       0       0       0       0       0       0
      Locals:         0       0       0       0       0       0       0
      Temps:          0       0       0       0       0       0       0
      Totals:         2       0       0       0       0       0       0
Total ram usage:        2 bytes
 Hardware stack levels used:    1
 Hardware stack levels required when called:    1
 This function calls:
		Nothing
 This function is called by:
		_main
		_command_line_interpreter
		_i2c_detect
		_i2c_dump
		_uart_write_date
 This function uses a non-reentrant model


 *************** function _uart_init *****************
 Defined at:
		line 37 in file "../../libraries/lib_pic/uart.c"
 Parameters:    Size  Location     Type
  uart_id         1    wreg     enum E2447
  baudrate        4   91[COMRAM] unsigned long 
  opt             2   95[COMRAM] unsigned short 
 Auto vars:     Size  Location     Type
  uart_id         1   97[COMRAM] enum E2447
 Return value:  Size  Location     Type
                  1    wreg      enum E1898
 Registers used:
		wreg, status,2, status,0, prodl, prodh, cstack
 Tracked objects:
		On entry : 
		On exit  : 
		Unchanged: 
 Data sizes:     COMRAM   BANK0   BANK1   BANK2   BANK3   BANK4   BANK5
      Params:         6       0       0       0       0       0       0
      Locals:         1       0       0       0       0       0       0
      Temps:          0       0       0       0       0       0       0
      Totals:         7       0       0       0       0       0       0
Total ram usage:        7 bytes
 Hardware stack levels used:    1
 Hardware stack levels required when called:    2
 This function calls:
		___fladd
		___fldiv
		___flmul
		___fltol
		___xxtofl
		_delay_ms
 This function is called by:
		_main
 This function uses a non-reentrant model


 *************** function ___xxtofl *****************
 Defined at:
		line 10 in file "C:\Programs\Microchip\xc8\v2.10\pic\sources\c99\common\xxtofl.c"
 Parameters:    Size  Location     Type
  sign            1    wreg     unsigned char 
  val             4    1[COMRAM] long 
 Auto vars:     Size  Location     Type
  sign            1    9[COMRAM] unsigned char 
  arg             4   11[COMRAM] unsigned long 
  exp             1   10[COMRAM] unsigned char 
 Return value:  Size  Location     Type
                  4    1[COMRAM] unsigned char 
 Registers used:
		wreg, status,2, status,0
 Tracked objects:
		On entry : 
		On exit  : 
		Unchanged: 
 Data sizes:     COMRAM   BANK0   BANK1   BANK2   BANK3   BANK4   BANK5
      Params:         4       0       0       0       0       0       0
      Locals:         6       0       0       0       0       0       0
      Temps:          4       0       0       0       0       0       0
      Totals:        14       0       0       0       0       0       0
Total ram usage:       14 bytes
 Hardware stack levels used:    1
 Hardware stack levels required when called:    1
 This function calls:
		Nothing
 This function is called by:
		_uart_init
 This function uses a non-reentrant model


 *************** function ___fltol *****************
 Defined at:
		line 43 in file "C:\Programs\Microchip\xc8\v2.10\pic\sources\c99\common\fltol.c"
 Parameters:    Size  Location     Type
  f1              4   81[COMRAM] unsigned char 
 Auto vars:     Size  Location     Type
  exp1            1   90[COMRAM] unsigned char 
  sign1           1   89[COMRAM] unsigned char 
 Return value:  Size  Location     Type
                  4   81[COMRAM] long 
 Registers used:
		wreg, status,2, status,0
 Tracked objects:
		On entry : 
		On exit  : 
		Unchanged: 
 Data sizes:     COMRAM   BANK0   BANK1   BANK2   BANK3   BANK4   BANK5
      Params:         4       0       0       0       0       0       0
      Locals:         2       0       0       0       0       0       0
      Temps:          4       0       0       0       0       0       0
      Totals:        10       0       0       0       0       0       0
Total ram usage:       10 bytes
 Hardware stack levels used:    1
 Hardware stack levels required when called:    1
 This function calls:
		Nothing
 This function is called by:
		_uart_init
 This function uses a non-reentrant model


 *************** function ___flmul *****************
 Defined at:
		line 8 in file "C:\Programs\Microchip\xc8\v2.10\pic\sources\c99\common\sprcmul.c"
 Parameters:    Size  Location     Type
  b               4   15[COMRAM] long 
  a               4   19[COMRAM] long 
 Auto vars:     Size  Location     Type
  prod            4   34[COMRAM] struct .
  grs             4   29[COMRAM] unsigned long 
  temp            2   38[COMRAM] struct .
  bexp            1   33[COMRAM] unsigned char 
  aexp            1   28[COMRAM] unsigned char 
  sign            1   27[COMRAM] unsigned char 
 Return value:  Size  Location     Type
                  4   15[COMRAM] unsigned char 
 Registers used:
		wreg, status,2, status,0, prodl, prodh
 Tracked objects:
		On entry : 
		On exit  : 
		Unchanged: 
 Data sizes:     COMRAM   BANK0   BANK1   BANK2   BANK3   BANK4   BANK5
      Params:         8       0       0       0       0       0       0
      Locals:        13       0       0       0       0       0       0
      Temps:          4       0       0       0       0       0       0
      Totals:        25       0       0       0       0       0       0
Total ram usage:       25 bytes
 Hardware stack levels used:    1
 Hardware stack levels required when called:    1
 This function calls:
		Nothing
 This function is called by:
		_uart_init
 This function uses a non-reentrant model


 *************** function ___fldiv *****************
 Defined at:
		line 11 in file "C:\Programs\Microchip\xc8\v2.10\pic\sources\c99\common\sprcdiv.c"
 Parameters:    Size  Location     Type
  b               4   40[COMRAM] unsigned char 
  a               4   44[COMRAM] unsigned char 
 Auto vars:     Size  Location     Type
  grs             4   59[COMRAM] unsigned long 
  rem             4   52[COMRAM] unsigned long 
  new_exp         2   57[COMRAM] short 
  aexp            1   64[COMRAM] unsigned char 
  bexp            1   63[COMRAM] unsigned char 
  sign            1   56[COMRAM] unsigned char 
 Return value:  Size  Location     Type
                  4   40[COMRAM] unsigned char 
 Registers used:
		wreg, status,2, status,0
 Tracked objects:
		On entry : 
		On exit  : 
		Unchanged: 
 Data sizes:     COMRAM   BANK0   BANK1   BANK2   BANK3   BANK4   BANK5
      Params:         8       0       0       0       0       0       0
      Locals:        13       0       0       0       0       0       0
      Temps:          4       0       0       0       0       0       0
      Totals:        25       0       0       0       0       0       0
Total ram usage:       25 bytes
[...]
		None
 Return value:  Size  Location     Type
                  1    wreg      void 
 Registers used:
		wreg, fsr2l, fsr2h, status,2, status,0
 Tracked objects:
		On entry : 
		On exit  : 
		Unchanged: 
 Data sizes:     COMRAM   BANK0   BANK1   BANK2   BANK3   BANK4   BANK5
      Params:         4       0       0       0       0       0       0
      Locals:         0       0       0       0       0       0       0
      Temps:          0       0       0       0       0       0       0
      Totals:         4       0       0       0       0       0       0
Total ram usage:        4 bytes
 Hardware stack levels used:    1
 Hardware stack levels required when called:    1
 This function calls:
		Nothing
 This function is called by:
		_lcd_2x16_write_2bcd
		_lcd_write_date
		_uart_write_char
		_uart_write_u8
		_uart_write_u16
		_uart_write_date
		_uart_write_temperature
		_lcd_2x16_write_s8
		_lcd_2x16_write_s16
		_lcd_2x16_write_u8
		_lcd_2x16_write_u16
 This function uses a non-reentrant model


 *************** function _lcd_2x16_position *****************
 Defined at:
		line 170 in file "../../libraries/lib_lcd/lcd_2x16.c"
 Parameters:    Size  Location     Type
  ligne           1    wreg     enum E2015
  pos             1   13[COMRAM] unsigned char 
 Auto vars:     Size  Location     Type
  ligne           1   16[COMRAM] enum E2015
 Return value:  Size  Location     Type
                  1    wreg      void 
 Registers used:
		wreg, status,2, status,0, cstack
 Tracked objects:
		On entry : 
		On exit  : 
		Unchanged: 
 Data sizes:     COMRAM   BANK0   BANK1   BANK2   BANK3   BANK4   BANK5
      Params:         1       0       0       0       0       0       0
      Locals:         1       0       0       0       0       0       0
      Temps:          2       0       0       0       0       0       0
      Totals:         4       0       0       0       0       0       0
Total ram usage:        4 bytes
 Hardware stack levels used:    1
 Hardware stack levels required when called:    3
 This function calls:
		_lcd_2x16_write
 This function is called by:
		_lcd_write_temperature
		_lcd_write_date
		_lcd_write_time
 This function uses a non-reentrant model


 *************** function _lcd_2x16_init *****************
 Defined at:
		line 11 in file "../../libraries/lib_lcd/lcd_2x16.c"
 Parameters:    Size  Location     Type
  config          2   13[COMRAM] struct .
 Auto vars:     Size  Location     Type
		None
 Return value:  Size  Location     Type
                  1    wreg      enum E1898
 Registers used:
		wreg, status,2, status,0, cstack
 Tracked objects:
		On entry : 
		On exit  : 
		Unchanged: 
 Data sizes:     COMRAM   BANK0   BANK1   BANK2   BANK3   BANK4   BANK5
      Params:         2       0       0       0       0       0       0
      Locals:         0       0       0       0       0       0       0
      Temps:          2       0       0       0       0       0       0
      Totals:         4       0       0       0       0       0       0
Total ram usage:        4 bytes
 Hardware stack levels used:    1
 Hardware stack levels required when called:    3
 This function calls:
		_delay_ms
		_lcd_2x16_write
		_lcd_2x16_write_4b
 This function is called by:
		_main
 This function uses a non-reentrant model


 *************** function _lcd_2x16_write_4b *****************
 Defined at:
		line 110 in file "../../libraries/lib_lcd/lcd_2x16.c"
 Parameters:    Size  Location     Type
  data            2    7[COMRAM] unsigned short 
  rs              1    9[COMRAM] unsigned char 
 Auto vars:     Size  Location     Type
		None
 Return value:  Size  Location     Type
                  1    wreg      enum E39
 Registers used:
		wreg, status,2, status,0, cstack
 Tracked objects:
		On entry : 
		On exit  : 
		Unchanged: 
 Data sizes:     COMRAM   BANK0   BANK1   BANK2   BANK3   BANK4   BANK5
      Params:         3       0       0       0       0       0       0
      Locals:         0       0       0       0       0       0       0
      Temps:          2       0       0       0       0       0       0
      Totals:         5       0       0       0       0       0       0
Total ram usage:        5 bytes
 Hardware stack levels used:    1
 Hardware stack levels required when called:    2
 This function calls:
		_delay_us
 This function is called by:
		_lcd_2x16_init
 This function uses a non-reentrant model


 *************** function _lcd_2x16_write *****************
 Defined at:
		line 122 in file "../../libraries/lib_lcd/lcd_2x16.c"
 Parameters:    Size  Location     Type
  data            2    7[COMRAM] unsigned short 
  rs              1    9[COMRAM] unsigned char 
 Auto vars:     Size  Location     Type
		None
 Return value:  Size  Location     Type
                  1    wreg      enum E39
 Registers used:
		wreg, status,2, status,0, cstack
 Tracked objects:
		On entry : 
		On exit  : 
		Unchanged: 
 Data sizes:     COMRAM   BANK0   BANK1   BANK2   BANK3   BANK4   BANK5
      Params:         3       0       0       0       0       0       0
      Locals:         0       0       0       0       0       0       0
      Temps:          3       0       0       0       0       0       0
      Totals:         6       0       0       0       0       0       0
Total ram usage:        6 bytes
 Hardware stack levels used:    1
 Hardware stack levels required when called:    2
 This function calls:
		_delay_us
 This function is called by:
		_lcd_2x16_init
		_lcd_2x16_position
		_lcd_2x16_write_string
		_lcd_2x16_write_2bcd
		_lcd_write_temperature
		_lcd_2x16_clear
		_lcd_2x16_write_2hex
		_lcd_2x16_write_binary
		_lcd_2x16_write_s8
		_lcd_2x16_write_s16
		_lcd_2x16_write_s32
		_lcd_2x16_write_float
		_lcd_2x16_write_double
		_lcd_2x16_write_u8
		_lcd_2x16_write_u16
		_lcd_2x16_write_u32
 This function uses a non-reentrant model


 *************** function _delay_us *****************
 Defined at:
		line 27 in file "../../libraries/lib_misc/delays.c"
 Parameters:    Size  Location     Type
  loop            2    1[COMRAM] unsigned short 
 Auto vars:     Size  Location     Type
  k               2    0        unsigned short 
  i               2    3[COMRAM] unsigned short 
 Return value:  Size  Location     Type
                  1    wreg      void 
 Registers used:
		wreg, status,2, status,0
 Tracked objects:
		On entry : 
		On exit  : 
		Unchanged: 
 Data sizes:     COMRAM   BANK0   BANK1   BANK2   BANK3   BANK4   BANK5
      Params:         2       0       0       0       0       0       0
      Locals:         4       0       0       0       0       0       0
      Temps:          0       0       0       0       0       0       0
      Totals:         6       0       0       0       0       0       0
Total ram usage:        6 bytes
 Hardware stack levels used:    1
 Hardware stack levels required when called:    1
 This function calls:
		Nothing
 This function is called by:
		_lcd_2x16_write_4b
		_lcd_2x16_write
		_i2c_idle
 This function uses a non-reentrant model


 *************** function _i2c_init *****************
 Defined at:
		line 14 in file "../../libraries/lib_pic/i2c.c"
 Parameters:    Size  Location     Type
  bus_id          1    wreg     enum E1909
  freq            4   14[COMRAM] unsigned long 
  opt             2   18[COMRAM] unsigned short 
 Auto vars:     Size  Location     Type
  bus_id          1   24[COMRAM] enum E1909
  I2C_BRG         4   20[COMRAM] unsigned long 
 Return value:  Size  Location     Type
                  1    wreg      enum E1898
 Registers used:
		wreg, status,2, status,0, cstack
 Tracked objects:
		On entry : 
		On exit  : 
		Unchanged: 
 Data sizes:     COMRAM   BANK0   BANK1   BANK2   BANK3   BANK4   BANK5
      Params:         6       0       0       0       0       0       0
      Locals:         5       0       0       0       0       0       0
      Temps:          0       0       0       0       0       0       0
      Totals:        11       0       0       0       0       0       0
Total ram usage:       11 bytes
 Hardware stack levels used:    1
 Hardware stack levels required when called:    2
 This function calls:
		___lldiv
		_delay_ms
 This function is called by:
		_main
 This function uses a non-reentrant model


 *************** function _delay_ms *****************
 Defined at:
		line 39 in file "../../libraries/lib_misc/delays.c"
 Parameters:    Size  Location     Type
  loop            2    1[COMRAM] unsigned short 
 Auto vars:     Size  Location     Type
  k               2    5[COMRAM] unsigned short 
  i               2    3[COMRAM] unsigned short 
 Return value:  Size  Location     Type
                  1    wreg      void 
 Registers used:
		wreg, status,2, status,0
 Tracked objects:
		On entry : 
		On exit  : 
		Unchanged: 
 Data sizes:     COMRAM   BANK0   BANK1   BANK2   BANK3   BANK4   BANK5
      Params:         2       0       0       0       0       0       0
      Locals:         4       0       0       0       0       0       0
      Temps:          0       0       0       0       0       0       0
      Totals:         6       0       0       0       0       0       0
Total ram usage:        6 bytes
 Hardware stack levels used:    1
 Hardware stack levels required when called:    1
 This function calls:
		Nothing
 This function is called by:
		_i2c_init
		_main
		_uart_init
		_lcd_2x16_init
		_ds1621_read_temp
 This function uses a non-reentrant model


 *************** function ___lldiv *****************
 Defined at:
		line 7 in file "C:\Programs\Microchip\xc8\v2.10\pic\sources\c99\common\__lldiv.c"
 Parameters:    Size  Location     Type
  dividend        4    1[COMRAM] unsigned long 
  divisor         4    5[COMRAM] unsigned long 
 Auto vars:     Size  Location     Type
  quotient        4    9[COMRAM] unsigned long 
  counter         1   13[COMRAM] unsigned char 
 Return value:  Size  Location     Type
                  4    1[COMRAM] unsigned long 
 Registers used:
		wreg, status,2, status,0
 Tracked objects:
		On entry : 
		On exit  : 
		Unchanged: 
 Data sizes:     COMRAM   BANK0   BANK1   BANK2   BANK3   BANK4   BANK5
      Params:         8       0       0       0       0       0       0
      Locals:         5       0       0       0       0       0       0
      Temps:          0       0       0       0       0       0       0
      Totals:        13       0       0       0       0       0       0
Total ram usage:       13 bytes
 Hardware stack levels used:    1
 Hardware stack levels required when called:    1
 This function calls:
		Nothing
 This function is called by:
		_i2c_init
 This function uses a non-reentrant model


 *************** function _datetime_increase_seconds *****************
 Defined at:
		line 18 in file "../../libraries/lib_misc/date_time.c"
 Parameters:    Size  Location     Type
  t               2   10[COMRAM] PTR struct .
		 -> main@t(7), 
 Auto vars:     Size  Location     Type
		None
 Return value:  Size  Location     Type
                  1    wreg      void 
 Registers used:
		wreg, fsr2l, fsr2h, status,2, status,0, cstack
 Tracked objects:
		On entry : 
		On exit  : 
		Unchanged: 
 Data sizes:     COMRAM   BANK0   BANK1   BANK2   BANK3   BANK4   BANK5
      Params:         2       0       0       0       0       0       0
      Locals:         0       0       0       0       0       0       0
      Temps:          1       0       0       0       0       0       0
      Totals:         3       0       0       0       0       0       0
Total ram usage:        3 bytes
 Hardware stack levels used:    1
 Hardware stack levels required when called:    4
 This function calls:
		_datetime_increase_minutes
 This function is called by:
		_main
 This function uses a non-reentrant model


 *************** function _datetime_increase_minutes *****************
 Defined at:
		line 44 in file "../../libraries/lib_misc/date_time.c"
 Parameters:    Size  Location     Type
  t               2    7[COMRAM] PTR struct .
		 -> main@t(7), 
 Auto vars:     Size  Location     Type
		None
 Return value:  Size  Location     Type
                  1    wreg      void 
 Registers used:
		wreg, fsr2l, fsr2h, status,2, status,0, cstack
 Tracked objects:
		On entry : 
		On exit  : 
		Unchanged: 
 Data sizes:     COMRAM   BANK0   BANK1   BANK2   BANK3   BANK4   BANK5
      Params:         2       0       0       0       0       0       0
      Locals:         0       0       0       0       0       0       0
      Temps:          1       0       0       0       0       0       0
      Totals:         3       0       0       0       0       0       0
Total ram usage:        3 bytes
 Hardware stack levels used:    1
 Hardware stack levels required when called:    3
 This function calls:
		_datetime_increase_hours
 This function is called by:
		_datetime_increase_seconds
		_main
 This function uses a non-reentrant model


 *************** function _datetime_increase_hours *****************
 Defined at:
		line 70 in file "../../libraries/lib_misc/date_time.c"
 Parameters:    Size  Location     Type
  t               2    4[COMRAM] PTR struct .
		 -> main@t(7), 
 Auto vars:     Size  Location     Type
		None
 Return value:  Size  Location     Type
                  1    wreg      void 
 Registers used:
		wreg, fsr2l, fsr2h, status,2, status,0, cstack
 Tracked objects:
		On entry : 
		On exit  : 
		Unchanged: 
 Data sizes:     COMRAM   BANK0   BANK1   BANK2   BANK3   BANK4   BANK5
      Params:         2       0       0       0       0       0       0
      Locals:         0       0       0       0       0       0       0
      Temps:          1       0       0       0       0       0       0
      Totals:         3       0       0       0       0       0       0
Total ram usage:        3 bytes
 Hardware stack levels used:    1
 Hardware stack levels required when called:    2
 This function calls:
		_datetime_increase_days
 This function is called by:
		_datetime_increase_minutes
 This function uses a non-reentrant model


 *************** function _datetime_increase_days *****************
 Defined at:
		line 95 in file "../../libraries/lib_misc/date_time.c"
 Parameters:    Size  Location     Type
  t               2    1[COMRAM] PTR struct .
		 -> main@t(7), 
 Auto vars:     Size  Location     Type
		None
 Return value:  Size  Location     Type
                  1    wreg      void 
 Registers used:
		wreg, fsr2l, fsr2h, status,2, status,0
 Tracked objects:
		On entry : 
		On exit  : 
		Unchanged: 
 Data sizes:     COMRAM   BANK0   BANK1   BANK2   BANK3   BANK4   BANK5
      Params:         2       0       0       0       0       0       0
      Locals:         0       0       0       0       0       0       0
      Temps:          1       0       0       0       0       0       0
      Totals:         3       0       0       0       0       0       0
Total ram usage:        3 bytes
 Hardware stack levels used:    1
 Hardware stack levels required when called:    1
 This function calls:
		Nothing
 This function is called by:
		_datetime_increase_hours
 This function uses a non-reentrant model


 *************** function _timer2_irq *****************
 Defined at:
		line 62 in file "main.c"
 Parameters:    Size  Location     Type
		None
 Auto vars:     Size  Location     Type
		None
 Return value:  Size  Location     Type
                  1    wreg      void 
 Registers used:
		wreg, status,2, status,0
 Tracked objects:
		On entry : 
		On exit  : 
		Unchanged: 
 Data sizes:     COMRAM   BANK0   BANK1   BANK2   BANK3   BANK4   BANK5
      Params:         0       0       0       0       0       0       0
      Locals:         0       0       0       0       0       0       0
      Temps:          1       0       0       0       0       0       0
      Totals:         1       0       0       0       0       0       0
Total ram usage:        1 bytes
 Hardware stack levels used:    1
 This function calls:
		Nothing
 This function is called by:
		Interrupt level 2
 This function uses a non-reentrant model



MODULE INFORMATION

Module		Function		Class		Link	Load	Size
../../libraries/lib_pic/i2c.c
		_i2c_start     		CODE           	28B4	0000	31
		_i2c_write     		CODE           	28D2	0000	25
		_i2c_rstart    		CODE           	2878	0000	31
		_i2c_stop      		CODE           	2896	0000	31
		_i2c_write_reg 		CODE           	1E7E	0000	193
		_i2c_read      		CODE           	27E2	0000	57
		_i2c_init      		CODE           	2370	0000	121
		_i2c_wait_ack  		CODE           	2446	0000	91
		_i2c_send_ack  		CODE           	2852	0000	39

../../libraries/lib_pic/i2c.c estimated size: 619

C:\Programs\Microchip\xc8\v2.10\pic\sources\c99\common\__lldiv.c
		___lldiv       		CODE           	1F3E	0000	191

C:\Programs\Microchip\xc8\v2.10\pic\sources\c99\common\__lldiv.c estimated size: 191

../../libraries/lib_lcd/lcd_2x16.c
		_lcd_write_date		CODE           	175C	0000	377
		_lcd_write_time		CODE           	26DE	0000	71
		_lcd_2x16_write_4b		CODE           	20B0	0000	161
		_lcd_2x16_init 		CODE           	1CB2	0000	251
		_lcd_write_temperature		CODE           	27A6	0000	61
		_lcd_2x16_write		CODE           	18D4	0000	363
		_lcd_2x16_write_2bcd		CODE           	2724	0000	67
		_lcd_2x16_position		CODE           	1FFC	0000	181
		_lcd_2x16_write_string		CODE           	25F8	0000	79

../../libraries/lib_lcd/lcd_2x16.c estimated size: 1611

../../libraries/lib_pic/pwm.c
		_pwm_init      		CODE           	25A8	0000	81

../../libraries/lib_pic/pwm.c estimated size: 81

C:\Programs\Microchip\xc8\v2.10\pic\sources\c99\common\sprcadd.c
		___fladd       		CODE           	02C6	0000	1449

C:\Programs\Microchip\xc8\v2.10\pic\sources\c99\common\sprcadd.c estimated size: 1449

C:\Programs\Microchip\xc8\v2.10\pic\sources\c99\common\xxtofl.c
		___xxtofl      		CODE           	13EC	0000	505

C:\Programs\Microchip\xc8\v2.10\pic\sources\c99\common\xxtofl.c estimated size: 505

../../libraries/lib_pic/uart.c
		_uart_write_string		CODE           	2276	0000	127
		_uart_init     		CODE           	1DAC	0000	211

../../libraries/lib_pic/uart.c estimated size: 338

../../libraries/lib_misc/delays.c
		_delay_us      		CODE           	281A	0000	57
		_delay_ms      		CODE           	23E8	0000	95

../../libraries/lib_misc/delays.c estimated size: 152

../../libraries/lib_misc/date_time.c
		_datetime_increase_days		CODE           	2692	0000	77
		_datetime_increase_hours		CODE           	2646	0000	77
		_datetime_increase_seconds		CODE           	24F8	0000	89
		_datetime_increase_minutes		CODE           	2550	0000	89

../../libraries/lib_misc/date_time.c estimated size: 332

../../libraries/lib_comp/tmp75.c
		_tmp75_read_temp		CODE           	15E4	0000	377
		_tmp75_configure		CODE           	2150	0000	149

../../libraries/lib_comp/tmp75.c estimated size: 526

../../libraries/lib_comp/pcf8574.c
		_pcf8574_write_port		CODE           	22F4	0000	125

../../libraries/lib_comp/pcf8574.c estimated size: 125

C:\Programs\Microchip\xc8\v2.10\pic\sources\c99\common\fltol.c
		___fltol       		CODE           	1B7C	0000	311

C:\Programs\Microchip\xc8\v2.10\pic\sources\c99\common\fltol.c estimated size: 311

shared
		__initialization		CODE           	24A0	0000	75

shared estimated size: 75

../../libraries/lib_pic/timer.c
		_timer_init    		CODE           	21E4	0000	147

../../libraries/lib_pic/timer.c estimated size: 147

C:\Programs\Microchip\xc8\v2.10\pic\sources\c99\common\sprcmul.c
		___flmul       		CODE           	086E	0000	1189

C:\Programs\Microchip\xc8\v2.10\pic\sources\c99\common\sprcmul.c estimated size: 1189

C:\Programs\Microchip\xc8\v2.10\pic\sources\c99\common\sprcdiv.c
		___fldiv       		CODE           	0D12	0000	1075

C:\Programs\Microchip\xc8\v2.10\pic\sources\c99\common\sprcdiv.c estimated size: 1075

main.c
		_timer2_irq    		CODE           	0008	0000	699
		_main          		CODE           	1144	0000	681

main.c estimated size: 1380

../../libraries/lib_misc/bcd.c
		_dec_2_bcd     		CODE           	1A3E	0000	319

../../libraries/lib_misc/bcd.c estimated size: 319

