Microchip MPLAB XC8 Compiler V2.10 ()

Linker command line:

-W-3 --edf=C:\Programs\Microchip\xc8\v2.10\pic\dat\en_msgs.txt -cs \
  -h+dist/default/production\clock_big_7seg_red_v1.production.sym \
  --cmf=dist/default/production\clock_big_7seg_red_v1.production.cmf -z \
  -Q18F252 -oC:\Users\Pierre\AppData\Local\Temp\sle8.2 \
  --defsym=__MPLAB_BUILD=1 \
  -Mdist/default/production/clock_big_7seg_red_v1.production.map -E1 \
  -ver=XC8 --acfsm=1493 -ASTACK=090h-05FFh -pstack=STACK \
  -ACODE=00h-03FFFhx2 -ACONST=00h-07FFFh -ASMALLCONST=0600h-06FFhx122 \
  -AMEDIUMCONST=0600h-07FFFh -ACOMRAM=01h-07Fh -AABS1=00h-05FFh \
  -ABIGRAM=01h-05FFh -ARAM=080h-0FFh,0100h-01FFhx5 -ABANK0=080h-0FFh \
  -ABANK1=0100h-01FFh -ABANK2=0200h-02FFh -ABANK3=0300h-03FFh \
  -ABANK4=0400h-04FFh -ABANK5=0500h-05FFh -ASFR=0F80h-0FFFh \
  -preset_vec=00h,intcode=08h,intcodelo,powerup,init -pramtop=0600h \
  -psmallconst=SMALLCONST -pmediumconst=MEDIUMCONST -pconst=CONST \
  -AFARRAM=00h-00h -ACONFIG=0300000h-030000Dh -pconfig=CONFIG \
  -AIDLOC=0200000h-0200007h -pidloc=IDLOC -AEEDATA=0F00000h-0F000FFh \
  -peeprom_data=EEDATA \
  -prdata=COMRAM,nvrram=COMRAM,nvbit=COMRAM,rbss=COMRAM,rbit=COMRAM \
  -pfarbss=FARRAM,fardata=FARRAM,nvFARRAM=FARRAM \
  -pintsave_regs=BIGRAM,bigbss=BIGRAM,bigdata=BIGRAM -pbss=RAM \
  -pidata=CODE,irdata=CODE,ibigdata=CODE,ifardata=CODE -prparam=COMRAM \
  C:\Users\Pierre\AppData\Local\Temp\sle8.o \
  dist/default/production\clock_big_7seg_red_v1.production.o 

Object code version is 3.11

Machine type is 18F252

Call graph: (short form)




                Name                               Link     Load   Length Selector   Space Scale
C:\Users\Pierre\AppData\Local\Temp\sle8.o
                text                               1976     1976        2      CBB       0
                init                                32A      32A        4        4       0
                reset_vec                             0        0        6        0       0
                idloc                            200000   200000        8   200000       0
                config                           300000   300000        E   300000       0
dist/default/production\clock_big_7seg_red_v1.production.o
                intcode                               8        8      322        4       0
                temp                                 55       55        1        1       1
                text38                             1568     1568       4E        4       0
                text37                             16E6     16E6       4C        4       0
                text36                             1510     1510       58        4       0
                text35                             14B8     14B8       58        4       0
                text34                              DF4      DF4       F0        4       0
                text33                              FCA      FCA       DC        4       0
                text32                             1732     1732       46        4       0
                text31                             191C     191C       1E        4       0
                text30                             18FE     18FE       1E        4       0
                text29                             13AE     13AE       5A        4       0
                text28                             1952     1952       18        4       0
                text27                              7FA      7FA      1DA        4       0
                text25                             169A     169A       4C        4       0
                text24                             164E     164E       4C        4       0
                text23                             1460     1460       58        4       0
                text22                             1602     1602       4C        4       0
                text21                             15B6     15B6       4C        4       0
                text20                             1408     1408       58        4       0
                text19                              BA8      BA8      13E        4       0
                text18                             187E     187E       26        4       0
                text17                             1858     1858       26        4       0
                text16                             17B8     17B8       38        4       0
                text15                             18E0     18E0       1E        4       0
                text14                             18C2     18C2       1E        4       0
                text13                             18A4     18A4       1E        4       0
                text12                             1354     1354       5A        4       0
                text11                             193A     193A       18        4       0
                text10                              CE6      CE6      10E        4       0
                text9                               9D4      9D4      1D4        4       0
                text8                              1164     1164       A0        4       0
                text7                              10A6     10A6       BE        4       0
                text6                              12F6     12F6       5E        4       0
                text5                              1280     1280       76        4       0
                text4                              1204     1204       7C        4       0
                text3                              1778     1778       40        4       0
                text2                               EE4      EE4       E6        4       0
                text1                              1826     1826       32        4       0
                text0                               32E      32E      4CC        4       0
                cstackCOMRAM                          1        1       36        1       1
                cstackBANK0                          80       80       10       80       1
                dataCOMRAM                           4A       4A        B        1       1
                bssCOMRAM                            37       37       13        1       1
                cinit                              17F0     17F0       36        4       0
                idataCOMRAM                        196A     196A        B        4       0

TOTAL           Name                               Link     Load   Length     Space
        CLASS   STACK          

        CLASS   CODE           
                intcode                               8        8      322         0
                text                               1976     1976        2         0
                init                                32A      32A        4         0
                reset_vec                             0        0        6         0
                text38                             1568     1568       4E         0
                text37                             16E6     16E6       4C         0
                text36                             1510     1510       58         0
                text35                             14B8     14B8       58         0
                text34                              DF4      DF4       F0         0
                text33                              FCA      FCA       DC         0
                text32                             1732     1732       46         0
                text31                             191C     191C       1E         0
                text30                             18FE     18FE       1E         0
                text29                             13AE     13AE       5A         0
                text28                             1952     1952       18         0
                text27                              7FA      7FA      1DA         0
                text25                             169A     169A       4C         0
                text24                             164E     164E       4C         0
                text23                             1460     1460       58         0
                text22                             1602     1602       4C         0
                text21                             15B6     15B6       4C         0
                text20                             1408     1408       58         0
                text19                              BA8      BA8      13E         0
                text18                             187E     187E       26         0
                text17                             1858     1858       26         0
                text16                             17B8     17B8       38         0
                text15                             18E0     18E0       1E         0
                text14                             18C2     18C2       1E         0
                text13                             18A4     18A4       1E         0
                text12                             1354     1354       5A         0
                text11                             193A     193A       18         0
                text10                              CE6      CE6      10E         0
                text9                               9D4      9D4      1D4         0
                text8                              1164     1164       A0         0
                text7                              10A6     10A6       BE         0
                text6                              12F6     12F6       5E         0
                text5                              1280     1280       76         0
                text4                              1204     1204       7C         0
                text3                              1778     1778       40         0
                text2                               EE4      EE4       E6         0
                text1                              1826     1826       32         0
                text0                               32E      32E      4CC         0
                cinit                              17F0     17F0       36         0
                idataCOMRAM                        196A     196A        B         0

        CLASS   CONST          

        CLASS   SMALLCONST     

        CLASS   MEDIUMCONST    

        CLASS   COMRAM         
                temp                                 55       55        1         1
                cstackCOMRAM                          1        1       36         1
                dataCOMRAM                           4A       4A        B         1
                bssCOMRAM                            37       37       13         1

        CLASS   ABS1           

        CLASS   BIGRAM         

        CLASS   RAM            

        CLASS   BANK0          
                cstackBANK0                          80       80       10         1

        CLASS   BANK1          

        CLASS   BANK2          

        CLASS   BANK3          

        CLASS   BANK4          

        CLASS   BANK5          

        CLASS   SFR            

        CLASS   FARRAM         

        CLASS   CONFIG         
                config                           300000   300000        E         0

        CLASS   IDLOC          
                idloc                            200000   200000        8         0

        CLASS   EEDATA         



SEGMENTS        Name                           Load    Length   Top    Selector   Space  Class

                reset_vec                      000000  000006  000006         0       0  CODE    
                cstackCOMRAM                   000001  000055  000056         1       1  COMRAM  
                intcode                        000008  00196D  001975         4       0  CODE    
                cstackBANK0                    000080  000010  000090        80       1  BANK0   
                text                           001976  000002  001978       CBB       0  CODE    
                idloc                          200000  000008  200008    200000       0  IDLOC   
                config                         300000  00000E  30000E    300000       0  CONFIG  


UNUSED ADDRESS RANGES

        Name                Unused          Largest block    Delta
        BANK0            000090-0000FF               70
        BANK1            000100-0001FF              100
        BANK2            000200-0002FF              100
        BANK3            000300-0003FF              100
        BANK4            000400-0004FF              100
        BANK5            000500-0005FF              100
        BIGRAM           000056-00007F               2A
                         000090-0005FF              570
        CODE             000006-000007                2
                         001975-001975                1
                         001978-007FFF             2688
        COMRAM           000056-00007F               2A
        CONST            000006-000007                2
                         001975-001975                1
                         001978-007FFF             6688
        EEDATA           F00000-F000FF              100
        MEDIUMCONST      001975-001975                1
                         001978-007FFF             6688
        RAM              000090-0005FF              100
        SFR              000F80-000FFF               80
        SMALLCONST       001975-001975                1
                         001978-007FFF              100
        STACK            000090-0005FF              570

                                  Symbol Table

?___awdiv                                                                 cstackCOMRAM 000001
?___awmod                                                                 cstackCOMRAM 000001
?___lldiv                                                                 cstackCOMRAM 00001F
_ADCON1                                                                   (abs)        000FC1
_CCP1CONbits                                                              (abs)        000FBD
_CCP2CONbits                                                              (abs)        000FBA
_CCPR1L                                                                   (abs)        000FBE
_CCPR2L                                                                   (abs)        000FBB
_INTCON                                                                   (abs)        000FF2
_INTCONbits                                                               (abs)        000FF2
_LATCbits                                                                 (abs)        000F8B
_PIE1                                                                     (abs)        000F9D
_PIE1bits                                                                 (abs)        000F9D
_PIR1bits                                                                 (abs)        000F9E
_PORTBbits                                                                (abs)        000F81
_PORTCbits                                                                (abs)        000F82
_PR2                                                                      (abs)        000FCB
_RCONbits                                                                 (abs)        000FD0
_SSPADD                                                                   (abs)        000FC8
_SSPBUF                                                                   (abs)        000FC9
_SSPCON1bits                                                              (abs)        000FC6
_SSPCON2                                                                  (abs)        000FC5
_SSPCON2bits                                                              (abs)        000FC5
_SSPSTATbits                                                              (abs)        000FC7
_T0CONbits                                                                (abs)        000FD5
_T2CONbits                                                                (abs)        000FCA
_TRISA                                                                    (abs)        000F92
_TRISB                                                                    (abs)        000F93
_TRISC                                                                    (abs)        000F94
__CFG_BOR$OFF                                                             (abs)        000000
__CFG_LVP$OFF                                                             (abs)        000000
__CFG_OSC$HS                                                              (abs)        000000
__CFG_WDT$OFF                                                             (abs)        000000
__HRAM                                                                    (abs)        000000
__Habs1                                                                   abs1         000000
__Hbank0                                                                  bank0        000000
__Hbank1                                                                  bank1        000000
__Hbank2                                                                  bank2        000000
__Hbank3                                                                  bank3        000000
__Hbank4                                                                  bank4        000000
__Hbank5                                                                  bank5        000000
__Hbigbss                                                                 bigbss       000000
__Hbigdata                                                                bigdata      000000
__Hbigram                                                                 bigram       000000
__Hbss                                                                    bss          000000
__HbssCOMRAM                                                              bssCOMRAM    000000
__Hcinit                                                                  cinit        000000
__Hclrtext                                                                clrtext      000000
__Hcomram                                                                 comram       000000
__Hconfig                                                                 config       30000E
__Hconst                                                                  const        000000
__HcstackBANK0                                                            cstackBANK0  000000
__HcstackCOMRAM                                                           cstackCOMRAM 000000
__Hdata                                                                   data         000000
__HdataCOMRAM                                                             dataCOMRAM   000000
__Heeprom_data                                                            eeprom_data  000000
__Hfarbss                                                                 farbss       000000
__Hfardata                                                                fardata      000000
__Hibigdata                                                               ibigdata     000000
__Hidata                                                                  idata        000000
__HidataCOMRAM                                                            idataCOMRAM  000000
__Hidloc                                                                  idloc        200008
__Hifardata                                                               ifardata     000000
__Hinit                                                                   init         00032E
__Hintcode                                                                intcode      00032A
__Hintcode_body                                                           intcode_body 000000
__Hintcodelo                                                              intcodelo    00032A
__Hintentry                                                               intentry     000000
__Hintret                                                                 intret       000000
__Hintsave_regs                                                           intsave_regs 000000
__Hirdata                                                                 irdata       000000
__Hmediumconst                                                            mediumconst  000000
__HnvFARRAM                                                               nvFARRAM     000000
__Hnvbit                                                                  nvbit        000000
__Hnvrram                                                                 nvrram       000000
__Hparam                                                                  rparam       000000
__Hpowerup                                                                powerup      00032A
__Hram                                                                    ram          000000
__Hramtop                                                                 ramtop       000600
__Hrbit                                                                   rbit         000000
__Hrbss                                                                   rbss         000000
__Hrdata                                                                  rdata        000000
__Hreset_vec                                                              reset_vec    000006
__Hrparam                                                                 rparam       000000
__Hsfr                                                                    sfr          000000
__Hsmallconst                                                             smallconst   000000
__Hspace_0                                                                (abs)        30000E
__Hspace_1                                                                (abs)        000090
__Hspace_2                                                                (abs)        000000
__Hstack                                                                  stack        000000
__Hstruct                                                                 struct       000000
__Htemp                                                                   temp         000056
__Htext                                                                   text         000000
__Htext0                                                                  text0        000000
__Htext1                                                                  text1        000000
__Htext10                                                                 text10       000000
__Htext11                                                                 text11       000000
__Htext12                                                                 text12       000000
__Htext13                                                                 text13       000000
__Htext14                                                                 text14       000000
__Htext15                                                                 text15       000000
__Htext16                                                                 text16       000000
__Htext17                                                                 text17       000000
__Htext18                                                                 text18       000000
__Htext19                                                                 text19       000000
__Htext2                                                                  text2        000000
__Htext20                                                                 text20       000000
__Htext21                                                                 text21       000000
__Htext22                                                                 text22       000000
__Htext23                                                                 text23       000000
__Htext24                                                                 text24       000000
__Htext25                                                                 text25       000000
__Htext27                                                                 text27       000000
__Htext28                                                                 text28       000000
__Htext29                                                                 text29       000000
__Htext3                                                                  text3        000000
__Htext30                                                                 text30       000000
__Htext31                                                                 text31       000000
__Htext32                                                                 text32       000000
__Htext33                                                                 text33       000000
__Htext34                                                                 text34       000000
__Htext35                                                                 text35       000000
__Htext36                                                                 text36       000000
__Htext37                                                                 text37       000000
__Htext38                                                                 text38       000000
__Htext4                                                                  text4        000000
__Htext5                                                                  text5        000000
__Htext6                                                                  text6        000000
__Htext7                                                                  text7        000000
__Htext8                                                                  text8        000000
__Htext9                                                                  text9        000000
__LRAM                                                                    (abs)        000001
__Labs1                                                                   abs1         000000
__Lbank0                                                                  bank0        000000
__Lbank1                                                                  bank1        000000
__Lbank2                                                                  bank2        000000
__Lbank3                                                                  bank3        000000
__Lbank4                                                                  bank4        000000
__Lbank5                                                                  bank5        000000
__Lbigbss                                                                 bigbss       000000
__Lbigdata                                                                bigdata      000000
__Lbigram                                                                 bigram       000000
__Lbss                                                                    bss          000000
__LbssCOMRAM                                                              bssCOMRAM    000000
__Lcinit                                                                  cinit        000000
__Lclrtext                                                                clrtext      000000
__Lcomram                                                                 comram       000000
__Lconfig                                                                 config       300000
__Lconst                                                                  const        000000
__LcstackBANK0                                                            cstackBANK0  000000
__LcstackCOMRAM                                                           cstackCOMRAM 000000
__Ldata                                                                   data         000000
__LdataCOMRAM                                                             dataCOMRAM   000000
__Leeprom_data                                                            eeprom_data  000000
__Lfarbss                                                                 farbss       000000
__Lfardata                                                                fardata      000000
__Libigdata                                                               ibigdata     000000
__Lidata                                                                  idata        000000
__LidataCOMRAM                                                            idataCOMRAM  000000
__Lidloc                                                                  idloc        200000
__Lifardata                                                               ifardata     000000
__Linit                                                                   init         00032A
__Lintcode                                                                intcode      000008
__Lintcode_body                                                           intcode_body 000000
__Lintcodelo                                                              intcodelo    00032A
__Lintentry                                                               intentry     000000
__Lintret                                                                 intret       000000
__Lintsave_regs                                                           intsave_regs 000000
__Lirdata                                                                 irdata       000000
__Lmediumconst                                                            mediumconst  000000
__LnvFARRAM                                                               nvFARRAM     000000
__Lnvbit                                                                  nvbit        000000
__Lnvrram                                                                 nvrram       000000
__Lparam                                                                  rparam       000000
__Lpowerup                                                                powerup      00032A
__Lram                                                                    ram          000000
__Lramtop                                                                 ramtop       000600
__Lrbit                                                                   rbit         000000
__Lrbss                                                                   rbss         000000
__Lrdata                                                                  rdata        000000
__Lreset_vec                                                              reset_vec    000000
__Lrparam                                                                 rparam       000000
__Lsfr                                                                    sfr          000000
__Lsmallconst                                                             smallconst   000000
__Lspace_0                                                                (abs)        000000
__Lspace_1                                                                (abs)        000000
__Lspace_2                                                                (abs)        000000
__Lstack                                                                  stack        000000
__Lstruct                                                                 struct       000000
__Ltemp                                                                   temp         000055
__Ltext                                                                   text         000000
__Ltext0                                                                  text0        000000
__Ltext1                                                                  text1        000000
__Ltext10                                                                 text10       000000
__Ltext11                                                                 text11       000000
__Ltext12                                                                 text12       000000
__Ltext13                                                                 text13       000000
__Ltext14                                                                 text14       000000
__Ltext15                                                                 text15       000000
__Ltext16                                                                 text16       000000
__Ltext17                                                                 text17       000000
__Ltext18                                                                 text18       000000
__Ltext19                                                                 text19       000000
__Ltext2                                                                  text2        000000
__Ltext20                                                                 text20       000000
__Ltext21                                                                 text21       000000
__Ltext22                                                                 text22       000000
__Ltext23                                                                 text23       000000
__Ltext24                                                                 text24       000000
__Ltext25                                                                 text25       000000
__Ltext27                                                                 text27       000000
__Ltext28                                                                 text28       000000
__Ltext29                                                                 text29       000000
__Ltext3                                                                  text3        000000
__Ltext30                                                                 text30       000000
__Ltext31                                                                 text31       000000
__Ltext32                                                                 text32       000000
__Ltext33                                                                 text33       000000
__Ltext34                                                                 text34       000000
__Ltext35                                                                 text35       000000
__Ltext36                                                                 text36       000000
__Ltext37                                                                 text37       000000
__Ltext38                                                                 text38       000000
__Ltext4                                                                  text4        000000
__Ltext5                                                                  text5        000000
__Ltext6                                                                  text6        000000
__Ltext7                                                                  text7        000000
__Ltext8                                                                  text8        000000
__Ltext9                                                                  text9        000000
__S0                                                                      (abs)        30000E
__S1                                                                      (abs)        000090
__S2                                                                      (abs)        000000
___awdiv                                                                  text34       000DF4
___awdiv@counter                                                          cstackCOMRAM 000005
___awdiv@dividend                                                         cstackCOMRAM 000001
___awdiv@divisor                                                          cstackCOMRAM 000003
___awdiv@quotient                                                         cstackCOMRAM 000007
___awdiv@sign                                                             cstackCOMRAM 000006
___awmod                                                                  text33       000FCA
___awmod@counter                                                          cstackCOMRAM 000005
___awmod@dividend                                                         cstackCOMRAM 000001
___awmod@divisor                                                          cstackCOMRAM 000003
___awmod@sign                                                             cstackCOMRAM 000006
___inthi_sp                                                               stack        000000
___intlo_sp                                                               stack        000000
___lldiv                                                                  text7        0010A6
___lldiv@counter                                                          cstackCOMRAM 00002B
___lldiv@dividend                                                         cstackCOMRAM 00001F
___lldiv@divisor                                                          cstackCOMRAM 000023
___lldiv@quotient                                                         cstackCOMRAM 000027
___param_bank                                                             (abs)        000000
___rparam_used                                                            (abs)        000001
___sp                                                                     stack        000000
__accesstop                                                               (abs)        000080
__activetblptr                                                            (abs)        000000
__cntErrataNOP_C:\Users\Pierre\AppData\Local\Temp\sle8.o                  (abs)        000001
__cntErrataNOP_dist/default/production\clock_big_7seg_red_v1.production.o (abs)        000197
__end_of___awdiv                                                          text34       000EE4
__end_of___awmod                                                          text33       0010A6
__end_of___lldiv                                                          text7        001164
__end_of__initialization                                                  cinit        00181C
__end_of_bcd_2_bin                                                        text18       0018A4
__end_of_bin_2_bcd                                                        text32       001778
__end_of_datetime_decrease_days                                           text25       0016E6
__end_of_datetime_decrease_hours                                          text24       00169A
__end_of_datetime_decrease_minutes                                        text23       0014B8
__end_of_datetime_increase_days                                           text22       00164E
__end_of_datetime_increase_hours                                          text21       001602
__end_of_datetime_increase_minutes                                        text20       001460
__end_of_datetime_increase_seconds                                        text35       001510
__end_of_dec_2_bcd                                                        text19       000CE6
__end_of_delay_ms                                                         text6        001354
__end_of_ds1307_get_time                                                  text9        000BA8
__end_of_ds1307_init                                                      text8        001204
__end_of_ds1307_set_time                                                  text27       0009D4
__end_of_i2c_init                                                         text5        0012F6
__end_of_i2c_read                                                         text16       0017F0
__end_of_i2c_read_reg                                                     text10       000DF4
__end_of_i2c_rstart                                                       text15       0018FE
__end_of_i2c_send_ack                                                     text17       00187E
__end_of_i2c_start                                                        text14       0018E0
__end_of_i2c_stop                                                         text13       0018C2
__end_of_i2c_wait_ack                                                     text12       0013AE
__end_of_i2c_write                                                        text11       001952
__end_of_main                                                             text0        0007FA
__end_of_pcf8574_write_port                                               text4        001280
__end_of_pwm_init                                                         text3        0017B8
__end_of_pwm_set_duty                                                     text2        000FCA
__end_of_timer2_init                                                      text1        001858
__end_of_timer2_irq                                                       intcode      00032A
__end_ofi2_datetime_increase_days                                         text38       0015B4
__end_ofi2_datetime_increase_hours                                        text37       001732
__end_ofi2_datetime_increase_minutes                                      text36       001568
__end_ofi2_i2c_start                                                      text31       00193A
__end_ofi2_i2c_stop                                                       text30       00191C
__end_ofi2_i2c_wait_ack                                                   text29       001408
__end_ofi2_i2c_write                                                      text28       00196A
__initialization                                                          cinit        0017F0
__mediumconst                                                             mediumconst  000000
__pbssCOMRAM                                                              bssCOMRAM    000037
__pcinit                                                                  cinit        0017F0
__pcstackBANK0                                                            cstackBANK0  000080
__pcstackCOMRAM                                                           cstackCOMRAM 000001
__pdataCOMRAM                                                             dataCOMRAM   00004A
__pidataCOMRAM                                                            idataCOMRAM  00196A
__pintcode                                                                intcode      000008
__ptext0                                                                  text0        00032E
__ptext1                                                                  text1        001826
__ptext10                                                                 text10       000CE6
__ptext11                                                                 text11       00193A
__ptext12                                                                 text12       001354
__ptext13                                                                 text13       0018A4
__ptext14                                                                 text14       0018C2
__ptext15                                                                 text15       0018E0
__ptext16                                                                 text16       0017B8
__ptext17                                                                 text17       001858
__ptext18                                                                 text18       00187E
__ptext19                                                                 text19       000BA8
__ptext2                                                                  text2        000EE4
__ptext20                                                                 text20       001408
__ptext21                                                                 text21       0015B6
__ptext22                                                                 text22       001602
__ptext23                                                                 text23       001460
__ptext24                                                                 text24       00164E
__ptext25                                                                 text25       00169A
__ptext27                                                                 text27       0007FA
__ptext28                                                                 text28       001952
__ptext29                                                                 text29       0013AE
__ptext3                                                                  text3        001778
__ptext30                                                                 text30       0018FE
__ptext31                                                                 text31       00191C
__ptext32                                                                 text32       001732
__ptext33                                                                 text33       000FCA
__ptext34                                                                 text34       000DF4
__ptext35                                                                 text35       0014B8
__ptext36                                                                 text36       001510
__ptext37                                                                 text37       0016E6
__ptext38                                                                 text38       001568
__ptext4                                                                  text4        001204
__ptext5                                                                  text5        001280
__ptext6                                                                  text6        0012F6
__ptext7                                                                  text7        0010A6
__ptext8                                                                  text8        001164
__ptext9                                                                  text9        0009D4
__ramtop                                                                  ramtop       000600
__size_of___awdiv                                                         (abs)        000000
__size_of___awmod                                                         (abs)        000000
__size_of___lldiv                                                         (abs)        000000
__size_of_bcd_2_bin                                                       (abs)        000000
__size_of_bin_2_bcd                                                       (abs)        000000
__size_of_datetime_decrease_days                                          (abs)        000000
__size_of_datetime_decrease_hours                                         (abs)        000000
__size_of_datetime_decrease_minutes                                       (abs)        000000
__size_of_datetime_increase_days                                          (abs)        000000
__size_of_datetime_increase_hours                                         (abs)        000000
__size_of_datetime_increase_minutes                                       (abs)        000000
__size_of_datetime_increase_seconds                                       (abs)        000000
__size_of_dec_2_bcd                                                       (abs)        000000
__size_of_delay_ms                                                        (abs)        000000
__size_of_ds1307_get_time                                                 (abs)        000000
__size_of_ds1307_init                                                     (abs)        000000
__size_of_ds1307_set_time                                                 (abs)        000000
__size_of_i2c_init                                                        (abs)        000000
__size_of_i2c_read                                                        (abs)        000000
__size_of_i2c_read_reg                                                    (abs)        000000
__size_of_i2c_rstart                                                      (abs)        000000
__size_of_i2c_send_ack                                                    (abs)        000000
__size_of_i2c_start                                                       (abs)        000000
__size_of_i2c_stop                                                        (abs)        000000
__size_of_i2c_wait_ack                                                    (abs)        000000
__size_of_i2c_write                                                       (abs)        000000
__size_of_main                                                            (abs)        000000
__size_of_pcf8574_write_port                                              (abs)        000000
__size_of_pwm_init                                                        (abs)        000000
__size_of_pwm_set_duty                                                    (abs)        000000
__size_of_timer2_init                                                     (abs)        000000
__size_of_timer2_irq                                                      (abs)        000000
__size_ofi2_datetime_increase_days                                        (abs)        000000
__size_ofi2_datetime_increase_hours                                       (abs)        000000
__size_ofi2_datetime_increase_minutes                                     (abs)        000000
__size_ofi2_i2c_start                                                     (abs)        000000
__size_ofi2_i2c_stop                                                      (abs)        000000
__size_ofi2_i2c_wait_ack                                                  (abs)        000000
__size_ofi2_i2c_write                                                     (abs)        000000
__smallconst                                                              smallconst   000000
_addr_flag                                                                bssCOMRAM    000041
_addr_ptr                                                                 bssCOMRAM    00003F
_bcd_2_bin                                                                text18       00187E
_bin_2_bcd                                                                text32       001732
_data_flag                                                                bssCOMRAM    000040
_datetime_decrease_days                                                   text25       00169A
_datetime_decrease_hours                                                  text24       00164E
_datetime_decrease_minutes                                                text23       001460
_datetime_increase_days                                                   text22       001602
_datetime_increase_hours                                                  text21       0015B6
_datetime_increase_minutes                                                text20       001408
_datetime_increase_seconds                                                text35       0014B8
_dec_2_bcd                                                                text19       000BA8
_delay_ms                                                                 text6        0012F6
_ds1307_get_time                                                          text9        0009D4
_ds1307_init                                                              text8        001164
_ds1307_set_time                                                          text27       0007FA
_i2c_init                                                                 text5        001280
_i2c_read                                                                 text16       0017B8
_i2c_read_reg                                                             text10       000CE6
_i2c_rstart                                                               text15       0018E0
_i2c_send_ack                                                             text17       001858
_i2c_start                                                                text14       0018C2
_i2c_stop                                                                 text13       0018A4
_i2c_wait_ack                                                             text12       001354
_i2c_write                                                                text11       00193A
_main                                                                     text0        00032E
_pcf8574_write_port                                                       text4        001204
_pwm_init                                                                 text3        001778
_pwm_set_duty                                                             text2        000EE4
_t                                                                        bssCOMRAM    000043
_time_has_changed                                                         bssCOMRAM    000042
_timer2_init                                                              text1        001826
_timer2_irq                                                               intcode      000008
bcd_2_bin@bcd                                                             cstackCOMRAM 000022
bcd_2_bin@bin                                                             cstackCOMRAM 00001F
bin_2_bcd@bcd                                                             cstackCOMRAM 000009
bin_2_bcd@bin                                                             cstackCOMRAM 00000D
btemp                                                                     temp         000055
datetime_decrease_days@t                                                  cstackCOMRAM 00001F
datetime_decrease_hours@t                                                 cstackCOMRAM 000021
datetime_decrease_minutes@t                                               cstackCOMRAM 000023
datetime_increase_days@t                                                  cstackCOMRAM 00001F
datetime_increase_hours@t                                                 cstackCOMRAM 000022
datetime_increase_minutes@t                                               cstackCOMRAM 000025
datetime_increase_seconds@t                                               cstackCOMRAM 00000A
dec_2_bcd@bcd                                                             cstackCOMRAM 000021
dec_2_bcd@dec                                                             cstackCOMRAM 00001F
delay_ms@i                                                                cstackCOMRAM 000021
delay_ms@k                                                                cstackCOMRAM 000023
delay_ms@loop                                                             cstackCOMRAM 00001F
ds1307_get_time@adr_chip                                                  cstackCOMRAM 00002C
ds1307_get_time@i2c_bus_id                                                cstackCOMRAM 00002F
ds1307_get_time@t                                                         cstackCOMRAM 00002D
ds1307_get_time@tmp                                                       cstackCOMRAM 000030
ds1307_init@adr_chip                                                      cstackCOMRAM 000023
ds1307_init@i2c_bus_id                                                    cstackCOMRAM 000024
ds1307_set_time@adr_chip                                                  cstackCOMRAM 00000E
ds1307_set_time@i2c_bus_id                                                cstackCOMRAM 000016
ds1307_set_time@t                                                         cstackCOMRAM 00000F
ds1307_set_time@tmp                                                       cstackCOMRAM 000017
end_of_initialization                                                     cinit        00181C
i2_datetime_increase_days                                                 text38       001568
i2_datetime_increase_hours                                                text37       0016E6
i2_datetime_increase_minutes                                              text36       001510
i2_i2c_start                                                              text31       00191C
i2_i2c_stop                                                               text30       0018FE
i2_i2c_wait_ack                                                           text29       0013AE
i2_i2c_write                                                              text28       001952
i2c_init@I2C_BRG                                                          cstackCOMRAM 000032
i2c_init@bus_id                                                           cstackCOMRAM 000036
i2c_init@freq                                                             cstackCOMRAM 00002C
i2c_init@opt                                                              cstackCOMRAM 000030
i2c_read@ack                                                              cstackCOMRAM 000021
i2c_read@bus_id                                                           cstackCOMRAM 000025
i2c_read@data                                                             cstackCOMRAM 000022
i2c_read_reg@adr_chip                                                     cstackCOMRAM 000026
i2c_read_reg@adr_reg                                                      cstackCOMRAM 000027
i2c_read_reg@bus_id                                                       cstackCOMRAM 00002B
i2c_read_reg@data                                                         cstackCOMRAM 000028
i2c_send_ack@Ack                                                          cstackCOMRAM 00001F
i2c_wait_ack@i                                                            cstackCOMRAM 00001F
i2c_write@bus_id                                                          cstackCOMRAM 000021
i2c_write@data                                                            cstackCOMRAM 000020
i2c_write@result                                                          cstackCOMRAM 000022
i2datetime_increase_days@t                                                cstackCOMRAM 000001
i2datetime_increase_hours@t                                               cstackCOMRAM 000004
i2datetime_increase_minutes@t                                             cstackCOMRAM 000007
i2i2c_wait_ack@i                                                          cstackCOMRAM 000001
i2i2c_write@bus_id                                                        cstackCOMRAM 000003
i2i2c_write@data                                                          cstackCOMRAM 000002
i2i2c_write@result                                                        cstackCOMRAM 000004
int$flags                                                                 temp         000055
intlevel0                                                                 text         001976
intlevel1                                                                 text         001976
intlevel2                                                                 text         001976
intlevel3                                                                 text         001976
main@F2556                                                                dataCOMRAM   00004A
main@bcd                                                                  cstackBANK0  00008B
main@segments                                                             cstackBANK0  000080
pcf8574_write_port@adr_chip                                               cstackCOMRAM 000023
pcf8574_write_port@data                                                   cstackCOMRAM 000024
pcf8574_write_port@i2c_bus_id                                             cstackCOMRAM 000025
pwm_init@duty                                                             cstackCOMRAM 000021
pwm_init@freq                                                             cstackCOMRAM 00001F
pwm_init@pwm_id                                                           cstackCOMRAM 000023
pwm_set_duty@duty                                                         cstackCOMRAM 00001F
pwm_set_duty@pwm_id                                                       cstackCOMRAM 000023
stackhi                                                                   (abs)        0005FF
stacklo                                                                   (abs)        000090
start                                                                     init         00032A
start_initialization                                                      cinit        0017F0
timer2_init@scaler                                                        cstackCOMRAM 000022
timer2_init@timer                                                         cstackCOMRAM 00001F
timer2_irq@CntTmr1                                                        bssCOMRAM    00003B
timer2_irq@CntTmr2                                                        bssCOMRAM    000037
ttemp5                                                                    temp         000056
ttemp6                                                                    temp         000059
ttemp7                                                                    temp         00005D
wtemp8                                                                    temp         000056


FUNCTION INFORMATION:

 *************** function _main *****************
 Defined at:
		line 100 in file "main.c"
 Parameters:    Size  Location     Type
		None
 Auto vars:     Size  Location     Type
  segments       11    0[BANK0 ] unsigned char [11]
  bcd             5   11[BANK0 ] unsigned char [5]
 Return value:  Size  Location     Type
                  1    wreg      void 
 Registers used:
		wreg, fsr1l, fsr1h, fsr2l, fsr2h, status,2, status,0, prodl, prodh, cstack
 Tracked objects:
		On entry : 
		On exit  : 
		Unchanged: 
 Data sizes:     COMRAM   BANK0   BANK1   BANK2   BANK3   BANK4   BANK5
      Params:         0       0       0       0       0       0       0
      Locals:         0      16       0       0       0       0       0
      Temps:          0       0       0       0       0       0       0
      Totals:         0      16       0       0       0       0       0
Total ram usage:       16 bytes
 Hardware stack levels required when called:    9
 This function calls:
		_datetime_decrease_hours
		_datetime_decrease_minutes
		_datetime_increase_hours
		_datetime_increase_minutes
		_dec_2_bcd
		_delay_ms
		_ds1307_get_time
		_ds1307_init
		_i2c_init
		_pcf8574_write_port
		_pwm_init
		_pwm_set_duty
		_timer2_init
 This function is called by:
		Startup code after reset
 This function uses a non-reentrant model


 *************** function _timer2_init *****************
 Defined at:
		line 82 in file "../../lib_pic/timer.c"
 Parameters:    Size  Location     Type
  scaler          1    wreg     enum E2398
  timer           2   30[COMRAM] unsigned short 
 Auto vars:     Size  Location     Type
  scaler          1   33[COMRAM] enum E2398
 Return value:  Size  Location     Type
                  1    wreg      void 
 Registers used:
		wreg, status,2, status,0
 Tracked objects:
		On entry : 
		On exit  : 
		Unchanged: 
 Data sizes:     COMRAM   BANK0   BANK1   BANK2   BANK3   BANK4   BANK5
      Params:         2       0       0       0       0       0       0
      Locals:         1       0       0       0       0       0       0
      Temps:          1       0       0       0       0       0       0
      Totals:         4       0       0       0       0       0       0
Total ram usage:        4 bytes
 Hardware stack levels used:    1
 Hardware stack levels required when called:    5
 This function calls:
		Nothing
 This function is called by:
		_main
 This function uses a non-reentrant model


 *************** function _pwm_set_duty *****************
 Defined at:
		line 51 in file "../../lib_pic/pwm.c"
 Parameters:    Size  Location     Type
  pwm_id          1    wreg     enum E2390
  duty            2   30[COMRAM] unsigned short 
 Auto vars:     Size  Location     Type
  pwm_id          1   34[COMRAM] enum E2390
 Return value:  Size  Location     Type
                  1    wreg      void 
 Registers used:
		wreg, status,2, status,0
 Tracked objects:
		On entry : 
		On exit  : 
		Unchanged: 
 Data sizes:     COMRAM   BANK0   BANK1   BANK2   BANK3   BANK4   BANK5
      Params:         2       0       0       0       0       0       0
      Locals:         1       0       0       0       0       0       0
      Temps:          2       0       0       0       0       0       0
      Totals:         5       0       0       0       0       0       0
Total ram usage:        5 bytes
 Hardware stack levels used:    1
 Hardware stack levels required when called:    5
 This function calls:
		Nothing
 This function is called by:
		_main
 This function uses a non-reentrant model


 *************** function _pwm_init *****************
 Defined at:
		line 8 in file "../../lib_pic/pwm.c"
 Parameters:    Size  Location     Type
  pwm_id          1    wreg     enum E2390
  freq            2   30[COMRAM] unsigned short 
  duty            2   32[COMRAM] unsigned short 
 Auto vars:     Size  Location     Type
  pwm_id          1   34[COMRAM] enum E2390
 Return value:  Size  Location     Type
                  1    wreg      void 
 Registers used:
		wreg, status,2, status,0
 Tracked objects:
		On entry : 
		On exit  : 
		Unchanged: 
 Data sizes:     COMRAM   BANK0   BANK1   BANK2   BANK3   BANK4   BANK5
      Params:         4       0       0       0       0       0       0
      Locals:         1       0       0       0       0       0       0
      Temps:          0       0       0       0       0       0       0
      Totals:         5       0       0       0       0       0       0
Total ram usage:        5 bytes
 Hardware stack levels used:    1
 Hardware stack levels required when called:    5
 This function calls:
		Nothing
 This function is called by:
		_main
 This function uses a non-reentrant model


 *************** function _pcf8574_write_port *****************
 Defined at:
		line 8 in file "../../lib_comp/pcf8574.c"
 Parameters:    Size  Location     Type
  i2c_bus_id      1    wreg     enum E2394
  adr_chip        1   34[COMRAM] unsigned char 
  data            1   35[COMRAM] unsigned char 
 Auto vars:     Size  Location     Type
  i2c_bus_id      1   36[COMRAM] enum E2394
 Return value:  Size  Location     Type
                  1    wreg      enum E2383
 Registers used:
		wreg, status,2, status,0, cstack
 Tracked objects:
		On entry : 
		On exit  : 
		Unchanged: 
 Data sizes:     COMRAM   BANK0   BANK1   BANK2   BANK3   BANK4   BANK5
      Params:         2       0       0       0       0       0       0
      Locals:         1       0       0       0       0       0       0
      Temps:          0       0       0       0       0       0       0
      Totals:         3       0       0       0       0       0       0
Total ram usage:        3 bytes
 Hardware stack levels used:    1
 Hardware stack levels required when called:    7
 This function calls:
		_i2c_start
		_i2c_stop
		_i2c_write
 This function is called by:
		_main
 This function uses a non-reentrant model


 *************** function _i2c_init *****************
 Defined at:
		line 14 in file "../../lib_pic/i2c.c"
 Parameters:    Size  Location     Type
  bus_id          1    wreg     enum E2394
  freq            4   43[COMRAM] unsigned long 
  opt             2   47[COMRAM] unsigned short 
 Auto vars:     Size  Location     Type
  bus_id          1   53[COMRAM] enum E2394
  I2C_BRG         4   49[COMRAM] unsigned long 
 Return value:  Size  Location     Type
                  1    wreg      enum E2383
 Registers used:
		wreg, status,2, status,0, cstack
 Tracked objects:
		On entry : 
		On exit  : 
		Unchanged: 
 Data sizes:     COMRAM   BANK0   BANK1   BANK2   BANK3   BANK4   BANK5
      Params:         6       0       0       0       0       0       0
      Locals:         5       0       0       0       0       0       0
      Temps:          0       0       0       0       0       0       0
      Totals:        11       0       0       0       0       0       0
Total ram usage:       11 bytes
 Hardware stack levels used:    1
 Hardware stack levels required when called:    6
 This function calls:
		___lldiv
		_delay_ms
 This function is called by:
		_main
 This function uses a non-reentrant model


 *************** function _delay_ms *****************
 Defined at:
		line 39 in file "../../lib_misc/delays.c"
 Parameters:    Size  Location     Type
  loop            2   30[COMRAM] unsigned short 
 Auto vars:     Size  Location     Type
  k               2   34[COMRAM] unsigned short 
  i               2   32[COMRAM] unsigned short 
 Return value:  Size  Location     Type
                  1    wreg      void 
 Registers used:
		wreg, status,2, status,0
 Tracked objects:
		On entry : 
		On exit  : 
		Unchanged: 
 Data sizes:     COMRAM   BANK0   BANK1   BANK2   BANK3   BANK4   BANK5
      Params:         2       0       0       0       0       0       0
      Locals:         4       0       0       0       0       0       0
      Temps:          0       0       0       0       0       0       0
      Totals:         6       0       0       0       0       0       0
Total ram usage:        6 bytes
 Hardware stack levels used:    1
 Hardware stack levels required when called:    5
 This function calls:
		Nothing
 This function is called by:
		_main
		_i2c_init
 This function uses a non-reentrant model


 *************** function ___lldiv *****************
 Defined at:
		line 7 in file "C:\Programs\Microchip\xc8\v2.10\pic\sources\c99\common\__lldiv.c"
 Parameters:    Size  Location     Type
  dividend        4   30[COMRAM] unsigned long 
  divisor         4   34[COMRAM] unsigned long 
 Auto vars:     Size  Location     Type
  quotient        4   38[COMRAM] unsigned long 
  counter         1   42[COMRAM] unsigned char 
 Return value:  Size  Location     Type
                  4   30[COMRAM] unsigned long 
 Registers used:
		wreg, status,2, status,0
 Tracked objects:
		On entry : 
		On exit  : 
		Unchanged: 
 Data sizes:     COMRAM   BANK0   BANK1   BANK2   BANK3   BANK4   BANK5
      Params:         8       0       0       0       0       0       0
      Locals:         5       0       0       0       0       0       0
      Temps:          0       0       0       0       0       0       0
      Totals:        13       0       0       0       0       0       0
Total ram usage:       13 bytes
 Hardware stack levels used:    1
 Hardware stack levels required when called:    5
 This function calls:
		Nothing
 This function is called by:
		_i2c_init
 This function uses a non-reentrant model


 *************** function _ds1307_init *****************
 Defined at:
		line 10 in file "../../lib_comp/ds1307.c"
 Parameters:    Size  Location     Type
  i2c_bus_id      1    wreg     enum E2448
  adr_chip        1   34[COMRAM] unsigned char 
 Auto vars:     Size  Location     Type
  i2c_bus_id      1   35[COMRAM] enum E2448
 Return value:  Size  Location     Type
                  1    wreg      enum E2383
 Registers used:
		wreg, status,2, status,0, cstack
 Tracked objects:
		On entry : 
		On exit  : 
		Unchanged: 
 Data sizes:     COMRAM   BANK0   BANK1   BANK2   BANK3   BANK4   BANK5
      Params:         1       0       0       0       0       0       0
      Locals:         1       0       0       0       0       0       0
      Temps:          0       0       0       0       0       0       0
      Totals:         2       0       0       0       0       0       0
Total ram usage:        2 bytes
 Hardware stack levels used:    1
 Hardware stack levels required when called:    7
 This function calls:
		_i2c_start
		_i2c_stop
		_i2c_write
 This function is called by:
		_main
 This function uses a non-reentrant model


 *************** function _ds1307_get_time *****************
 Defined at:
		line 35 in file "../../lib_comp/ds1307.c"
 Parameters:    Size  Location     Type
  i2c_bus_id      1    wreg     enum E2448
  adr_chip        1   43[COMRAM] unsigned char 
  t               2   44[COMRAM] PTR struct .
		 -> t(7), 
 Auto vars:     Size  Location     Type
  i2c_bus_id      1   46[COMRAM] enum E2448
  tmp             1   47[COMRAM] unsigned char 
 Return value:  Size  Location     Type
                  1    wreg      enum E2383
 Registers used:
		wreg, fsr2l, fsr2h, status,2, status,0, prodl, prodh, cstack
 Tracked objects:
		On entry : 
		On exit  : 
		Unchanged: 
 Data sizes:     COMRAM   BANK0   BANK1   BANK2   BANK3   BANK4   BANK5
      Params:         3       0       0       0       0       0       0
      Locals:         2       0       0       0       0       0       0
      Temps:          0       0       0       0       0       0       0
      Totals:         5       0       0       0       0       0       0
Total ram usage:        5 bytes
 Hardware stack levels used:    1
 Hardware stack levels required when called:    8
 This function calls:
		_bcd_2_bin
		_i2c_read_reg
 This function is called by:
		_main
 This function uses a non-reentrant model


 *************** function _i2c_read_reg *****************
 Defined at:
		line 513 in file "../../lib_pic/i2c.c"
 Parameters:    Size  Location     Type
  bus_id          1    wreg     enum E2394
  adr_chip        1   37[COMRAM] unsigned char 
  adr_reg         1   38[COMRAM] unsigned char 
  data            2   39[COMRAM] PTR unsigned char 
		 -> ds1307_get_time@tmp(1), 
 Auto vars:     Size  Location     Type
  bus_id          1   42[COMRAM] enum E2394
  result          1    0        enum E2383
 Return value:  Size  Location     Type
                  1    wreg      enum E2383
 Registers used:
		wreg, fsr2l, fsr2h, status,2, status,0, cstack
 Tracked objects:
		On entry : 
		On exit  : 
		Unchanged: 
 Data sizes:     COMRAM   BANK0   BANK1   BANK2   BANK3   BANK4   BANK5
      Params:         4       0       0       0       0       0       0
      Locals:         2       0       0       0       0       0       0
      Temps:          0       0       0       0       0       0       0
      Totals:         6       0       0       0       0       0       0
Total ram usage:        6 bytes
 Hardware stack levels used:    1
 Hardware stack levels required when called:    7
 This function calls:
		_i2c_read
		_i2c_rstart
		_i2c_start
		_i2c_stop
		_i2c_write
 This function is called by:
		_ds1307_get_time
 This function uses a non-reentrant model


 *************** function _i2c_write *****************
 Defined at:
		line 364 in file "../../lib_pic/i2c.c"
 Parameters:    Size  Location     Type
  bus_id          1    wreg     enum E2394
  data            1   31[COMRAM] unsigned char 
 Auto vars:     Size  Location     Type
  bus_id          1   32[COMRAM] enum E2394
  result          1   33[COMRAM] enum E2383
 Return value:  Size  Location     Type
                  1    wreg      enum E2383
 Registers used:
		wreg, status,2, status,0, cstack
 Tracked objects:
		On entry : 
		On exit  : 
		Unchanged: 
 Data sizes:     COMRAM   BANK0   BANK1   BANK2   BANK3   BANK4   BANK5
      Params:         1       0       0       0       0       0       0
      Locals:         2       0       0       0       0       0       0
      Temps:          0       0       0       0       0       0       0
      Totals:         3       0       0       0       0       0       0
Total ram usage:        3 bytes
 Hardware stack levels used:    1
 Hardware stack levels required when called:    6
 This function calls:
		_i2c_wait_ack
 This function is called by:
		_i2c_read_reg
		_ds1307_init
		_pcf8574_write_port
		_i2c_write_reg
		_pcf8574_read_port
 This function uses a non-reentrant model


 *************** function _i2c_wait_ack *****************
 Defined at:
		line 259 in file "../../lib_pic/i2c.c"
 Parameters:    Size  Location     Type
  bus_id          1    wreg     enum E2394
 Auto vars:     Size  Location     Type
  bus_id          1    0[COMRAM] enum E2394
  i               1   30[COMRAM] unsigned char 
 Return value:  Size  Location     Type
                  1    wreg      enum E2383
 Registers used:
		wreg, status,2, status,0
 Tracked objects:
		On entry : 
		On exit  : 
		Unchanged: 
 Data sizes:     COMRAM   BANK0   BANK1   BANK2   BANK3   BANK4   BANK5
      Params:         0       0       0       0       0       0       0
      Locals:         1       0       0       0       0       0       0
      Temps:          0       0       0       0       0       0       0
      Totals:         1       0       0       0       0       0       0
Total ram usage:        1 bytes
 Hardware stack levels used:    1
 Hardware stack levels required when called:    5
 This function calls:
		Nothing
 This function is called by:
		_i2c_write
 This function uses a non-reentrant model


 *************** function _i2c_stop *****************
 Defined at:
		line 412 in file "../../lib_pic/i2c.c"
 Parameters:    Size  Location     Type
  bus_id          1    wreg     enum E2394
 Auto vars:     Size  Location     Type
  bus_id          1    0[COMRAM] enum E2394
 Return value:  Size  Location     Type
                  1    wreg      enum E2383
 Registers used:
		wreg
 Tracked objects:
		On entry : 
		On exit  : 
		Unchanged: 
 Data sizes:     COMRAM   BANK0   BANK1   BANK2   BANK3   BANK4   BANK5
      Params:         0       0       0       0       0       0       0
      Locals:         0       0       0       0       0       0       0
      Temps:          0       0       0       0       0       0       0
      Totals:         0       0       0       0       0       0       0
Total ram usage:        0 bytes
 Hardware stack levels used:    1
 Hardware stack levels required when called:    5
 This function calls:
		Nothing
 This function is called by:
		_i2c_read_reg
		_ds1307_init
		_pcf8574_write_port
		_i2c_write_reg
		_pcf8574_read_port
 This function uses a non-reentrant model


 *************** function _i2c_start *****************
 Defined at:
		line 137 in file "../../lib_pic/i2c.c"
 Parameters:    Size  Location     Type
  bus_id          1    wreg     enum E2394
 Auto vars:     Size  Location     Type
  bus_id          1    0[COMRAM] enum E2394
  result          1    0        enum E2383
 Return value:  Size  Location     Type
                  1    wreg      enum E2383
 Registers used:
		wreg, status,2
 Tracked objects:
		On entry : 
		On exit  : 
		Unchanged: 
 Data sizes:     COMRAM   BANK0   BANK1   BANK2   BANK3   BANK4   BANK5
      Params:         0       0       0       0       0       0       0
      Locals:         1       0       0       0       0       0       0
      Temps:          0       0       0       0       0       0       0
      Totals:         1       0       0       0       0       0       0
Total ram usage:        1 bytes
 Hardware stack levels used:    1
 Hardware stack levels required when called:    5
 This function calls:
		Nothing
 This function is called by:
		_i2c_read_reg
		_ds1307_init
		_pcf8574_write_port
		_i2c_write_reg
		_pcf8574_read_port
 This function uses a non-reentrant model


 *************** function _i2c_rstart *****************
 Defined at:
		line 179 in file "../../lib_pic/i2c.c"
 Parameters:    Size  Location     Type
  bus_id          1    wreg     enum E2394
 Auto vars:     Size  Location     Type
  bus_id          1    0[COMRAM] enum E2394
  result          1    0        enum E2383
 Return value:  Size  Location     Type
                  1    wreg      enum E2383
 Registers used:
		wreg, status,2
 Tracked objects:
		On entry : 
		On exit  : 
		Unchanged: 
 Data sizes:     COMRAM   BANK0   BANK1   BANK2   BANK3   BANK4   BANK5
      Params:         0       0       0       0       0       0       0
      Locals:         1       0       0       0       0       0       0
      Temps:          0       0       0       0       0       0       0
      Totals:         1       0       0       0       0       0       0
Total ram usage:        1 bytes
 Hardware stack levels used:    1
 Hardware stack levels required when called:    5
 This function calls:
		Nothing
[...]
 This function calls:
		_datetime_decrease_hours
 This function is called by:
		_main
		_datetime_decrease_seconds
 This function uses a non-reentrant model


 *************** function _datetime_decrease_hours *****************
 Defined at:
		line 57 in file "../../lib_misc/date_time.c"
 Parameters:    Size  Location     Type
  t               2   32[COMRAM] PTR struct .
		 -> t(7), 
 Auto vars:     Size  Location     Type
		None
 Return value:  Size  Location     Type
                  1    wreg      void 
 Registers used:
		wreg, fsr2l, fsr2h, status,2, status,0, cstack
 Tracked objects:
		On entry : 
		On exit  : 
		Unchanged: 
 Data sizes:     COMRAM   BANK0   BANK1   BANK2   BANK3   BANK4   BANK5
      Params:         2       0       0       0       0       0       0
      Locals:         0       0       0       0       0       0       0
      Temps:          0       0       0       0       0       0       0
      Totals:         2       0       0       0       0       0       0
Total ram usage:        2 bytes
 Hardware stack levels used:    1
 Hardware stack levels required when called:    6
 This function calls:
		_datetime_decrease_days
 This function is called by:
		_main
		_datetime_decrease_minutes
 This function uses a non-reentrant model


 *************** function _datetime_decrease_days *****************
 Defined at:
		line 83 in file "../../lib_misc/date_time.c"
 Parameters:    Size  Location     Type
  t               2   30[COMRAM] PTR struct .
		 -> t(7), 
 Auto vars:     Size  Location     Type
		None
 Return value:  Size  Location     Type
                  1    wreg      void 
 Registers used:
		wreg, fsr2l, fsr2h, status,2, status,0
 Tracked objects:
		On entry : 
		On exit  : 
		Unchanged: 
 Data sizes:     COMRAM   BANK0   BANK1   BANK2   BANK3   BANK4   BANK5
      Params:         2       0       0       0       0       0       0
      Locals:         0       0       0       0       0       0       0
      Temps:          0       0       0       0       0       0       0
      Totals:         2       0       0       0       0       0       0
Total ram usage:        2 bytes
 Hardware stack levels used:    1
 Hardware stack levels required when called:    5
 This function calls:
		Nothing
 This function is called by:
		_datetime_decrease_hours
 This function uses a non-reentrant model


 *************** function _timer2_irq *****************
 Defined at:
		line 57 in file "main.c"
 Parameters:    Size  Location     Type
		None
 Auto vars:     Size  Location     Type
		None
 Return value:  Size  Location     Type
                  1    wreg      void 
 Registers used:
		wreg, fsr0l, fsr0h, fsr2l, fsr2h, status,2, status,0, prodl, prodh, cstack
 Tracked objects:
		On entry : 
		On exit  : 
		Unchanged: 
 Data sizes:     COMRAM   BANK0   BANK1   BANK2   BANK3   BANK4   BANK5
      Params:         0       0       0       0       0       0       0
      Locals:         0       0       0       0       0       0       0
      Temps:          7       0       0       0       0       0       0
      Totals:         7       0       0       0       0       0       0
Total ram usage:        7 bytes
 Hardware stack levels used:    1
 Hardware stack levels required when called:    4
 This function calls:
		_datetime_increase_seconds
		_ds1307_set_time
 This function is called by:
		Interrupt level 2
 This function uses a non-reentrant model


 *************** function _ds1307_set_time *****************
 Defined at:
		line 74 in file "../../lib_comp/ds1307.c"
 Parameters:    Size  Location     Type
  i2c_bus_id      1    wreg     enum E2448
  adr_chip        1   13[COMRAM] unsigned char 
  t               7   14[COMRAM] struct .
 Auto vars:     Size  Location     Type
  i2c_bus_id      1   21[COMRAM] enum E2448
  tmp             1   22[COMRAM] unsigned char 
 Return value:  Size  Location     Type
                  1    wreg      enum E2383
 Registers used:
		wreg, fsr2l, fsr2h, status,2, status,0, prodl, prodh, cstack
 Tracked objects:
		On entry : 
		On exit  : 
		Unchanged: 
 Data sizes:     COMRAM   BANK0   BANK1   BANK2   BANK3   BANK4   BANK5
      Params:         8       0       0       0       0       0       0
      Locals:         2       0       0       0       0       0       0
      Temps:          0       0       0       0       0       0       0
      Totals:        10       0       0       0       0       0       0
Total ram usage:       10 bytes
 Hardware stack levels used:    1
 Hardware stack levels required when called:    2
 This function calls:
		_bin_2_bcd
		i2_i2c_start
		i2_i2c_stop
		i2_i2c_write
 This function is called by:
		_timer2_irq
 This function uses a non-reentrant model


 *************** function i2_i2c_write *****************
 Defined at:
		line 364 in file "../../lib_pic/i2c.c"
 Parameters:    Size  Location     Type
  bus_id          1    wreg     enum E2394
  data            1    1[COMRAM] unsigned char 
 Auto vars:     Size  Location     Type
  bus_id          1    2[COMRAM] enum E2394
  i2c_write       1    3[COMRAM] enum E2383
 Return value:  Size  Location     Type
                  1    wreg      enum E2383
 Registers used:
		wreg, status,2, status,0, cstack
 Tracked objects:
		On entry : 
		On exit  : 
		Unchanged: 
 Data sizes:     COMRAM   BANK0   BANK1   BANK2   BANK3   BANK4   BANK5
      Params:         1       0       0       0       0       0       0
      Locals:         2       0       0       0       0       0       0
      Temps:          0       0       0       0       0       0       0
      Totals:         3       0       0       0       0       0       0
Total ram usage:        3 bytes
 Hardware stack levels used:    1
 Hardware stack levels required when called:    1
 This function calls:
		i2_i2c_wait_ack
 This function is called by:
		_ds1307_set_time
 This function uses a non-reentrant model


 *************** function i2_i2c_wait_ack *****************
 Defined at:
		line 259 in file "../../lib_pic/i2c.c"
 Parameters:    Size  Location     Type
  bus_id          1    wreg     enum E2394
 Auto vars:     Size  Location     Type
  bus_id          1  (no storage) enum E2394
  i2c_wait_ack    1    0[COMRAM] unsigned char 
 Return value:  Size  Location     Type
                  1    wreg      enum E2383
 Registers used:
		wreg, status,2, status,0
 Tracked objects:
		On entry : 
		On exit  : 
		Unchanged: 
 Data sizes:     COMRAM   BANK0   BANK1   BANK2   BANK3   BANK4   BANK5
      Params:         0       0       0       0       0       0       0
      Locals:         1       0       0       0       0       0       0
      Temps:          0       0       0       0       0       0       0
      Totals:         1       0       0       0       0       0       0
Total ram usage:        1 bytes
 Hardware stack levels used:    1
 This function calls:
		Nothing
 This function is called by:
		i2_i2c_write
 This function uses a non-reentrant model


 *************** function i2_i2c_stop *****************
 Defined at:
		line 412 in file "../../lib_pic/i2c.c"
 Parameters:    Size  Location     Type
  bus_id          1    wreg     enum E2394
 Auto vars:     Size  Location     Type
  bus_id          1  (no storage) enum E2394
 Return value:  Size  Location     Type
                  1    wreg      enum E2383
 Registers used:
		wreg
 Tracked objects:
		On entry : 
		On exit  : 
		Unchanged: 
 Data sizes:     COMRAM   BANK0   BANK1   BANK2   BANK3   BANK4   BANK5
      Params:         0       0       0       0       0       0       0
      Locals:         0       0       0       0       0       0       0
      Temps:          0       0       0       0       0       0       0
      Totals:         0       0       0       0       0       0       0
Total ram usage:        0 bytes
 Hardware stack levels used:    1
 This function calls:
		Nothing
 This function is called by:
		_ds1307_set_time
 This function uses a non-reentrant model


 *************** function i2_i2c_start *****************
 Defined at:
		line 137 in file "../../lib_pic/i2c.c"
 Parameters:    Size  Location     Type
  bus_id          1    wreg     enum E2394
 Auto vars:     Size  Location     Type
  bus_id          1  (no storage) enum E2394
  i2c_start       1    0        enum E2383
 Return value:  Size  Location     Type
                  1    wreg      enum E2383
 Registers used:
		wreg, status,2
 Tracked objects:
		On entry : 
		On exit  : 
		Unchanged: 
 Data sizes:     COMRAM   BANK0   BANK1   BANK2   BANK3   BANK4   BANK5
      Params:         0       0       0       0       0       0       0
      Locals:         1       0       0       0       0       0       0
      Temps:          0       0       0       0       0       0       0
      Totals:         1       0       0       0       0       0       0
Total ram usage:        1 bytes
 Hardware stack levels used:    1
 This function calls:
		Nothing
 This function is called by:
		_ds1307_set_time
 This function uses a non-reentrant model


 *************** function _bin_2_bcd *****************
 Defined at:
		line 124 in file "../../lib_misc/bcd.c"
 Parameters:    Size  Location     Type
  bin             1    wreg     unsigned char 
  bcd             2    8[COMRAM] PTR unsigned char 
		 -> ds1307_set_time@tmp(1), 
 Auto vars:     Size  Location     Type
  bin             1   12[COMRAM] unsigned char 
 Return value:  Size  Location     Type
                  1    wreg      void 
 Registers used:
		wreg, fsr2l, fsr2h, status,2, status,0, prodl, prodh, cstack
 Tracked objects:
		On entry : 
		On exit  : 
		Unchanged: 
 Data sizes:     COMRAM   BANK0   BANK1   BANK2   BANK3   BANK4   BANK5
      Params:         2       0       0       0       0       0       0
      Locals:         1       0       0       0       0       0       0
      Temps:          2       0       0       0       0       0       0
      Totals:         5       0       0       0       0       0       0
Total ram usage:        5 bytes
 Hardware stack levels used:    1
 Hardware stack levels required when called:    1
 This function calls:
		___awdiv
		___awmod
 This function is called by:
		_ds1307_set_time
 This function uses a non-reentrant model


 *************** function ___awmod *****************
 Defined at:
		line 7 in file "C:\Programs\Microchip\xc8\v2.10\pic\sources\c99\common\awmod.c"
 Parameters:    Size  Location     Type
  dividend        2    0[COMRAM] int 
  divisor         2    2[COMRAM] int 
 Auto vars:     Size  Location     Type
  sign            1    5[COMRAM] unsigned char 
  counter         1    4[COMRAM] unsigned char 
 Return value:  Size  Location     Type
                  2    0[COMRAM] int 
 Registers used:
		wreg, status,2, status,0
 Tracked objects:
		On entry : 
		On exit  : 
		Unchanged: 
 Data sizes:     COMRAM   BANK0   BANK1   BANK2   BANK3   BANK4   BANK5
      Params:         4       0       0       0       0       0       0
      Locals:         2       0       0       0       0       0       0
      Temps:          0       0       0       0       0       0       0
      Totals:         6       0       0       0       0       0       0
Total ram usage:        6 bytes
 Hardware stack levels used:    1
 This function calls:
		Nothing
 This function is called by:
		_bin_2_bcd
 This function uses a non-reentrant model


 *************** function ___awdiv *****************
 Defined at:
		line 7 in file "C:\Programs\Microchip\xc8\v2.10\pic\sources\c99\common\awdiv.c"
 Parameters:    Size  Location     Type
  dividend        2    0[COMRAM] int 
  divisor         2    2[COMRAM] int 
 Auto vars:     Size  Location     Type
  quotient        2    6[COMRAM] int 
  sign            1    5[COMRAM] unsigned char 
  counter         1    4[COMRAM] unsigned char 
 Return value:  Size  Location     Type
                  2    0[COMRAM] int 
 Registers used:
		wreg, status,2, status,0
 Tracked objects:
		On entry : 
		On exit  : 
		Unchanged: 
 Data sizes:     COMRAM   BANK0   BANK1   BANK2   BANK3   BANK4   BANK5
      Params:         4       0       0       0       0       0       0
      Locals:         4       0       0       0       0       0       0
      Temps:          0       0       0       0       0       0       0
      Totals:         8       0       0       0       0       0       0
Total ram usage:        8 bytes
 Hardware stack levels used:    1
 This function calls:
		Nothing
 This function is called by:
		_bin_2_bcd
 This function uses a non-reentrant model


 *************** function _datetime_increase_seconds *****************
 Defined at:
		line 18 in file "../../lib_misc/date_time.c"
 Parameters:    Size  Location     Type
  t               2    9[COMRAM] PTR struct .
		 -> t(7), 
 Auto vars:     Size  Location     Type
		None
 Return value:  Size  Location     Type
                  1    wreg      void 
 Registers used:
		wreg, fsr2l, fsr2h, status,2, status,0, cstack
 Tracked objects:
		On entry : 
		On exit  : 
		Unchanged: 
 Data sizes:     COMRAM   BANK0   BANK1   BANK2   BANK3   BANK4   BANK5
      Params:         2       0       0       0       0       0       0
      Locals:         0       0       0       0       0       0       0
      Temps:          1       0       0       0       0       0       0
      Totals:         3       0       0       0       0       0       0
Total ram usage:        3 bytes
 Hardware stack levels used:    1
 Hardware stack levels required when called:    3
 This function calls:
		i2_datetime_increase_minutes
 This function is called by:
		_timer2_irq
 This function uses a non-reentrant model


 *************** function i2_datetime_increase_minutes *****************
 Defined at:
		line 44 in file "../../lib_misc/date_time.c"
 Parameters:    Size  Location     Type
  t               2    6[COMRAM] PTR struct .
		 -> t(7), 
 Auto vars:     Size  Location     Type
		None
 Return value:  Size  Location     Type
                  1    wreg      void 
 Registers used:
		wreg, fsr2l, fsr2h, status,2, status,0, cstack
 Tracked objects:
		On entry : 
		On exit  : 
		Unchanged: 
 Data sizes:     COMRAM   BANK0   BANK1   BANK2   BANK3   BANK4   BANK5
      Params:         2       0       0       0       0       0       0
      Locals:         0       0       0       0       0       0       0
      Temps:          1       0       0       0       0       0       0
      Totals:         3       0       0       0       0       0       0
Total ram usage:        3 bytes
 Hardware stack levels used:    1
 Hardware stack levels required when called:    2
 This function calls:
		i2_datetime_increase_hours
 This function is called by:
		_datetime_increase_seconds
 This function uses a non-reentrant model


 *************** function i2_datetime_increase_hours *****************
 Defined at:
		line 70 in file "../../lib_misc/date_time.c"
 Parameters:    Size  Location     Type
  t               2    3[COMRAM] PTR struct .
		 -> t(7), 
 Auto vars:     Size  Location     Type
		None
 Return value:  Size  Location     Type
                  1    wreg      void 
 Registers used:
		wreg, fsr2l, fsr2h, status,2, status,0, cstack
 Tracked objects:
		On entry : 
		On exit  : 
		Unchanged: 
 Data sizes:     COMRAM   BANK0   BANK1   BANK2   BANK3   BANK4   BANK5
      Params:         2       0       0       0       0       0       0
      Locals:         0       0       0       0       0       0       0
      Temps:          1       0       0       0       0       0       0
      Totals:         3       0       0       0       0       0       0
Total ram usage:        3 bytes
 Hardware stack levels used:    1
 Hardware stack levels required when called:    1
 This function calls:
		i2_datetime_increase_days
 This function is called by:
		i2_datetime_increase_minutes
 This function uses a non-reentrant model


 *************** function i2_datetime_increase_days *****************
 Defined at:
		line 95 in file "../../lib_misc/date_time.c"
 Parameters:    Size  Location     Type
  t               2    0[COMRAM] PTR struct .
		 -> t(7), 
 Auto vars:     Size  Location     Type
		None
 Return value:  Size  Location     Type
                  1    wreg      void 
 Registers used:
		wreg, fsr2l, fsr2h, status,2, status,0
 Tracked objects:
		On entry : 
		On exit  : 
		Unchanged: 
 Data sizes:     COMRAM   BANK0   BANK1   BANK2   BANK3   BANK4   BANK5
      Params:         2       0       0       0       0       0       0
      Locals:         0       0       0       0       0       0       0
      Temps:          1       0       0       0       0       0       0
      Totals:         3       0       0       0       0       0       0
Total ram usage:        3 bytes
 Hardware stack levels used:    1
 This function calls:
		Nothing
 This function is called by:
		i2_datetime_increase_hours
 This function uses a non-reentrant model



MODULE INFORMATION

Module		Function		Class		Link	Load	Size
C:\Programs\Microchip\xc8\v2.10\pic\sources\c99\common\__lldiv.c
		___lldiv       		CODE           	10A6	0000	191

C:\Programs\Microchip\xc8\v2.10\pic\sources\c99\common\__lldiv.c estimated size: 191

../../lib_misc/delays.c
		_delay_ms      		CODE           	12F6	0000	95

../../lib_misc/delays.c estimated size: 95

../../lib_comp/ds1307.c
		_ds1307_get_time		CODE           	09D4	0000	469
		_ds1307_set_time		CODE           	07FA	0000	475
		_ds1307_init   		CODE           	1164	0000	161

../../lib_comp/ds1307.c estimated size: 1105

../../lib_pic/timer.c
		_timer2_init   		CODE           	1826	0000	51

../../lib_pic/timer.c estimated size: 51

../../lib_comp/pcf8574.c
		_pcf8574_write_port		CODE           	1204	0000	125

../../lib_comp/pcf8574.c estimated size: 125

../../lib_pic/i2c.c
		_i2c_start     		CODE           	18C2	0000	31
		_i2c_write     		CODE           	193A	0000	25
		_i2c_rstart    		CODE           	18E0	0000	31
		_i2c_stop      		CODE           	18A4	0000	31
		_i2c_read      		CODE           	17B8	0000	57
		_i2c_init      		CODE           	1280	0000	119
		_i2c_wait_ack  		CODE           	1354	0000	91
		_i2c_read_reg  		CODE           	0CE6	0000	271
		_i2c_send_ack  		CODE           	1858	0000	39

../../lib_pic/i2c.c estimated size: 695

C:\Programs\Microchip\xc8\v2.10\pic\sources\c99\common\awmod.c
		___awmod       		CODE           	0FCA	0000	221

C:\Programs\Microchip\xc8\v2.10\pic\sources\c99\common\awmod.c estimated size: 221

../../lib_misc/bcd.c
		_bcd_2_bin     		CODE           	187E	0000	39
		_dec_2_bcd     		CODE           	0BA8	0000	319
		_bin_2_bcd     		CODE           	1732	0000	71

../../lib_misc/bcd.c estimated size: 429

../../lib_pic/pwm.c
		_pwm_set_duty  		CODE           	0EE4	0000	231
		_pwm_init      		CODE           	1778	0000	65

../../lib_pic/pwm.c estimated size: 296

../../lib_misc/date_time.c
		_datetime_decrease_days		CODE           	169A	0000	77
		_datetime_increase_days		CODE           	1602	0000	77
		_datetime_decrease_hours		CODE           	164E	0000	77
		_datetime_increase_hours		CODE           	15B6	0000	77
		_datetime_increase_seconds		CODE           	14B8	0000	89
		_datetime_decrease_minutes		CODE           	1460	0000	89
		_datetime_increase_minutes		CODE           	1408	0000	89

../../lib_misc/date_time.c estimated size: 575

shared
		i2_i2c_write   		CODE           	1952	0000	25
		i2_i2c_stop    		CODE           	18FE	0000	31
		i2_i2c_wait_ack		CODE           	13AE	0000	91
		i2_i2c_start   		CODE           	191C	0000	31
		__initialization		CODE           	17F0	0000	45
		i2_datetime_increase_hours		CODE           	16E6	0000	77
		i2_datetime_increase_minutes		CODE           	1510	0000	89
		i2_datetime_increase_days		CODE           	1568	0000	77

shared estimated size: 466

C:\Programs\Microchip\xc8\v2.10\pic\sources\c99\common\awdiv.c
		___awdiv       		CODE           	0DF4	0000	241

C:\Programs\Microchip\xc8\v2.10\pic\sources\c99\common\awdiv.c estimated size: 241

main.c
		_timer2_irq    		CODE           	0008	0000	803
		_main          		CODE           	032E	0000	1229

main.c estimated size: 2032

